******************************************************************************
                  TI ARM Linker Unix v20.2.5                   
******************************************************************************
>> Linked Sat Nov 13 13:30:06 2021

OUTPUT FILE NAME:   <zzzz_project.out>
ENTRY POINT SYMBOL: "_c_int00"  address: 000121e9


MEMORY CONFIGURATION

         name            origin    length      used     unused   attr    fill
----------------------  --------  ---------  --------  --------  ----  --------
  MAIN                  00000000   00200000  00018262  001e7d9e  R  X
  INFO                  00200000   00008000  00000000  00008000  R  X
  SRAM_CODE             01000000   00040000  0000a5c2  00035a3e  RW X
  SRAM_DATA             20000000   00040000  0000a5c2  00035a3e  RW  


SEGMENT ALLOCATION MAP

run origin  load origin   length   init length attrs members
----------  ----------- ---------- ----------- ----- -------
00000000    00000000    00018268   00018268    r-x
  00000000    00000000    0000003c   0000003c    r-- .resetVecs
  00000040    00000040    000173b2   000173b2    r-x .text
  000173f4    000173f4    00000b1c   00000b1c    r-- .const
  00017f10    00017f10    00000358   00000358    r-- .cinit
20000140    20000140    00008000   00000000    r--
  20000140    20000140    00008000   00000000    r-- .priheap
20008200    20008200    00002084   00000000    rw-
  20008200    20008200    0000182a   00000000    rw- .bss
  20009a2c    20009a2c    00000858   00000000    rw- .data
2003fc00    2003fc00    00000400   00000000    rw-
  2003fc00    2003fc00    00000400   00000000    rw- .stack


SECTION ALLOCATION MAP

 output                                  attributes/
section   page    origin      length       input sections
--------  ----  ----------  ----------   ----------------
.text      0    00000040    000173b2     
                  00000040    00000a4e     rtsv7M4_T_le_v4SPD16_eabi.lib : _printfi.c.obj (.text:__TI_printfi)
                  00000a8e    00000002     ti_drivers_config.obj (.text:Board_initHook)
                  00000a90    000008e8     simplelink.a : driver.obj (.text:_SlDrvMsgRead)
                  00001378    0000050c     mqtt_client_app.obj (.text:mainThread)
                  00001884    000004bc     simplelink.a : sl_socket.obj (.text:_SlSocketHandleAsync_Select)
                  00001d40    00000384                  : driver.obj (.text:_SlDrvMsgWrite)
                  000020c4    00000320     network_if.obj (.text:Network_IF_ConnectAP)
                  000023e4    0000030c     simplelink.a : driver.obj (.text:_SlDrvReleasePoolObj)
                  000026f0    000002d8     drivers_msp432p4x1xi.aem4f : UARTMSP432.oem4f (.text:UARTMSP432_open)
                  000029c8    000002d8     simplelink.a : driver.obj (.text:_SlDrvRxHdrRead)
                  00002ca0    000002d4     drivers_msp432p4x1xi.aem4f : PowerMSP432.oem4f (.text:Power_sleep)
                  00002f74    000002d0     simplelink.a : driver.obj (.text:_SlDrvWaitForPoolObj)
                  00003244    000002b8     mqtt_if.obj (.text:MQTTAppThread)
                  000034fc    000002b0     simplelink.a : wlan.obj (.text:sl_WlanProfileAdd)
                  000037ac    000002ac                  : sl_socket.obj (.text:sl_Select)
                  00003a58    000002a0     rtsv7M4_T_le_v4SPD16_eabi.lib : mktime.c.obj (.text:__mktime32)
                  00003cf8    00000290     mqtt_client_app.obj (.text:WifiInit)
                  00003f88    0000028d     network_if.obj (.text:SimpleLinkSockEventHandler)
                  00004215    00000001     --HOLE-- [fill = 0]
                  00004216    00000002     simplelink.a : cc_pal.obj (.text:NwpMaskInterrupt)
                  00004218    0000028c     drivers_msp432p4x1xi.aem4f : SPIMSP432DMA.oem4f (.text:SPIMSP432DMA_open)
                  000044a4    0000028a     msp432p4xx_driverlib.lib : pcm.o (.text:__PCM_setPowerStateAdvanced)
                  0000472e    00000002     simplelink.a : cc_pal.obj (.text:NwpUnMaskInterrupt)
                  00004730    00000284     drivers_msp432p4x1xi.aem4f : PowerMSP432.oem4f (.text:initPerfControl)
                  000049b4    0000027c     simplelink.a : wlan.obj (.text:sl_WlanConnect)
                  00004c30    00000270     rtsv7M4_T_le_v4SPD16_eabi.lib : _printfi.c.obj (.text:_pconv_a)
                  00004ea0    00000264     network_if.obj (.text:Network_IF_InitDriver)
                  00005104    0000025c     simplelink.a : driver.obj (.text:_SlDrvDataReadOp)
                  00005360    0000024c     mqtt_if.obj (.text:MQTT_IF_Connect)
                  000055ac    00000238     mqtt_client_app.obj (.text:DisplayAppBanner)
                  000057e4    0000022c     mqtt_client_app.obj (.text:MQTT_EventCallback)
                  00005a10    00000218     simplelink.a : driver.obj (.text:_SlDrvDataWriteOp)
                  00005c28    000001f4                  : driver.obj (.text:_SlDrvMsgReadCmdCtx)
                  00005e1c    000001f2                  : netapp.obj (.text:_SlNetAppEventHandler)
                  0000600e    00000002     dpl_msp432p4x1xi.aem4f : PowerMSP432_tirtos.oem4f (.text:PowerMSP432_initPolicy)
                  00006010    000001e8     mqtt_if.obj (.text:MQTT_IF_Subscribe)
                  000061f8    000001e1     network_if.obj (.text:SimpleLinkFatalErrorEventHandler)
                  000063d9    00000001     --HOLE-- [fill = 0]
                  000063da    00000002     drivers_msp432p4x1xi.aem4f : TimerMSP432.oem4f (.text:TimerMSP432_init)
                  000063dc    000001dc     simplelink.a : device.obj (.text:sl_Stop)
                  000065b8    000001d8     network_if.obj (.text:SimpleLinkWlanEventHandler)
                  00006790    000001d0     rtsv7M4_T_le_v4SPD16_eabi.lib : _printfi.c.obj (.text:_pconv_g)
                  00006960    000001cc     mqtt_client_app.obj (.text:read_dht11)
                  00006b2c    000001b6     rtsv7M4_T_le_v4SPD16_eabi.lib : fd_add_t2.asm.obj (.text)
                  00006ce2    00000006     drivers_msp432p4x1xi.aem4f : SPIMSP432DMA.oem4f (.text:SPIMSP432DMA_control)
                  00006ce8    000001b0     sysbios.aem4f : BIOS.obj (.text:mq_open)
                  00006e98    000001a8     simplelink.a : sl_socket.obj (.text:sl_Accept)
                  00007040    000001a4                  : driver.obj (.text:_SlDrvDriverCBInit)
                  000071e4    000001a4                  : driver.obj (.text:_SlDrvReleaseAllActivePendingPoolObj)
                  00007388    000001a0     mqtt_if.obj (.text:MQTT_IF_Init)
                  00007528    00000198     slnetsock_release.a : slnetsock.oem4f (.text:SlNetSock_select)
                  000076c0    00000190     simplelink.a : sl_socket.obj (.text:_SlDrvRegisterForSelectAsync)
                  00007850    00000184                  : driver.obj (.text:_SlDrvFindAndSetActiveObj)
                  000079d4    00000180     network_if.obj (.text:SimpleLinkNetAppEventHandler)
                  00007b54    00000178     simplelink.a : sl_socket.obj (.text:sl_Connect)
                  00007ccc    00000170     drivers_msp432p4x1xi.aem4f : GPIOMSP432.oem4f (.text:GPIO_setConfig)
                  00007e3c    00000170     simplelink.a : netapp.obj (.text:sl_NetAppDnsGetHostByName)
                  00007fac    0000016c     mqtt_if.obj (.text:MQTT_IF_Deinit)
                  00008118    00000160     mqtt_release.a : mqtt_net_func.oem4f (.text:createSocket)
                  00008278    0000015c     msp432p4xx_driverlib.lib : pcm.o (.text:__PCM_setPowerModeAdvanced)
                  000083d4    00000154     mqtt_release.a : mqttclient.oem4f (.text:MQTTClient_connect)
                  00008528    00000154     simplelink.a : sl_socket.obj (.text:sl_RecvFrom)
                  0000867c    0000014c     drivers_msp432p4x1xi.aem4f : TimerMSP432.oem4f (.text:TimerMSP432_open)
                  000087c8    00000148     simplelink.a : sl_socket.obj (.text:_SlDrvGetNextTimeoutValue)
                  00008910    00000148                  : sl_socket.obj (.text:sl_StartTLS)
                  00008a58    00000140                  : driver.obj (.text:_SlDrvMsgReadSpawnCtx)
                  00008b98    0000013c     rtsv7M4_T_le_v4SPD16_eabi.lib : _printfi.c.obj (.text:_pconv_e)
                  00008cd4    00000138     simplelink.a : driver.obj (.text:_SlSpawnMsgListInsert)
                  00008e0c    00000136     rtsv7M4_T_le_v4SPD16_eabi.lib : fd_div_t2.asm.obj (.text)
                  00008f42    00000002     drivers_msp432p4x1xi.aem4f : UARTMSP432.oem4f (.text:UARTMSP432_init)
                  00008f44    00000134     simplelink.a : sl_socket.obj (.text:_SlSocketHandleAsync_StartTLS)
                  00009078    00000130     drivers_msp432p4x1xi.aem4f : UDMAMSP432.oem4f (.text:setupInterrupt)
                  000091a8    0000012c     sysbios.aem4f : BIOS.obj (.text:ti_sysbios_knl_Semaphore_pend__E)
                  000092d4    00000128     simplelink.a : driver.obj (.text:_SlDrvClassifyRxMsg)
                  000093fc    00000124     rtsv7M4_T_le_v4SPD16_eabi.lib : _printfi.c.obj (.text:fcvt)
                  00009520    00000124     simplelink.a : fs.obj (.text:sl_FsOpen)
                  00009644    00000120     drivers_msp432p4x1xi.aem4f : SPIMSP432DMA.oem4f (.text:SPIMSP432DMA_transfer)
                  00009764    00000120     simplelink.a : driver.obj (.text:_SlDrvAsyncEventGenericHandler)
                  00009884    0000011c     msp432p4xx_driverlib.lib : uart.o (.text:UART_initModule)
                  000099a0    0000011c     simplelink.a : device.obj (.text:sl_Start)
                  00009abc    00000118                  : netapp.obj (.text:_SlNetAppHandleAsync_DnsGetHostByService)
                  00009bd4    00000112     mqtt_release.a : mqtt_common.oem4f (.text:MQTT_PacketRecv)
                  00009ce6    00000002     rtsv7M4_T_le_v4SPD16_eabi.lib : _lock.c.obj (.text:_nop)
                  00009ce8    00000110                                   : s_scalbn.c.obj (.text:scalbn)
                  00009df8    00000110                                   : strtoul.c.obj (.text:strtoul)
                  00009f08    00000108     slnetsock_release.a : slnetutils.oem4f (.text:SlNetUtil_str2BinIpV6)
                  0000a010    00000108     msp432p4xx_driverlib.lib : pcm.o (.text:__PCM_setCoreVoltageLevelAdvanced)
                  0000a118    00000108     sysbios.aem4f : BIOS.obj (.text:ti_sysbios_knl_Task_postInit__I)
                  0000a220    00000108                   : BIOS.obj (.text:xdc_runtime_Startup_startMods__I)
                  0000a328    00000104     simplelink.a : device.obj (.text:_SlDeviceEventHandler)
                  0000a42c    00000104                  : driver.obj (.text:_SlDrvCmdOp)
                  0000a530    00000104     sysbios.aem4f : BIOS.obj (.text:ti_sysbios_knl_Task_Instance_finalize__E)
                  0000a634    00000100     mqtt_if.obj (.text:MQTTClientCallback)
                  0000a734    00000100     simplelink.a : driver.obj (.text:_SlDrvObjGlobalLockWaitForever)
                  0000a834    00000100                  : fs.obj (.text:sl_FsWrite)
                  0000a934    000000fc     drivers_msp432p4x1xi.aem4f : SPIMSP432DMA.oem4f (.text:SPIMSP432DMA_transferCancel)
                  0000aa30    000000fc                                : SPIMSP432DMA.oem4f (.text:configDMA)
                  0000ab2c    000000fc     rtsv7M4_T_le_v4SPD16_eabi.lib : fd_mul_t2.asm.obj (.text)
                  0000ac28    000000f8     mqtt_release.a : mqttclient.oem4f (.text:MqttClientCtxCreate)
                  0000ad20    000000f8     slnetifwifi.a : slnetifwifi.obj (.text:SlNetIfWifi_loadSecObj)
                  0000ae18    000000f8     simplelink.a : sl_socket.obj (.text:sl_Close)
                  0000af10    000000f8     mqtt_release.a : client_core.oem4f (.text:utf8ArraySend)
                  0000b008    000000f6                    : mqtt_net_func.oem4f (.text:MQTTNet_commOpen)
                  0000b0fe    00000002     rtsv7M4_T_le_v4SPD16_eabi.lib : div0.asm.obj (.text)
                  0000b100    000000f4     simplelink.a : sl_socket.obj (.text:sl_SendTo)
                  0000b1f4    000000f0     msp432p4xx_driverlib.lib : dma.o (.text:DMA_setChannelTransfer)
                  0000b2e4    00000004     release_pem4f.oem4f (.text:.bootCodeSection:ti_sysbios_family_arm_msp432_init_Boot_init__I)
                  0000b2e8    000000f0     sysbios.aem4f : BIOS.obj (.text:pthread_create)
                  0000b3d8    000000f0                   : m3_Hwi_asm.obj (.text:ti_sysbios_family_arm_m3_Hwi_dispatch__I)
                  0000b4c8    000000e4     msp432p4xx_driverlib.lib : cs.o (.text:CS_startHFXTWithTimeout)
                  0000b5ac    000000e4     slnetsock_release.a : slnetif.oem4f (.text:SlNetIf_add)
                  0000b690    000000e0     msp432p4xx_driverlib.lib : cs.o (.text:CS_startLFXTWithTimeout)
                  0000b770    000000e0     sysbios.aem4f : BIOS.obj (.text:ti_sysbios_knl_Task_Instance_init__E)
                  0000b850    000000de     mqtt_release.a : client_core.oem4f (.text:connectMsgSend)
                  0000b92e    00000002     release_pem4f.oem4f (.text:ti_sysbios_BIOS_nullFunc__I)
                  0000b930    000000dc     drivers_msp432p4x1xi.aem4f : UARTMSP432.oem4f (.text:UARTMSP432_readPolling)
                  0000ba0c    000000dc                                : UDMAMSP432.oem4f (.text:UDMAMSP432_close)
                  0000bae8    000000dc     msp432p4xx_driverlib.lib : cs.o (.text:_CSGetHFXTFrequency)
                  0000bbc4    000000d8     uart_term.obj (.text:GetCmd)
                  0000bc9c    000000d8     simplelink.a : device.obj (.text:_SlDeviceHandleAsync_InitComplete)
                  0000bd74    000000d8                  : driver.obj (.text:_SlDrvWaitForInternalAsyncEvent)
                  0000be4c    000000d8                  : netapp.obj (.text:_SlNetAppHandleAsync_NetAppReceive)
                  0000bf24    00000004     msp432p4xx_driverlib.lib : cpu.o (.text:CPU_wfi)
                  0000bf28    000000d8     sysbios.aem4f : BIOS.obj (.text:ti_sysbios_knl_Mailbox_Instance_init__E)
                  0000c000    000000d0     simplelink.a : driver.obj (.text:_SlDrvDriverCBDeinit)
                  0000c0d0    000000d0                  : driver.obj (.text:_SlDrvRemoveFromList)
                  0000c1a0    000000d0     sysbios.aem4f : BIOS.obj (.text:ti_sysbios_heaps_HeapMem_alloc__E)
                  0000c270    000000cc     mqtt_release.a : mqttclient.oem4f (.text:processNotifyAckCB)
                  0000c33c    000000c4     drivers_msp432p4x1xi.aem4f : UARTMSP432.oem4f (.text:UARTMSP432_hwiIntFxn)
                  0000c400    000000c4     sysbios.aem4f : BIOS.obj (.text:clock_gettime)
                  0000c4c4    000000c0     mqtt_if.obj (.text:MQTT_IF_Disconnect)
                  0000c584    000000c0     mqtt_release.a : mqttclient.oem4f (.text:MqttClientSub)
                  0000c644    000000c0     drivers_msp432p4x1xi.aem4f : UARTMSP432.oem4f (.text:UARTMSP432_control)
                  0000c704    000000c0     simplelink.a : netcfg.obj (.text:sl_NetCfgGet)
                  0000c7c4    000000bc     drivers_msp432p4x1xi.aem4f : TimerMSP432.oem4f (.text:TimerMSP432_setPeriod)
                  0000c880    000000bc                                : TimerMSP432.oem4f (.text:TimerMSP432_start)
                  0000c93c    000000bc     simplelink.a : netapp.obj (.text:_SlNetAppSendResponse)
                  0000c9f8    000000bc     mqtt_release.a : client_core.oem4f (.text:clCtxConnStateTryLocked)
                  0000cab4    000000bc     simplelink.a : sl_socket.obj (.text:sl_Send)
                  0000cb70    000000bc     sysbios.aem4f : BIOS.obj (.text:ti_sysbios_knl_Task_sleep__E)
                  0000cc2c    000000b8     simplelink.a : netapp.obj (.text:_SlNetAppHandleAsync_DnsGetHostByName)
                  0000cce4    000000b8                  : netapp.obj (.text:_SlNetAppHandleAsync_PingResponse)
                  0000cd9c    000000b8     drivers_msp432p4x1xi.aem4f : UARTMSP432.oem4f (.text:initHw)
                  0000ce54    000000b8     mqtt_client_app.obj (.text:pushButtonConnectionHandler)
                  0000cf0c    000000b8     drivers_msp432p4x1xi.aem4f : UARTMSP432.oem4f (.text:readTaskCallback)
                  0000cfc4    000000b8     simplelink.a : device.obj (.text:sl_DeviceGet)
                  0000d07c    000000b8                  : wlan.obj (.text:sl_WlanGet)
                  0000d134    00000004     dpl_msp432p4x1xi.aem4f : ClockP_tirtos.oem4f (.text:ClockP_setTimeout)
                  0000d138    000000b8     sysbios.aem4f : BIOS.obj (.text:ti_sysbios_family_arm_m3_Hwi_Instance_init__E)
                  0000d1f0    000000b4     mqtt_release.a : mqttclient.oem4f (.text:MqttClient_send)
                  0000d2a4    000000b4     drivers_msp432p4x1xi.aem4f : UARTMSP432.oem4f (.text:UARTMSP432_writePolling)
                  0000d358    000000b4     simplelink.a : driver.obj (.text:_SlDrvHandleFatalError)
                  0000d40c    000000b4                  : netutil.obj (.text:_SlNetUtilHandleAsync_Cmd)
                  0000d4c0    000000b4                  : sl_socket.obj (.text:sl_GetSockOpt)
                  0000d574    000000b4                  : cc_pal.obj (.text:spi_Read)
                  0000d628    000000b4                  : cc_pal.obj (.text:spi_Write)
                  0000d6dc    000000b1     rtsv7M4_T_le_v4SPD16_eabi.lib : _printfi.c.obj (.text:_ltostr)
                  0000d78d    00000001     --HOLE-- [fill = 0]
                  0000d78e    000000b0     msp432p4xx_driverlib.lib : spi.o (.text:SPI_initMaster)
                  0000d83e    00000002     --HOLE-- [fill = 0]
                  0000d840    000000b0     slnetifwifi.a : slnetifwifi.obj (.text:SlNetIfWifi_getSockOpt)
                  0000d8f0    000000b0     sysbios.aem4f : BIOS.obj (.text:ti_sysbios_knl_Clock_workFuncDynamic__E)
                  0000d9a0    000000ae     slnetifwifi.a : slnetifwifi.obj (.text:matchModeByRole)
                  0000da4e    00000002     --HOLE-- [fill = 0]
                  0000da50    000000ac     drivers_msp432p4x1xi.aem4f : GPIOMSP432.oem4f (.text:GPIO_init)
                  0000dafc    000000ac     simplelink.a : sl_socket.obj (.text:_SlSocketHandleAsync_Close)
                  0000dba8    000000ac                  : sl_socket.obj (.text:_SlSocketHandleAsync_Connect)
                  0000dc54    00000004     dpl_msp432p4x1xi.aem4f : ClockP_tirtos.oem4f (.text:ClockP_start)
                  0000dc58    000000aa     sysbios.aem4f : BIOS.obj (.text:xdc_runtime_Core_createObject__I)
                  0000dd02    00000002     --HOLE-- [fill = 0]
                  0000dd04    000000a8     network_if.obj (.text:Network_IF_IpConfigGet)
                  0000ddac    000000a8     drivers_msp432p4x1xi.aem4f : UARTMSP432.oem4f (.text:readTaskBlocking)
                  0000de54    000000a8     simplelink.a : fs.obj (.text:sl_FsClose)
                  0000defc    00000004     dpl_msp432p4x1xi.aem4f : ClockP_tirtos.oem4f (.text:ClockP_stop)
                  0000df00    000000a8     sysbios.aem4f : BIOS.obj (.text:ti_sysbios_family_arm_msp432_Timer_periodicStub__E)
                  0000dfa8    000000a6     uart_term.obj (.text:Report)
                  0000e04e    000000a6     simplelink.a : driver.obj (.text:_SlDrvIsTimeoutExpired)
                  0000e0f4    000000a4     mqtt_release.a : mqttclient.oem4f (.text:MQTTClient_create)
                  0000e198    000000a4                    : mqttclient.oem4f (.text:MQTTClient_delete)
                  0000e23c    000000a4                    : mqttclient.oem4f (.text:MqttClientConfig)
                  0000e2e0    000000a4     drivers_msp432p4x1xi.aem4f : TimerMSP432.oem4f (.text:initTimerHardware)
                  0000e384    000000a4     simplelink.a : sl_socket.obj (.text:sl_Bind)
                  0000e428    000000a4     sysbios.aem4f : BIOS.obj (.text:ti_sysbios_knl_Task_setPri__E)
                  0000e4cc    000000a2     drivers_msp432p4x1xi.aem4f : UARTMSP432.oem4f (.text:UARTMSP432_write)
                  0000e56e    00000002     --HOLE-- [fill = 0]
                  0000e570    000000a0     simplelink.a : fs.obj (.text:FsGetCreateFsMode)
                  0000e610    000000a0                  : sl_socket.obj (.text:_SlDrvUnRegisterForSelectAsync)
                  0000e6b0    000000a0                  : driver.obj (.text:_SlSpawnMsgListProcess)
                  0000e750    000000a0     auto_init.aem4f : auto_init.oem4f (.text)
                  0000e7f0    000000a0     drivers_msp432p4x1xi.aem4f : UARTMSP432.oem4f (.text:readIsrTextCallback)
                  0000e890    0000009c     mqtt_release.a : client_core.oem4f (.text:MQTTClientCore_initLib)
                  0000e92c    0000009c                    : client_core.oem4f (.text:MQTTClientCore_sendPubMsg)
                  0000e9c8    0000009c                    : client_core.oem4f (.text:_msgDispatch)
                  0000ea64    0000009c     rtsv7M4_T_le_v4SPD16_eabi.lib : memcpy_t2.asm.obj (.text)
                  0000eb00    0000009c     drivers_msp432p4x1xi.aem4f : TimerMSP432.oem4f (.text:setT32TickCount)
                  0000eb9c    0000009c                                : TimerMSP432.oem4f (.text:setTATickCount)
                  0000ec38    0000009a     mqtt_release.a : client_core.oem4f (.text:procPubMsgRx)
                  0000ecd2    00000002     --HOLE-- [fill = 0]
                  0000ecd4    00000098     mqtt_if.obj (.text:MQTT_IF_Publish)
                  0000ed6c    00000098     uart_term.obj (.text:TrimSpace)
                  0000ee04    00000098     drivers_msp432p4x1xi.aem4f : UARTMSP432.oem4f (.text:UARTMSP432_close)
                  0000ee9c    00000096     mqtt_release.a : mqtt_net_func.oem4f (.text:MQTTNet_tcpSelect)
                  0000ef32    00000096     rtsv7M4_T_le_v4SPD16_eabi.lib : ull_div_t2.asm.obj (.text)
                  0000efc8    00000094     simplelink.a : cc_pal.obj (.text:Semaphore_pend_handle)
                  0000f05c    00000094     drivers_msp432p4x1xi.aem4f : UDMAMSP432.oem4f (.text:UDMAMSP432_init)
                  0000f0f0    00000094                                : UDMAMSP432.oem4f (.text:UDMAMSP432_open)
                  0000f184    00000004     dpl_msp432p4x1xi.aem4f : HwiP_tirtos.oem4f (.text:HwiP_clearInterrupt)
                  0000f188    00000094     sysbios.aem4f : BIOS.obj (.text:_pthread_removeThreadKeys)
                  0000f21c    00000004     dpl_msp432p4x1xi.aem4f : HwiP_tirtos.oem4f (.text:HwiP_disable)
                  0000f220    00000094     sysbios.aem4f : BIOS.obj (.text:ti_sysbios_family_arm_m3_Hwi_initNVIC__E)
                  0000f2b4    00000004     dpl_msp432p4x1xi.aem4f : HwiP_tirtos.oem4f (.text:HwiP_disableInterrupt)
                  0000f2b8    00000094     sysbios.aem4f : BIOS.obj (.text:ti_sysbios_knl_Task_exit__E)
                  0000f34c    00000092     slnetsock_release.a : slnetsock.oem4f (.text:SlNetSock_create)
                  0000f3de    00000092     drivers_msp432p4x1xi.aem4f : UARTMSP432.oem4f (.text:writeData)
                  0000f470    00000090     slnetsock_release.a : slnetsock.oem4f (.text:SlNetSock_getVirtualSdConf)
                  0000f500    00000090     simplelink.a : device.obj (.text:_SlDeviceHandleAsync_Stop)
                  0000f590    00000090                  : sl_socket.obj (.text:_SlSocketHandleAsync_Accept)
                  0000f620    00000090     mqtt_release.a : mqttclient.oem4f (.text:processPublishRxCB)
                  0000f6b0    00000090     sysbios.aem4f : BIOS.obj (.text:ti_sysbios_knl_Task_Module_startup__E)
                  0000f740    0000008c     mqtt_release.a : client_core.oem4f (.text:MQTTClientCore_createCtx)
                  0000f7cc    0000008c     drivers_msp432p4x1xi.aem4f : PowerMSP432.oem4f (.text:Power_init)
                  0000f858    0000008c     slnetsock_release.a : slnetsock.oem4f (.text:SlNetSock_accept)
                  0000f8e4    0000008c     simplelink.a : driver.obj (.text:_SlDrvDriverIsApiAllowed)
                  0000f970    0000008c                  : driver.obj (.text:_SlDrvProtectAsyncRespSetting)
                  0000f9fc    0000008c     drivers_msp432p4x1xi.aem4f : UARTMSP432.oem4f (.text:readIsrTextBlocking)
                  0000fa88    0000008c     simplelink.a : sl_socket.obj (.text:sl_Recv)
                  0000fb14    0000008c     sysbios.aem4f : m3_TaskSupport_asm.obj (.text:ti_sysbios_family_arm_m3_TaskSupport_buildTaskStack)
                  0000fba0    0000008c                   : BIOS.obj (.text:xdc_runtime_Memory_alloc__E)
                  0000fc2c    00000088     mqtt_release.a : client_core.oem4f (.text:procConnackRx)
                  0000fcb4    00000088     simplelink.a : eventreg.obj (.text:sl_UnregisterLibsEventHandler)
                  0000fd3c    00000004     dpl_msp432p4x1xi.aem4f : HwiP_tirtos.oem4f (.text:HwiP_enableInterrupt)
                  0000fd40    00000088     sysbios.aem4f : BIOS.obj (.text:ti_sysbios_knl_Mailbox_post__E)
                  0000fdc8    00000088     mqtt_release.a : client_core.oem4f (.text:wrConnectPayload)
                  0000fe50    00000086     rtsv7M4_T_le_v4SPD16_eabi.lib : fd_cmp_t2.asm.obj (.text:__aeabi_cdcmple)
                  0000fed6    00000086                                   : fd_cmp_t2.asm.obj (.text:__aeabi_cdrcmple)
                  0000ff5c    00000086     drivers_msp432p4x1xi.aem4f : SPIMSP432DMA.oem4f (.text:initHw)
                  0000ffe2    00000006                                : TimerMSP432.oem4f (.text:TimerMSP432_control)
                  0000ffe8    00000086     sysbios.aem4f : BIOS.obj (.text:xdc_runtime_Core_constructObject__I)
                  0001006e    00000084     mqtt_if.obj (.text:MQTTHelperTopicMatching)
                  000100f2    00000002     --HOLE-- [fill = 0]
                  000100f4    00000084     msp432p4xx_driverlib.lib : pcm.o (.text:PCM_gotoLPM3)
                  00010178    00000084     slnetifwifi.a : slnetifwifi.obj (.text:SlNetIfWifi_sockstartSec)
                  000101fc    00000084     slnetsock_release.a : slnetutils.oem4f (.text:SlNetUtil_getHostByName)
                  00010280    00000084     drivers_msp432p4x1xi.aem4f : TimerMSP432.oem4f (.text:TimerMSP432_stop)
                  00010304    00000084     mqtt_release.a : client_core.oem4f (.text:mqpSetupProcCtxDataRecv)
                  00010388    00000084     drivers_msp432p4x1xi.aem4f : PowerMSP432.oem4f (.text:restartHFXT)
                  0001040c    00000084     simplelink.a : sl_socket.obj (.text:sl_SetSockOpt)
                  00010490    00000084     sysbios.aem4f : BIOS.obj (.text:ti_sysbios_family_arm_m3_Hwi_postInit__I)
                  00010514    00000004     drivers_msp432p4x1xi.aem4f : SPIMSP432DMA.oem4f (.text:SPIMSP432DMA_init)
                  00010518    00000084     sysbios.aem4f : BIOS.obj (.text:ti_sysbios_heaps_HeapMem_free__E)
                  0001059c    00000080     mqtt_release.a : client_core.oem4f (.text:clCtxPartSend)
                  0001061c    0000007c     mqtt_if.obj (.text:MQTTContextThread)
                  00010698    0000007c     sysbios.aem4f : BIOS.obj (.text:_pthread_abstime2ticks)
                  00010714    0000007c     mqtt_release.a : client_core.oem4f (.text:procCtxDataRecv)
                  00010790    0000007a     rtsv7M4_T_le_v4SPD16_eabi.lib : memset_t2.asm.obj (.text)
                  0001080a    00000002     --HOLE-- [fill = 0]
                  0001080c    00000078     mqtt_release.a : mqtt_net_func.oem4f (.text:MQTTNet_recvFrom)
                  00010884    00000078     drivers_msp432p4x1xi.aem4f : TimerMSP432.oem4f (.text:TimerMSP432_allocateTimerResource)
                  000108fc    00000078     simplelink.a : sl_socket.obj (.text:sl_Socket)
                  00010974    00000074     mqtt_release.a : mqtt_net_func.oem4f (.text:MQTTNet_tcpAccept)
                  000109e8    00000074     slnetsock_release.a : slnetsock.oem4f (.text:SlNetSock_AllocVirtualSocket)
                  00010a5c    00000074     mqtt_release.a : client_core.oem4f (.text:groupCtxsRxPrep)
                  00010ad0    00000074     sysbios.aem4f : BIOS.obj (.text:ti_sysbios_knl_Clock_walkQueueDynamic__E)
                  00010b44    00000004     dpl_msp432p4x1xi.aem4f : SemaphoreP_tirtos.oem4f (.text:SemaphoreP_post)
                  00010b48    00000074     sysbios.aem4f : BIOS.obj (.text:ti_sysbios_knl_Mailbox_pend__E)
                  00010bbc    00000072     mqtt_release.a : mqtt_common.oem4f (.text:MQTT_packetProcPubRx)
                  00010c2e    00000002     --HOLE-- [fill = 0]
                  00010c30    00000070     slnetsock_release.a : slnetsock.oem4f (.text:SlNetSock_secAttribSet)
                  00010ca0    00000070     simplelink.a : driver.obj (.text:_SlDrvCmdSend_noLock)
                  00010d10    00000070     sysbios.aem4f : BIOS.obj (.text:acquireMutexNone$47)
                  00010d80    00000070                   : BIOS.obj (.text:ti_sysbios_heaps_HeapMem_initPrimary__I)
                  00010df0    00000070                   : BIOS.obj (.text:ti_sysbios_knl_Mailbox_Instance_finalize__E)
                  00010e60    0000006e     rtsv7M4_T_le_v4SPD16_eabi.lib : _printfi.c.obj (.text:_mcpy)
                  00010ece    0000006e                                   : ll_div_t2.asm.obj (.text)
                  00010f3c    0000006c     mqtt_release.a : mqttclient.oem4f (.text:MQTTClient_run)
                  00010fa8    0000006c     simplelink.a : cc_pal.obj (.text:NwpRegisterInterruptHandler)
                  00011014    0000006c     slnetsock_release.a : slnetutils.oem4f (.text:SlNetUtil_str2BinIpV4)
                  00011080    0000006c     simplelink.a : device.obj (.text:_SlDeviceHandleResetRequestInternally)
                  000110ec    0000006c                  : sl_socket.obj (.text:_SlDrvOpenCtrlSocket)
                  00011158    0000006c                  : netapp.obj (.text:_SlNetAppSendTokenValue)
                  000111c4    0000006c     mqtt_client_app.obj (.text:pushButtonPublishHandler)
                  00011230    0000006c     sysbios.aem4f : BIOS.obj (.text:ti_sysbios_family_arm_msp432_Seconds_get__E)
                  0001129c    00000004     slnetsock_release.a : slnetif.oem4f (.text:SlNetIf_init)
                  000112a0    0000006c     sysbios.aem4f : BIOS.obj (.text:ti_sysbios_knl_Swi_restoreHwi__E)
                  0001130c    0000006a     mqtt_release.a : mqtt_net_func.oem4f (.text:MQTTNet_sendTo)
                  00011376    0000006a     drivers_msp432p4x1xi.aem4f : UARTMSP432.oem4f (.text:UARTMSP432_writeCancel)
                  000113e0    00000068                                : GPIOMSP432.oem4f (.text:GPIO_hwiIntFxn)
                  00011448    00000068     mqtt_release.a : mqtt_common.oem4f (.text:MQTT_qos2PubCqUnlog)
                  000114b0    00000068     drivers_msp432p4x1xi.aem4f : PowerMSP432.oem4f (.text:PowerMSP432_getFreqs)
                  00011518    00000068     simplelink.a : driver.obj (.text:_SlSpawnMsgListGetCount)
                  00011580    00000068     rtsv7M4_T_le_v4SPD16_eabi.lib : copy_decompress_lzss.c.obj (.text:decompress:lzss:__TI_decompress_lzss)
                  000115e8    00000068     main_tirtos.obj (.text:main)
                  00011650    00000068     sysbios.aem4f : BIOS.obj (.text:ti_sysbios_knl_Clock_startI__E)
                  000116b8    00000066                   : BIOS.obj (.text:xdc_runtime_Core_deleteObject__I)
                  0001171e    00000064     mqtt_release.a : mqtt_common.oem4f (.text:MQTT_packetPubAppendTopic)
                  00011782    00000064     drivers_msp432p4x1xi.aem4f : SPIMSP432DMA.oem4f (.text:SPIMSP432DMA_close)
                  000117e6    00000064     mqtt_release.a : client_core.oem4f (.text:clientReset)
                  0001184a    00000002     --HOLE-- [fill = 0]
                  0001184c    00000064                    : client_core.oem4f (.text:doNetClose)
                  000118b0    00000064     rtsv7M4_T_le_v4SPD16_eabi.lib : s_frexp.c.obj (.text:frexp)
                  00011914    00000004     slnetsock_release.a : slnetutils.oem4f (.text:SlNetUtil_init)
                  00011918    00000064     sysbios.aem4f : BIOS.obj (.text:ti_sysbios_family_arm_m3_Hwi_dispatchC__I)
                  0001197c    00000060     drivers_msp432p4x1xi.aem4f : GPIOMSP432.oem4f (.text:GPIO_setCallback)
                  000119dc    00000060     slnetsock_release.a : slnetsock.oem4f (.text:SlNetSock_recvFrom)
                  00011a3c    00000060                         : slnetsock.oem4f (.text:SlNetSock_sendTo)
                  00011a9c    00000004     mqtt_release.a : mqttclient.oem4f (.text:mutexLockup)
                  00011aa0    00000060     sysbios.aem4f : BIOS.obj (.text:pthread_exit)
                  00011b00    00000060     simplelink.a : cc_pal.obj (.text:spi_Open)
                  00011b60    00000060     sysbios.aem4f : BIOS.obj (.text:ti_sysbios_family_arm_msp432_Timer_setNextTick__E)
                  00011bc0    00000060                   : BIOS.obj (.text:ti_sysbios_knl_Semaphore_post__E)
                  00011c20    00000060                   : BIOS.obj (.text:ti_sysbios_knl_Swi_run__I)
                  00011c80    0000005e     msp432p4xx_driverlib.lib : pcm.o (.text:PCM_getCoreVoltageLevel)
                  00011cde    0000005e     slnetifwifi.a : slnetifwifi.obj (.text:SlNetIfWifi_setSockOpt)
                  00011d3c    0000005c     uart_term.obj (.text:InitTerm)
                  00011d98    0000005c     mqtt_release.a : client_core.oem4f (.text:MQTTClientCore_exitLib)
                  00011df4    0000005c                    : mqtt_net_func.oem4f (.text:MQTTNet_tcpListen)
                  00011e50    0000005c     simplelink.a : spawn.obj (.text:_SlInternalSpawn)
                  00011eac    00000004     mqtt_release.a : mqttclient.oem4f (.text:mutexUnlock)
                  00011eb0    0000005c     sysbios.aem4f : BIOS.obj (.text:ti_sysbios_family_arm_msp432_Timer_getCurrentTick__E)
                  00011f0c    00000004     release_pem4f.oem4f (.text:ti_sysbios_BIOS_RtsGateProxy_enter__E)
                  00011f10    0000005c     sysbios.aem4f : BIOS.obj (.text:ti_sysbios_knl_Swi_schedule__I)
                  00011f6c    00000004     release_pem4f.oem4f (.text:ti_sysbios_BIOS_RtsGateProxy_leave__E)
                  00011f70    0000005c     sysbios.aem4f : BIOS.obj (.text:ti_sysbios_knl_Task_startCore__E)
                  00011fcc    00000004     release_pem4f.oem4f (.text:ti_sysbios_family_arm_m3_Hwi_delete)
                  00011fd0    0000005c     sysbios.aem4f : BIOS.obj (.text:xdc_runtime_Startup_exec__E)
                  0001202c    0000005a     msp432p4xx_driverlib.lib : pcm.o (.text:PCM_getPowerMode)
                  00012086    00000002     --HOLE-- [fill = 0]
                  00012088    00000058     drivers_msp432p4x1xi.aem4f : GPIOMSP432.oem4f (.text:GPIO_write)
                  000120e0    00000058     slnetsock_release.a : slnetsock.oem4f (.text:SlNetSock_recv)
                  00012138    00000058                         : slnetsock.oem4f (.text:SlNetSock_send)
                  00012190    00000058     simplelink.a : sl_socket.obj (.text:_SlDrvClearCtrlSocket)
                  000121e8    00000058     boot.aem4f : boot.oem4f (.text)
                  00012240    00000058     mqtt_release.a : client_core.oem4f (.text:clRecv)
                  00012298    00000058     drivers_msp432p4x1xi.aem4f : UARTMSP432.oem4f (.text:readIsrBinaryBlocking)
                  000122f0    00000058     mqtt_release.a : client_core.oem4f (.text:singleCtxKaSequence)
                  00012348    00000058     simplelink.a : sl_socket.obj (.text:sl_Listen)
                  000123a0    00000058                  : eventreg.obj (.text:sl_RegisterLibsEventHandler)
                  000123f8    00000058     sysbios.aem4f : m3_Hwi_asm_switch.obj (.text:ti_sysbios_family_arm_m3_Hwi_initStacks__E)
                  00012450    00000056     mqtt_release.a : mqtt_common.oem4f (.text:MQTT_packetPubAppendData)
                  000124a6    00000056     rtsv7M4_T_le_v4SPD16_eabi.lib : _printfi.c.obj (.text:_pconv_f)
                  000124fc    00000056     mqtt_release.a : client_core.oem4f (.text:procAckMsgRx)
                  00012552    00000002     --HOLE-- [fill = 0]
                  00012554    00000054                    : client_core.oem4f (.text:MQTTClientCore_deleteCtx)
                  000125a8    00000054                    : client_core.oem4f (.text:MQTTClientCore_sendDisconn)
                  000125fc    00000054     msp432p4xx_driverlib.lib : pcm.o (.text:PCM_shutdownDevice)
                  00012650    00000054     drivers_msp432p4x1xi.aem4f : TimerMSP432.oem4f (.text:TimerMSP432_freeTimerResource)
                  000126a4    00000054     rtsv7M4_T_le_v4SPD16_eabi.lib : _ltoa.c.obj (.text:__TI_ltoa)
                  000126f8    00000054     mqtt_release.a : client_core.oem4f (.text:grpNetSetupCreate)
                  0001274c    00000054     drivers_msp432p4x1xi.aem4f : SPIMSP432DMA.oem4f (.text:spiHwiFxn)
                  000127a0    00000054     release_pem4f.oem4f (.text:ti_sysbios_family_arm_m3_Hwi_create)
                  000127f4    00000004     release_pem4f.oem4f (.text:ti_sysbios_family_arm_m3_TaskSupport_Module__startupDone__S)
                  000127f8    00000054     sysbios.aem4f : BIOS.obj (.text:ti_sysbios_family_arm_msp432_Timer_initDevice__I)
                  0001284c    00000054     release_pem4f.oem4f (.text:ti_sysbios_knl_Mailbox_create)
                  000128a0    00000052     rtsv7M4_T_le_v4SPD16_eabi.lib : _printfi.c.obj (.text:_ecpy)
                  000128f2    00000002     --HOLE-- [fill = 0]
                  000128f4    00000050     dpl_msp432p4x1xi.aem4f : ClockP_tirtos.oem4f (.text:ClockP_create)
                  00012944    00000050     slnetsock_release.a : slnetif.oem4f (.text:SlNetIf_queryIf)
                  00012994    00000050     drivers_msp432p4x1xi.aem4f : TimerMSP432.oem4f (.text:TimerMSP432_hwiIntFunction)
                  000129e4    00000050                                : UDMAMSP432.oem4f (.text:UDMAMSP432_hwiFxn)
                  00012a34    00000050     simplelink.a : sl_socket.obj (.text:_SlDrvCloseCtrlSocket)
                  00012a84    00000050                  : driver.obj (.text:_SlDrvCmdSend_noWait)
                  00012ad4    00000050                  : driver.obj (.text:_SlDrvUpdateApiInProgress)
                  00012b24    00000050                  : spawn.obj (.text:_SlInternalSpawnTaskEntry)
                  00012b74    00000050                  : eventreg.obj (.text:_SlNetAppHttpServerHdlr)
                  00012bc4    00000050                  : eventreg.obj (.text:_SlNetAppRequestHdlr)
                  00012c14    00000050     mqtt_release.a : client_core.oem4f (.text:_procAckMsgRx)
                  00012c64    00000004     release_pem4f.oem4f (.text:ti_sysbios_heaps_HeapMem_Module_GateProxy_enter__E)
                  00012c68    00000050     sysbios.aem4f : BIOS.obj (.text:mq_send)
                  00012cb8    00000050                   : BIOS.obj (.text:ti_sysbios_family_arm_m3_Hwi_Module_startup__E)
                  00012d08    00000050     release_pem4f.oem4f (.text:ti_sysbios_knl_Task_create)
                  00012d58    0000004e     mqtt_release.a : client_core.oem4f (.text:MQTTClientCore_registerWillInfo)
                  00012da6    0000004e     drivers_msp432p4x1xi.aem4f : TimerMSP432.oem4f (.text:TimerMSP432_close)
                  00012df4    0000004c     dpl_msp432p4x1xi.aem4f : PowerMSP432_tirtos.oem4f (.text:PowerMSP432_sleepPolicy)
                  00012e40    0000004c     slnetifwifi.a : slnetifwifi.obj (.text:SlNetIfWifi_getConnectionStatus)
                  00012e8c    0000004c     slnetsock_release.a : slnetsock.oem4f (.text:SlNetSock_freeVirtualSocket)
                  00012ed8    0000004c                         : slnetsock.oem4f (.text:SlNetSock_startSec)
                  00012f24    0000004c     mqtt_release.a : client_core.oem4f (.text:ack1WlMqpDispatch)
                  00012f70    0000004c     rtsv7M4_T_le_v4SPD16_eabi.lib : atoi.c.obj (.text:atoi)
                  00012fbc    0000004c                                   : cpy_tbl.c.obj (.text:copy_in)
                  00013008    0000004c     mqtt_client_app.obj (.text:countHandler)
                  00013054    0000004c     mqtt_release.a : client_core.oem4f (.text:loopbTrigger)
                  000130a0    0000004c     drivers_msp432p4x1xi.aem4f : UARTMSP432.oem4f (.text:readIsrBinaryCallback)
                  000130ec    0000004c     mqtt_release.a : client_core.oem4f (.text:singleCtxRxPrep)
                  00013138    0000004c     simplelink.a : wlan.obj (.text:sl_WlanSetMode)
                  00013184    00000004     release_pem4f.oem4f (.text:ti_sysbios_heaps_HeapMem_Module_GateProxy_leave__E)
                  00013188    0000004c     sysbios.aem4f : BIOS.obj (.text:ti_sysbios_family_arm_msp432_Timer_postInit__I)
                  000131d4    00000004     release_pem4f.oem4f (.text:ti_sysbios_knl_Clock_TimerProxy_getCurrentTick__E)
                  000131d8    0000004c     sysbios.aem4f : BIOS.obj (.text:ti_sysbios_family_arm_msp432_Timer_start__E)
                  00013224    00000004     release_pem4f.oem4f (.text:ti_sysbios_knl_Clock_TimerProxy_getMaxTicks__E)
                  00013228    0000004c     sysbios.aem4f : BIOS.obj (.text:ti_sysbios_heaps_HeapMem_getStats__E)
                  00013274    00000004     release_pem4f.oem4f (.text:ti_sysbios_knl_Clock_TimerProxy_setNextTick__E)
                  00013278    0000004c     sysbios.aem4f : BIOS.obj (.text:ti_sysbios_knl_Swi_runLoop__I)
                  000132c4    00000004     release_pem4f.oem4f (.text:ti_sysbios_knl_Clock_delete)
                  000132c8    0000004c     sysbios.aem4f : BIOS.obj (.text:ti_sysbios_knl_Task_allBlockedFunction__I)
                  00013314    00000004     release_pem4f.oem4f (.text:ti_sysbios_knl_Semaphore_delete)
                  00013318    0000004c     sysbios.aem4f : BIOS.obj (.text:ti_sysbios_knl_Task_schedule__I)
                  00013364    0000004b     mqtt_client_app.obj (.text:ToggleLED1CB)
                  000133af    00000001     --HOLE-- [fill = 0]
                  000133b0    0000004b     mqtt_client_app.obj (.text:ToggleLED2CB)
                  000133fb    00000001     --HOLE-- [fill = 0]
                  000133fc    0000004b     mqtt_client_app.obj (.text:ToggleLED3CB)
                  00013447    00000001     --HOLE-- [fill = 0]
                  00013448    0000004a     mqtt_release.a : client_core.oem4f (.text:clCtxRecv)
                  00013492    00000002     --HOLE-- [fill = 0]
                  00013494    00000048                    : mqttclient.oem4f (.text:MQTTClient_set)
                  000134dc    00000048     drivers_msp432p4x1xi.aem4f : PowerMSP432.oem4f (.text:Power_releaseConstraint)
                  00013524    00000048     slnetsock_release.a : slnetsock.oem4f (.text:SlNetSock_connect)
                  0001356c    00000048                         : slnetsock.oem4f (.text:SlNetSock_init)
                  000135b4    00000048                         : slnetsock.oem4f (.text:SlNetSock_setOpt)
                  000135fc    00000048     simplelink.a : eventreg.obj (.text:_SlDeviceFatalErrorEvtHdlr)
                  00013644    00000048                  : eventreg.obj (.text:_SlDeviceGeneralEvtHdlr)
                  0001368c    00000048                  : driver.obj (.text:_SlDrvBasicCmd)
                  000136d4    00000048                  : driver.obj (.text:_SlDrvSyncObjWaitTimeout)
                  0001371c    00000048                  : eventreg.obj (.text:_SlNetAppEvtHdlr)
                  00013764    00000048                  : eventreg.obj (.text:_SlNetAppRequestMemFree)
                  000137ac    00000048                  : eventreg.obj (.text:_SlSockEvtHdlr)
                  000137f4    00000048                  : eventreg.obj (.text:_SlWlanEvtHdlr)
                  0001383c    00000048     mqtt_release.a : client_core.oem4f (.text:bufUTF8WrTry)
                  00013884    00000048                    : client_core.oem4f (.text:clCtxSetup)
                  000138cc    00000004     release_pem4f.oem4f (.text:ti_sysbios_knl_Task_delete)
                  000138d0    00000048     sysbios.aem4f : BIOS.obj (.text:mq_close)
                  00013918    00000048                   : BIOS.obj (.text:pthread_mutex_init)
                  00013960    00000048     rtsv7M4_T_le_v4SPD16_eabi.lib : fd_toi_t2.asm.obj (.text)
                  000139a8    00000048     sysbios.aem4f : BIOS.obj (.text:ti_sysbios_family_arm_m3_Hwi_disableInterrupt__E)
                  000139f0    00000048                   : BIOS.obj (.text:ti_sysbios_family_arm_m3_Hwi_enableInterrupt__E)
                  00013a38    00000048                   : BIOS.obj (.text:ti_sysbios_knl_Mailbox_Module_startup__E)
                  00013a80    00000048     mqtt_release.a : client_core.oem4f (.text:wrConnectVh)
                  00013ac8    00000048     sysbios.aem4f : BIOS.obj (.text:xdc_runtime_Core_assignParams__I)
                  00013b10    00000046     drivers_msp432p4x1xi.aem4f : RingBuf.oem4f (.text:RingBuf_put)
                  00013b56    00000002     --HOLE-- [fill = 0]
                  00013b58    00000044     mqtt_release.a : client_core.oem4f (.text:MQTTClientCore_run)
                  00013b9c    00000044                    : mqtt_net_func.oem4f (.text:MQTTNet_tcpRecv)
                  00013be0    00000044                    : mqttclient.oem4f (.text:MqttClientCtxDelete)
                  00013c24    00000044     drivers_msp432p4x1xi.aem4f : SPI.oem4f (.text:SPI_init)
                  00013c68    00000044     slnetsock_release.a : slnetutils.oem4f (.text:SlNetUtil_strTok)
                  00013cac    00000044     drivers_msp432p4x1xi.aem4f : Timer.oem4f (.text:Timer_init)
                  00013cf0    00000044                                : UART.oem4f (.text:UART_init)
                  00013d34    00000044     simplelink.a : driver.obj (.text:_SlDrvRxIrqHandler)
                  00013d78    00000044     sysbios.aem4f : BIOS.obj (.text:ti_sysbios_family_arm_m3_Hwi_getStackInfo__E)
                  00013dbc    00000004     release_pem4f.oem4f (.text:xdc_runtime_System_Module_GateProxy_enter__E)
                  00013dc0    00000044     sysbios.aem4f : BIOS.obj (.text:ti_sysbios_knl_Swi_post__E)
                  00013e04    00000044     mqtt_release.a : client_core.oem4f (.text:vhMsgSend)
                  00013e48    00000044     sysbios.aem4f : BIOS.obj (.text:xdc_runtime_System_atexit__E)
                  00013e8c    00000043     mqtt_client_app.obj (.text:BrokerCB)
                  00013ecf    00000001     --HOLE-- [fill = 0]
                  00013ed0    00000042     mqtt_release.a : mqtt_common.oem4f (.text:MQTT_packetBufRdRemlen)
                  00013f12    00000040     simplelink.a : sl_socket.obj (.text:CountSetBits)
                  00013f52    00000002     --HOLE-- [fill = 0]
                  00013f54    00000040     dpl_msp432p4x1xi.aem4f : HwiP_tirtos.oem4f (.text:HwiP_create)
                  00013f94    00000040     network_if.obj (.text:InitializeAppVariables)
                  00013fd4    00000040     mqtt_release.a : client_core.oem4f (.text:MQTTClientCore_registerCtxInfo)
                  00014014    00000040     drivers_msp432p4x1xi.aem4f : RingBuf.oem4f (.text:RingBuf_get)
                  00014054    00000040                                : SPI.oem4f (.text:SPI_open)
                  00014094    00000040     network_if.obj (.text:SimpleLinkGeneralEventHandler)
                  000140d4    00000040     slnetsock_release.a : slnetsock.oem4f (.text:SlNetSock_bind)
                  00014114    00000040     drivers_msp432p4x1xi.aem4f : Timer.oem4f (.text:Timer_open)
                  00014154    00000040                                : UARTMSP432.oem4f (.text:UARTMSP432_read)
                  00014194    00000040                                : UART.oem4f (.text:UART_open)
                  000141d4    00000040     simplelink.a : driver.obj (.text:_SlFindAndReleasePendingCmd)
                  00014214    00000040                  : spawn.obj (.text:_SlInternalSpawnWaitForEvent)
                  00014254    00000040                  : eventreg.obj (.text:_SlIsEventRegistered)
                  00014294    00000040     mqtt_release.a : mqttclient.oem4f (.text:_sl_ExtLib_ServerAckLockedWait)
                  000142d4    00000040     msp432p4xx_driverlib.lib : spi.o (.text:is_A_Module)
                  00014314    00000004     release_pem4f.oem4f (.text:xdc_runtime_System_Module_GateProxy_leave__E)
                  00014318    00000040     sysbios.aem4f : BIOS.obj (.text:mq_receive)
                  00014358    00000040     mqtt_release.a : client_core.oem4f (.text:netConnect)
                  00014398    00000040     drivers_msp432p4x1xi.aem4f : UARTMSP432.oem4f (.text:perfChangeNotifyFxn)
                  000143d8    00000040     sysbios.aem4f : BIOS.obj (.text:ti_sysbios_family_arm_msp432_Timer_Module_startup__E)
                  00014418    00000040                   : BIOS.obj (.text:ti_sysbios_family_arm_msp432_Timer_startup__E)
                  00014458    00000040                   : BIOS.obj (.text:ti_sysbios_heaps_HeapMem_Instance_init__E)
                  00014498    00000040                   : BIOS.obj (.text:ti_sysbios_knl_Clock_Instance_init__E)
                  000144d8    00000040     rtsv7M4_T_le_v4SPD16_eabi.lib : vsnprintf.c.obj (.text:vsnprintf)
                  00014518    0000003e     mqtt_release.a : mqtt_common.oem4f (.text:MQTT_packetAckWlistRemove)
                  00014556    0000003e                    : mqtt_common.oem4f (.text:MQTT_packetBufTailWrRemlen)
                  00014594    0000003e     slnetsock_release.a : slnetsock.oem4f (.text:SlNetSock_close)
                  000145d2    0000003e     simplelink.a : sl_socket.obj (.text:_SlSocketBuildAddress)
                  00014610    0000003e     rtsv7M4_T_le_v4SPD16_eabi.lib : _printfi.c.obj (.text:_fcpy)
                  0001464e    0000003e     mqtt_release.a : client_core.oem4f (.text:clCtxSeg1Send)
                  0001468c    0000003e                    : client_core.oem4f (.text:procPingrspRx)
                  000146ca    0000003e     release_pem4f.oem4f (.text:realloc)
                  00014708    0000003e     sysbios.aem4f : BIOS.obj (.text:sem_timedwait)
                  00014746    00000002     --HOLE-- [fill = 0]
                  00014748    0000003c     mqtt_release.a : client_core.oem4f (.text:MQTTClientCore_registerBuffers)
                  00014784    0000003c                    : mqttclient.oem4f (.text:MQTTClient_disconnect)
                  000147c0    0000003c                    : mqtt_common.oem4f (.text:MQTT_qos2PubCqCheck)
                  000147fc    0000003c     network_if.obj (.text:Network_IF_DisconnectFromAP)
                  00014838    0000003c     dpl_msp432p4x1xi.aem4f : SemaphoreP_tirtos.oem4f (.text:SemaphoreP_create)
                  00014874    0000003c     simplelink.a : netapp.obj (.text:_SlNetAppCopyPingResultsToReport)
                  000148b0    0000003c     mqtt_client_app.obj (.text:detectLongPress)
                  000148ec    0000003c     mqtt_release.a : mqttclient.oem4f (.text:processDisconnCB)
                  00014928    0000003c     sysbios.aem4f : BIOS.obj (.text:pthread_mutex_unlock)
                  00014964    0000003c     mqtt_release.a : client_core.oem4f (.text:singleCtxRxPrepLocked)
                  000149a0    0000003c     sysbios.aem4f : BIOS.obj (.text:sleep)
                  000149dc    0000003c     mqtt_release.a : client_core.oem4f (.text:tailIncorpMsgID)
                  00014a18    0000003c     sysbios.aem4f : BIOS.obj (.text:ti_sysbios_family_arm_m3_Hwi_Instance_finalize__E)
                  00014a54    00000004     --HOLE-- [fill = 0]
                  00014a58    0000003c                   : BIOS.obj (.text:ti_sysbios_family_arm_msp432_Seconds_Module_startup__E)
                  00014a94    0000003c     release_pem4f.oem4f (.text:ti_sysbios_knl_Clock_create)
                  00014ad0    0000003c     sysbios.aem4f : BIOS.obj (.text:ti_sysbios_knl_Swi_restore__E)
                  00014b0c    0000003c     simplelink.a : sl_socket.obj (.text:to_mSec)
                  00014b48    0000003c     sysbios.aem4f : BIOS.obj (.text:usleep)
                  00014b84    00000004     --HOLE-- [fill = 0]
                  00014b88    0000003c                   : BIOS.obj (.text:xdc_runtime_System_processAtExit__E)
                  00014bc4    0000003a     slnetifwifi.a : slnetifwifi.obj (.text:SlNetIfWifi_getIPAddr)
                  00014bfe    0000003a     mqtt_release.a : mqtt_common.oem4f (.text:mqpProcVhMsgIdRx)
                  00014c38    00000038     drivers_msp432p4x1xi.aem4f : GPIOMSP432.oem4f (.text:GPIO_toggle)
                  00014c70    00000038     mqtt_release.a : client_core.oem4f (.text:MQTTClientCore_registerNetSvc)
                  00014ca8    00000038                    : mqtt_common.oem4f (.text:MQTT_qos2PubCqLogup)
                  00014ce0    00000038     drivers_msp432p4x1xi.aem4f : PowerMSP432.oem4f (.text:Power_setConstraint)
                  00014d18    00000038     slnetifwifi.a : slnetifwifi.obj (.text:SlNetIfWifi_recvFrom)
                  00014d50    00000038                   : slnetifwifi.obj (.text:SlNetIfWifi_sendTo)
                  00014d88    00000038                   : slnetifwifi.obj (.text:SlNetIfWifi_socket)
                  00014dc0    00000038     slnetsock_release.a : slnetif.oem4f (.text:SlNetIf_configCheck)
                  00014df8    00000038                         : slnetsock.oem4f (.text:SlNetSock_listen)
                  00014e30    00000038                         : slnetutils.oem4f (.text:SlNetUtil_htonl)
                  00014e68    00000038     drivers_msp432p4x1xi.aem4f : TimerMSP432.oem4f (.text:TimerMSP432_getCount)
                  00014ea0    00000038     mqtt_release.a : client_core.oem4f (.text:mqpAllocAtomic)
                  00014ed8    00000038                    : client_core.oem4f (.text:netRecv)
                  00014f10    00000038     drivers_msp432p4x1xi.aem4f : PowerMSP432.oem4f (.text:notify)
                  00014f48    00000037     network_if.obj (.text:Network_IF_DeInitDriver)
                  00014f7f    00000001     --HOLE-- [fill = 0]
                  00014f80    00000036     mqtt_release.a : mqtt_common.oem4f (.text:MQTT_packetPrepFh)
                  00014fb6    00000036     slnetifwifi.a : slnetifwifi.obj (.text:SlNetIfWifi_getHostByName)
                  00014fec    00000036                   : slnetifwifi.obj (.text:SlNetIfWifi_select)
                  00015022    00000036     drivers_msp432p4x1xi.aem4f : UARTMSP432.oem4f (.text:UARTMSP432_readCancel)
                  00015058    00000036     mqtt_release.a : client_core.oem4f (.text:_procPubRecRx)
                  0001508e    00000036     rtsv7M4_T_le_v4SPD16_eabi.lib : strncpy.c.obj (.text:strncpy)
                  000150c4    00000034     drivers_msp432p4x1xi.aem4f : GPIOMSP432.oem4f (.text:GPIO_clearInt)
                  000150f8    00000034                                : GPIOMSP432.oem4f (.text:GPIO_disableInt)
                  0001512c    00000034                                : GPIOMSP432.oem4f (.text:GPIO_enableInt)
                  00015160    00000034     slnetsock_release.a : slnetutils.oem4f (.text:SlNetUtil_htons)
                  00015194    00000034     mqtt_release.a : client_core.oem4f (.text:groupCtxsKaSequence)
                  000151c8    00000034                    : client_core.oem4f (.text:mqpFreeLocked)
                  000151fc    00000034                    : client_core.oem4f (.text:procLoopbackRecv)
                  00015230    00000034     release_pem4f.oem4f (.text:ti_sysbios_knl_Semaphore_create)
                  00015264    00000032     mqtt_release.a : mqtt_common.oem4f (.text:MQTT_clCtxTimeoutInsert)
                  00015296    00000032                    : client_core.oem4f (.text:connectedStateRx)
                  000152c8    00000032     sysbios.aem4f : BIOS.obj (.text:ti_sysbios_hal_Hwi_initStack)
                  000152fa    00000002     --HOLE-- [fill = 0]
                  000152fc    00000030     simplelink.a : cc_pal.obj (.text:HostIrqGPIO_callback)
                  0001532c    00000030                  : driver.obj (.text:_SlDrvGlobalObjUnLock)
                  0001535c    00000030                  : fs.obj (.text:_SlFsStrlen)
                  0001538c    00000030     rtsv7M4_T_le_v4SPD16_eabi.lib : vsnprintf.c.obj (.text:_outs)
                  000153bc    00000030     mqtt_release.a : client_core.oem4f (.text:ack2MsgIdUnlog)
                  000153ec    00000030                    : client_core.oem4f (.text:clientDescInit)
                  0001541c    00000004     --HOLE-- [fill = 0]
                  00015420    00000030     sysbios.aem4f : BIOS.obj (.text:findInList$42)
                  00015450    00000030     mqtt_release.a : mqttclient.oem4f (.text:getAvailableClictxMem)
                  00015480    00000030     drivers_msp432p4x1xi.aem4f : SPIMSP432DMA.oem4f (.text:mapPin)
                  000154b0    00000030                                : UARTMSP432.oem4f (.text:mapPin)
                  000154e0    00000030     release_pem4f.oem4f (.text:ti_sysbios_BIOS_atExitFunc__I)
                  00015510    00000030     release_pem4f.oem4f (.text:ti_sysbios_BIOS_startFunc__I)
                  00015540    00000030     sysbios.aem4f : BIOS.obj (.text:ti_sysbios_family_arm_m3_TaskSupport_start__E)
                  00015570    00000030     release_pem4f.oem4f (.text:ti_sysbios_gates_GateHwi_Object__create__S)
                  000155a0    00000030     release_pem4f.oem4f (.text:ti_sysbios_gates_GateMutex_Object__create__S)
                  000155d0    00000030     sysbios.aem4f : BIOS.obj (.text:ti_sysbios_gates_GateMutex_enter__E)
                  00015600    00000030     release_pem4f.oem4f (.text:ti_sysbios_heaps_HeapMem_Object__create__S)
                  00015630    00000030     sysbios.aem4f : BIOS.obj (.text:ti_sysbios_knl_Mailbox_postInit__I)
                  00015660    00000030     release_pem4f.oem4f (.text:ti_sysbios_knl_Semaphore_construct)
                  00015690    00000030     sysbios.aem4f : BIOS.obj (.text:ti_sysbios_knl_Semaphore_pendTimeout__I)
                  000156c0    00000030                   : BIOS.obj (.text:ti_sysbios_knl_Task_processVitalTaskFlag__I)
                  000156f0    00000030                   : BIOS.obj (.text:ti_sysbios_knl_Task_restore__E)
                  00015720    00000030                   : BIOS.obj (.text:ti_sysbios_knl_Task_unblockI__E)
                  00015750    0000002e     simplelink.a : cc_pal.obj (.text:Mutex_create_handle)
                  0001577e    0000002e     rtsv7M4_T_le_v4SPD16_eabi.lib : i_tofd_t2.asm.obj (.text)
                  000157ac    0000002e     release_pem4f.oem4f (.text:ti_sysbios_rts_MemAlloc_alloc)
                  000157da    0000002c     dpl_msp432p4x1xi.aem4f : PowerMSP432_tirtos.oem4f (.text:PowerMSP432_updateFreqs)
                  00015806    00000002     --HOLE-- [fill = 0]
                  00015808    0000002c     msp432p4xx_driverlib.lib : rtc_c.o (.text:RTC_C_holdClock)
                  00015834    0000002c     dpl_msp432p4x1xi.aem4f : SemaphoreP_tirtos.oem4f (.text:SemaphoreP_createBinary)
                  00015860    0000002c     slnetifwifi.a : slnetifwifi.obj (.text:SlNetIfWifi_recv)
                  0001588c    0000002c                   : slnetifwifi.obj (.text:SlNetIfWifi_send)
                  000158b8    0000002c     simplelink.a : driver.obj (.text:_SlDrvSyncObjWaitForever)
                  000158e4    00000004     --HOLE-- [fill = 0]
                  000158e8    0000002c     sysbios.aem4f : BIOS.obj (.text:_pthread_cleanupFxn)
                  00015914    00000004     --HOLE-- [fill = 0]
                  00015918    0000002c                   : BIOS.obj (.text:_pthread_delete$43)
                  00015944    0000002c     mqtt_release.a : client_core.oem4f (.text:doNetCloseRx)
                  00015970    0000002c     drivers_msp432p4x1xi.aem4f : TimerMSP432.oem4f (.text:perfChangeNotifyFxn)
                  0001599c    0000002c     mqtt_release.a : client_core.oem4f (.text:singleCtxAdjWaitSecsGet)
                  000159c8    0000002c     release_pem4f.oem4f (.text:ti_sysbios_gates_GateHwi_Handle__label__S)
                  000159f4    0000002c     release_pem4f.oem4f (.text:ti_sysbios_gates_GateMutex_Handle__label__S)
                  00015a20    0000002c     release_pem4f.oem4f (.text:ti_sysbios_heaps_HeapMem_Handle__label__S)
                  00015a4c    0000002c     release_pem4f.oem4f (.text:ti_sysbios_knl_Queue_construct)
                  00015a78    0000002a     slnetsock_release.a : slnetutils.oem4f (.text:SlNetUtil_inetPton)
                  00015aa2    0000002a     mqtt_release.a : client_core.oem4f (.text:ack2MsgIdDispatch)
                  00015acc    0000002a     release_pem4f.oem4f (.text:calloc)
                  00015af6    0000002a     drivers_msp432p4x1xi.aem4f : SPIMSP432DMA.oem4f (.text:perfChangeNotifyFxn)
                  00015b20    0000002a     mqtt_release.a : client_core.oem4f (.text:pingReqSend)
                  00015b4a    00000006                    : client_core.oem4f (.text:ack2MsgIdLogup)
                  00015b50    0000002a     sysbios.aem4f : BIOS.obj (.text:sem_init)
                  00015b7a    0000002a     mqtt_release.a : client_core.oem4f (.text:txPartSetup)
                  00015ba4    00000028                    : mqtt_common.oem4f (.text:MQTT_packetBufWrUtf8)
                  00015bcc    00000028     msp432p4xx_driverlib.lib : pcm.o (.text:PCM_gotoLPM0)
                  00015bf4    00000028     drivers_msp432p4x1xi.aem4f : PowerMSP432.oem4f (.text:Power_registerNotify)
                  00015c1c    00000028     msp432p4xx_driverlib.lib : spi.o (.text:SPI_getInterruptStatus)
                  00015c44    00000028     slnetsock_release.a : slnetif.oem4f (.text:SlNetIf_getIfByID)
                  00015c6c    00000028                         : slnetsock.oem4f (.text:SlNetSock_sdsIsSet)
                  00015c94    00000028                         : slnetsock.oem4f (.text:SlNetSock_sdsSet)
                  00015cbc    00000028                         : slnetsock.oem4f (.text:SlNetSock_secAttribDelete)
                  00015ce4    00000028     simplelink.a : flowcont.obj (.text:_SlFlowContSet)
                  00015d0c    00000028     mqtt_release.a : client_core.oem4f (.text:_procPubRelRx)
                  00015d34    00000028                    : mqttclient.oem4f (.text:_sl_ExtLib_AwaitedAckLockedSet)
                  00015d5c    00000028     drivers_msp432p4x1xi.aem4f : PowerMSP432.oem4f (.text:disableFaultCounter)
                  00015d84    00000028                                : PowerMSP432.oem4f (.text:disableHFXT)
                  00015dac    00000028                                : UARTMSP432.oem4f (.text:findBaudDividerIndex)
                  00015dd4    00000028     rtsv7M4_T_le_v4SPD16_eabi.lib : memmov.c.obj (.text:memmove)
                  00015dfc    00000028     sysbios.aem4f : m3_Hwi_asm.obj (.text:ti_sysbios_family_arm_m3_Hwi_excHandlerAsm__I)
                  00015e24    00000004     --HOLE-- [fill = 0]
                  00015e28    00000028                   : BIOS.obj (.text:ti_sysbios_knl_Clock_addI__E)
                  00015e50    00000028                   : BIOS.obj (.text:ti_sysbios_knl_Swi_Module_startup__E)
                  00015e78    00000026     drivers_msp432p4x1xi.aem4f : List.oem4f (.text:List_put)
                  00015e9e    00000026                                : List.oem4f (.text:List_remove)
                  00015ec4    00000026     mqtt_release.a : mqtt_common.oem4f (.text:MQTT_clCtxRemove)
                  00015eea    00000026     sysbios.aem4f : m3_Hwi_asm.obj (.text:ti_sysbios_family_arm_m3_Hwi_pendSV__I)
                  00015f10    00000024     slnetsock_release.a : slnetif.oem4f (.text:SlNetIf_getConnectionStatus)
                  00015f34    00000024     msp432p4xx_driverlib.lib : wdt_a.o (.text:WDT_A_holdTimer)
                  00015f58    00000024     simplelink.a : driver.obj (.text:_SlDrvIsApiInProgress)
                  00015f7c    00000024                  : driver.obj (.text:_SlDrvStartMeasureTimeout)
                  00015fa0    00000024     mqtt_release.a : client_core.oem4f (.text:conn2usedCtxs)
                  00015fc4    00000024     rtsv7M4_T_le_v4SPD16_eabi.lib : memcmp.c.obj (.text:memcmp)
                  00015fe8    00000024     sysbios.aem4f : BIOS.obj (.text:pthread_attr_init)
                  0001600c    00000024     mqtt_release.a : client_core.oem4f (.text:recvHvecLoad)
                  00016030    00000024     simplelink.a : wlan.obj (.text:sl_WlanDisconnect)
                  00016054    00000024     release_pem4f.oem4f (.text:ti_sysbios_BIOS_registerRTSLock__I)
                  00016078    00000024     release_pem4f.oem4f (.text:ti_sysbios_BIOS_removeRTSLock__I)
                  0001609c    00000004     --HOLE-- [fill = 0]
                  000160a0    00000024     sysbios.aem4f : BIOS.obj (.text:ti_sysbios_family_arm_msp432_ClockFreqs_setFrequency__E)
                  000160c4    00000024     release_pem4f.oem4f (.text:ti_sysbios_gates_GateMutex_Object__delete__S)
                  000160e8    00000024     sysbios.aem4f : BIOS.obj (.text:ti_sysbios_knl_Clock_Module_startup__E)
                  0001610c    00000024     release_pem4f.oem4f (.text:ti_sysbios_knl_Clock_Object__delete__S)
                  00016130    00000024     sysbios.aem4f : BIOS.obj (.text:ti_sysbios_knl_Semaphore_Instance_init__E)
                  00016154    00000024     release_pem4f.oem4f (.text:ti_sysbios_knl_Semaphore_Object__delete__S)
                  00016178    00000024     sysbios.aem4f : BIOS.obj (.text:ti_sysbios_knl_Task_restoreHwi__E)
                  0001619c    00000004     --HOLE-- [fill = 0]
                  000161a0    00000024                   : BIOS.obj (.text:xdc_runtime_Error_policyMin__E)
                  000161c4    00000004     --HOLE-- [fill = 0]
                  000161c8    00000024                   : BIOS.obj (.text:xdc_runtime_System_abort__E)
                  000161ec    00000022     mqtt_release.a : mqtt_common.oem4f (.text:MQTT_packetProcMsgIdAckRx)
                  0001620e    00000002     --HOLE-- [fill = 0]
                  00016210    00000020     msp432p4xx_driverlib.lib : cs.o (.text:CS_setExternalClockSourceFrequency)
                  00016230    00000020     drivers_msp432p4x1xi.aem4f : GPIOMSP432.oem4f (.text:GPIO_read)
                  00016250    00000020     mqtt_release.a : mqtt_common.oem4f (.text:MQTT_qos2PubCqReset)
                  00016270    00000020     drivers_msp432p4x1xi.aem4f : PowerMSP432.oem4f (.text:Power_unregisterNotify)
                  00016290    00000020                                : RingBuf.oem4f (.text:RingBuf_peek)
                  000162b0    00000020     slnetifwifi.a : slnetifwifi.obj (.text:SlNetIfWifi_accept)
                  000162d0    00000020     sysbios.aem4f : BIOS.obj (.text:sem_trywait)
                  000162f0    00000020     mqtt_release.a : client_core.oem4f (.text:session311fix)
                  00016310    00000020     release_pem4f.oem4f (.text:ti_sysbios_BIOS_rtsLock__I)
                  00016330    00000020     release_pem4f.oem4f (.text:ti_sysbios_family_arm_m3_Hwi_Object__delete__S)
                  00016350    00000020     sysbios.aem4f : BIOS.obj (.text:ti_sysbios_family_arm_m3_Hwi_clearInterrupt__E)
                  00016370    00000020     release_pem4f.oem4f (.text:ti_sysbios_gates_GateHwi_Object__delete__S)
                  00016390    00000020     release_pem4f.oem4f (.text:ti_sysbios_heaps_HeapMem_Object__delete__S)
                  000163b0    00000020     sysbios.aem4f : BIOS.obj (.text:ti_sysbios_knl_Clock_getTicks__E)
                  000163d0    00000020                   : BIOS.obj (.text:ti_sysbios_knl_Idle_run__E)
                  000163f0    00000020     release_pem4f.oem4f (.text:ti_sysbios_knl_Semaphore_destruct)
                  00016410    00000020     release_pem4f.oem4f (.text:ti_sysbios_knl_Task_Object__delete__S)
                  00016430    0000001e     mqtt_release.a : client_core.oem4f (.text:MQTTClientCore_alloc)
                  0001644e    0000001e                    : client_core.oem4f (.text:MQTTClientCore_ctxRun)
                  0001646c    0000001e     slnetifwifi.a : slnetifwifi.obj (.text:SlNetIfWifi_bind)
                  0001648a    0000001e                   : slnetifwifi.obj (.text:SlNetIfWifi_connect)
                  000164a8    0000001e     mqtt_release.a : client_core.oem4f (.text:procNetDataRecv)
                  000164c6    0000001e                    : client_core.oem4f (.text:sessionDelete)
                  000164e4    0000001e     sysbios.aem4f : m3_Hwi_asm_switch.obj (.text:ti_sysbios_family_xxx_Hwi_switchAndRunFunc)
                  00016502    00000002     --HOLE-- [fill = 0]
                  00016504    0000001c     uart_term.obj (.text:Message)
                  00016520    0000001c     simplelink.a : cc_pal.obj (.text:NwpPowerOff)
                  0001653c    0000001c                  : cc_pal.obj (.text:NwpPowerOn)
                  00016558    0000001c                  : cc_pal.obj (.text:WiFi_init)
                  00016574    0000001c                  : device.obj (.text:_SlDeviceGetStartResponseConvert)
                  00016590    0000001c                  : spawn.obj (.text:_SlInternalIsItSpawnThread)
                  000165ac    0000001c     mqtt_release.a : client_core.oem4f (.text:awaitsPkts)
                  000165c8    0000001c     ti_drivers_config.obj (.text:dmaErrorFxn)
                  000165e4    0000001c     mqtt_release.a : client_core.oem4f (.text:doNetCloseTx)
                  00016600    0000001c     sysbios.aem4f : BIOS.obj (.text:getClockTicks$41)
                  0001661c    0000001c     rtsv7M4_T_le_v4SPD16_eabi.lib : memccpy.c.obj (.text:memccpy)
                  00016638    0000001c     mqtt_release.a : client_core.oem4f (.text:processRecv)
                  00016654    00000004     --HOLE-- [fill = 0]
                  00016658    0000001c     sysbios.aem4f : BIOS.obj (.text:ti_sysbios_family_arm_m3_Hwi_excHandler__I)
                  00016674    00000004     --HOLE-- [fill = 0]
                  00016678    0000001c                   : BIOS.obj (.text:ti_sysbios_gates_GateMutex_Instance_init__E)
                  00016694    00000004     --HOLE-- [fill = 0]
                  00016698    0000001c                   : BIOS.obj (.text:ti_sysbios_knl_Clock_Instance_finalize__E)
                  000166b4    00000004     --HOLE-- [fill = 0]
                  000166b8    0000001c                   : BIOS.obj (.text:ti_sysbios_knl_Clock_scheduleNextTick__E)
                  000166d4    0000001c     release_pem4f.oem4f (.text:ti_sysbios_knl_Queue_destruct)
                  000166f0    0000001c     sysbios.aem4f : BIOS.obj (.text:ti_sysbios_knl_Queue_get__E)
                  0001670c    00000004     --HOLE-- [fill = 0]
                  00016710    0000001c                   : BIOS.obj (.text:ti_sysbios_knl_Queue_put__E)
                  0001672c    00000004     --HOLE-- [fill = 0]
                  00016730    0000001c                   : BIOS.obj (.text:ti_sysbios_knl_Task_enter__I)
                  0001674c    00000004     --HOLE-- [fill = 0]
                  00016750    0000001c                   : BIOS.obj (.text:ti_sysbios_rts_ti_ReentSupport_getReent__F)
                  0001676c    0000001c     mqtt_release.a : client_core.oem4f (.text:usedCtxsTOSort)
                  00016788    0000001c     sysbios.aem4f : BIOS.obj (.text:xdc_runtime_Memory_valloc__E)
                  000167a4    0000001a     mqtt_release.a : mqtt_common.oem4f (.text:MQTT_packetAckWlistPurge)
                  000167be    0000001a     slnetifwifi.a : slnetifwifi.obj (.text:SlNetIfWifi_listen)
                  000167d8    0000001a     rtsv7M4_T_le_v4SPD16_eabi.lib : s_copysign.c.obj (.text:copysign)
                  000167f2    0000001a     release_pem4f.oem4f (.text:free)
                  0001680c    00000018     msp432p4xx_driverlib.lib : spi.o (.text:EUSCI_A_SPI_getInterruptStatus)
                  00016824    00000018                              : spi.o (.text:EUSCI_B_SPI_getInterruptStatus)
                  0001683c    00000018     mqtt_release.a : mqtt_common.oem4f (.text:MQTT_clCtxTimeoutUpdate)
                  00016854    00000018     msp432p4xx_driverlib.lib : sysctl_a.o (.text:SysCtl_A_disableNMISource)
                  0001686c    00000018                              : sysctl_a.o (.text:SysCtl_A_enableNMISource)
                  00016884    00000018     drivers_msp432p4x1xi.aem4f : UART.oem4f (.text:UART_Params_init)
                  0001689c    00000018     simplelink.a : driver.obj (.text:_SlDrvProtectionObjLockWaitForever)
                  000168b4    00000018                  : driver.obj (.text:_SlDrvProtectionObjUnLock)
                  000168cc    00000018     rtsv7M4_T_le_v4SPD16_eabi.lib : args_main.c.obj (.text:_args_main)
                  000168e4    00000018                                   : vsnprintf.c.obj (.text:_outc)
                  000168fc    00000018     mqtt_release.a : client_core.oem4f (.text:groupCtxsAdjWaitSecsGet)
                  00016914    00000018                    : client_core.oem4f (.text:netClCtxFind)
                  0001692c    00000018     rtsv7M4_T_le_v4SPD16_eabi.lib : strcmp.c.obj (.text:strcmp)
                  00016944    00000018     release_pem4f.oem4f (.text:ti_sysbios_BIOS_rtsUnlock__I)
                  0001695c    00000018     release_pem4f.oem4f (.text:ti_sysbios_family_arm_m3_Hwi_Module__startupDone__F)
                  00016974    00000018     sysbios.aem4f : m3_TaskSupport_asm.obj (.text:ti_sysbios_family_arm_m3_TaskSupport_swap__E)
                  0001698c    00000018     release_pem4f.oem4f (.text:ti_sysbios_family_arm_msp432_Timer_Module__startupDone__F)
                  000169a4    00000004     --HOLE-- [fill = 0]
                  000169a8    00000018     sysbios.aem4f : BIOS.obj (.text:ti_sysbios_gates_GateMutex_leave__E)
                  000169c0    00000018                   : BIOS.obj (.text:ti_sysbios_knl_Task_sleepTimeout__I)
                  000169d8    00000018     release_pem4f.oem4f (.text:ti_sysbios_rts_ti_ReentSupport_getTlsAddr__I)
                  000169f0    00000018     sysbios.aem4f : BIOS.obj (.text:xdc_runtime_Error_init__E)
                  00016a08    00000018                   : BIOS.obj (.text:xdc_runtime_System_exit__E)
                  00016a20    00000016     mqtt_release.a : mqtt_net_func.oem4f (.text:MQTTNet_commClose)
                  00016a36    00000016                    : mqtt_common.oem4f (.text:MQTT_clCtxReset)
                  00016a4c    00000016                    : mqtt_common.oem4f (.text:MQTT_packetFree)
                  00016a62    00000016                    : mqtt_common.oem4f (.text:MQTT_packetInit)
                  00016a78    00000016     simplelink.a : driver.obj (.text:_SlDrvMemZero)
                  00016a8e    00000002     --HOLE-- [fill = 0]
                  00016a90    00000016     sysbios.aem4f : BIOS.obj (.text:clockFxn$41)
                  00016aa6    00000002     --HOLE-- [fill = 0]
                  00016aa8    00000016                   : BIOS.obj (.text:pthread_mutex_destroy)
                  00016abe    00000016     rtsv7M4_T_le_v4SPD16_eabi.lib : strchr.c.obj (.text:strchr)
                  00016ad4    00000016     release_pem4f.oem4f (.text:ti_sysbios_BIOS_exitFunc__I)
                  00016aea    00000006     mqtt_release.a : client_core.oem4f (.text:qos2PubRxIsDone)
                  00016af0    00000016     sysbios.aem4f : BIOS.obj (.text:ti_sysbios_knl_Clock_start__E)
                  00016b06    00000002     --HOLE-- [fill = 0]
                  00016b08    00000016                   : BIOS.obj (.text:ti_sysbios_knl_Task_unblock__E)
                  00016b1e    00000002     --HOLE-- [fill = 0]
                  00016b20    00000014     dpl_msp432p4x1xi.aem4f : ClockP_tirtos.oem4f (.text:ClockP_usleep)
                  00016b34    00000014     mqtt_release.a : mqttclient.oem4f (.text:MQTTClient_publish)
                  00016b48    00000014                    : mqtt_net_func.oem4f (.text:MQTTNet_rtcSecs)
                  00016b5c    00000014                    : mqtt_common.oem4f (.text:MQTT_packetAckWlistAppend)
                  00016b70    00000014                    : mqtt_common.oem4f (.text:MQTT_packetReset)
                  00016b84    00000014     msp432p4xx_driverlib.lib : pcm.o (.text:PCM_getPowerState)
                  00016b98    00000014     drivers_msp432p4x1xi.aem4f : PowerMSP432.oem4f (.text:Power_idleFunc)
                  00016bac    00000014                                : SPI.oem4f (.text:SPI_Params_init)
                  00016bc0    00000014     slnetsock_release.a : slnetsock.oem4f (.text:SlNetSock_sdsClrAll)
                  00016bd4    00000014     mqtt_release.a : client_core.oem4f (.text:ack1WlRmfree)
                  00016be8    00000014     drivers_msp432p4x1xi.aem4f : UARTMSP432.oem4f (.text:clearTXCPTIFG)
                  00016bfc    00000004     --HOLE-- [fill = 0]
                  00016c00    00000014     sysbios.aem4f : BIOS.obj (.text:pthread_attr_setschedparam)
                  00016c14    00000014     rtsv7M4_T_le_v4SPD16_eabi.lib : strcpy.c.obj (.text:strcpy)
                  00016c28    00000014                                   : strlen.c.obj (.text:strlen)
                  00016c3c    00000014     release_pem4f.oem4f (.text:ti_sysbios_family_arm_m3_Hwi_Object__get__S)
                  00016c50    00000014     sysbios.aem4f : BIOS.obj (.text:ti_sysbios_family_arm_m3_Hwi_switchFromBootStack__E)
                  00016c64    00000014     release_pem4f.oem4f (.text:ti_sysbios_heaps_HeapMem_Object__get__S)
                  00016c78    00000014     release_pem4f.oem4f (.text:ti_sysbios_knl_Clock_doTick__I)
                  00016c8c    00000014     release_pem4f.oem4f (.text:ti_sysbios_knl_Swi_Object__get__S)
                  00016ca0    00000014     mqtt_client_app.obj (.text:timerCallback)
                  00016cb4    00000014     mqtt_release.a : client_core.oem4f (.text:txPartBufP)
                  00016cc8    00000014                    : client_core.oem4f (.text:txPartReset)
                  00016cdc    00000012     drivers_msp432p4x1xi.aem4f : RingBuf.oem4f (.text:RingBuf_construct)
                  00016cee    00000012     dpl_msp432p4x1xi.aem4f : SemaphoreP_tirtos.oem4f (.text:SemaphoreP_pend)
                  00016d00    00000012     slnetifwifi.a : slnetifwifi.obj (.text:SlNetIfWifi_close)
[...]
00017339  ti_sysbios_hal_Hwi_HwiProxy_startup__E                          
00017339  ti_sysbios_hal_Hwi_startup__E                                   
00017359  ti_sysbios_family_arm_m3_Hwi_doTaskRestore__I                   
00017361  HwiP_restore                                                    
00017361  ti_sysbios_family_arm_m3_Hwi_restoreFxn__E                      
00017361  ti_sysbios_hal_Hwi_HwiProxy_restore__E                          
00017369  ti_sysbios_gates_GateHwi_leave__E                               
00017371  ti_sysbios_heaps_HeapMem_isBlocking__E                          
00017379  ti_sysbios_knl_Clock_stop__E                                    
00017381  ti_sysbios_knl_Queue_Instance_init__E                           
00017389  ti_sysbios_knl_Swi_startup__E                                   
00017391  xdc_runtime_System_Module_startup__E                            
00017399  __aeabi_errno_addr                                              
000173a1  ti_sysbios_gates_GateHwi_query__E                               
000173a1  xdc_runtime_Main_Module_GateProxy_query__E                      
000173a1  xdc_runtime_System_Module_GateProxy_query__E                    
000173a9  ti_sysbios_BIOS_RtsGateProxy_query__E                           
000173a9  ti_sysbios_gates_GateMutex_query__E                             
000173a9  ti_sysbios_heaps_HeapMem_Module_GateProxy_query__E              
000173b1  ti_sysbios_knl_Clock_setTimeout__E                              
000173b9  ti_sysbios_knl_Task_startup__E                                  
000173c1  ti_sysbios_BIOS_linkedWithIncorrectBootLibrary__E               
000173c9  ti_sysbios_gates_GateHwi_Instance_init__E                       
000173d1  ti_sysbios_knl_Clock_logTick__E                                 
000173d9  xdc_runtime_SysCallback_defaultAbort                            
000173e1  xdc_runtime_SysCallback_defaultExit                             
000173e9  xdc_runtime_System_abortSpin__E                                 
000173f1  xdc_runtime_System_exitSpin__E                                  
000173f4  _ctypes_                                                        
000174f5  xdc_runtime_Error_policy__C                                     
000174f6  OpcodeTranslateTable                                            
000175c8  _SlActionLookupTable                                            
000176a8  ti_sysbios_knl_Task_Object__PARAMS__C                           
000176e4  PowerMSP432_config                                              
0001771c  ti_sysbios_knl_Mailbox_Object__PARAMS__C                        
00017780  ti_sysbios_family_arm_m3_Hwi_Object__PARAMS__C                  
000177dc  UARTMSP432_fxnTable                                             
00017804  ti_sysbios_heaps_HeapMem_Module__FXNS__C                        
0001782c  UART_defaultParams                                              
00017850  spiMSP432DMAHWAttrs                                             
00017874  ti_sysbios_gates_GateHwi_Module__FXNS__C                        
00017898  ti_sysbios_gates_GateMutex_Module__FXNS__C                      
000178bc  ti_sysbios_heaps_HeapMem_Object__PARAMS__C                      
000178e0  ti_sysbios_knl_Clock_Object__PARAMS__C                          
00017904  ti_sysbios_knl_Semaphore_Object__PARAMS__C                      
00017928  xdc_runtime_Startup_sfxnTab__A                                  
0001796c  SPI_defaultParams                                               
000179ac  TimerMSP432HWAttrs                                              
000179cc  TimerMSP432_Timer32_fxnTable                                    
00017a0c  ti_sysbios_family_arm_m3_Hwi_Object__DESC__C                    
00017a2c  ti_sysbios_gates_GateHwi_Object__DESC__C                        
00017a4c  ti_sysbios_gates_GateMutex_Object__DESC__C                      
00017a6c  ti_sysbios_heaps_HeapMem_Object__DESC__C                        
00017a8c  ti_sysbios_knl_Clock_Object__DESC__C                            
00017aac  ti_sysbios_knl_Mailbox_Object__DESC__C                          
00017acc  ti_sysbios_knl_Queue_Object__DESC__C                            
00017aec  ti_sysbios_knl_Semaphore_Object__DESC__C                        
00017b0c  ti_sysbios_knl_Task_Object__DESC__C                             
00017b2c  SPIMSP432DMA_fxnTable                                           
00017b44  Timer_config                                                    
00017b5c  ti_sysbios_gates_GateHwi_Object__PARAMS__C                      
00017b74  ti_sysbios_gates_GateMutex_Object__PARAMS__C                    
00017b8c  ti_sysbios_knl_Queue_Object__PARAMS__C                          
00017ba4  ti_sysbios_knl_Task_hooks__A                                    
00017bfe  ti_sysbios_family_arm_m3_Hwi_Module__id__C                      
00017c64  GPIOMSP432_config                                               
00017c8c  xdc_runtime_Startup_sfxnRts__A                                  
00017c9e  ti_sysbios_heaps_HeapMem_Module__id__C                          
00017d00  SPI_config                                                      
00017d0c  UART_config                                                     
00017d30  udmaMSP432HWAttrs                                               
00017d3c  wifiSimplelinkHWAttrs                                           
00017d48  xdc_runtime_Startup_firstFxns__A                                
00017d54  UDMAMSP432_config                                               
00017d74  heap0                                                           
00017d78  tiposix_mqGate                                                  
00017d7c  ti_sysbios_knl_Idle_funcList__A                                 
00017d84  ti_sysbios_knl_Idle_funcList__C                                 
00017d8c  ti_sysbios_knl_Task_hooks__C                                    
00017d94  xdc_runtime_Startup_firstFxns__C                                
00017d9c  xdc_runtime_Startup_lastFxns__C                                 
00017db0  Display_count                                                   
00017db1  SPI_count                                                       
00017db2  Timer_count                                                     
00017db3  UART_count                                                      
00017db4  Button_count                                                    
00017db5  WiFi_count                                                      
00017dd8  WiFi_config                                                     
00017dfc  _SlNetAppSendResponseCmdCtrl                                    
00017e00  _SlNetAppSendTokenValueCmdCtrl                                  
00017e34  ti_sysbios_family_arm_m3_Hwi_E_alreadyDefined__C                
00017e38  ti_sysbios_family_arm_m3_Hwi_E_badIntNum__C                     
00017e3c  ti_sysbios_family_arm_m3_Hwi_NUM_INTERRUPTS__C                  
00017e40  ti_sysbios_family_arm_m3_Hwi_Object__count__C                   
00017e44  ti_sysbios_family_arm_m3_Hwi_ccr__C                             
00017e48  ti_sysbios_family_arm_m3_Hwi_excHandlerFunc__C                  
00017e4c  ti_sysbios_family_arm_m3_Hwi_nullIsrFunc__C                     
00017e50  ti_sysbios_family_arm_m3_Hwi_priGroup__C                        
00017e54  ti_sysbios_family_arm_m3_Hwi_swiDisable__C                      
00017e58  ti_sysbios_family_arm_m3_Hwi_swiRestore__C                      
00017e5c  ti_sysbios_family_arm_m3_TaskSupport_stackAlignment__C          
00017e60  ti_sysbios_family_arm_msp432_Timer_numTimerDevices__C           
00017e64  ti_sysbios_family_arm_msp432_Timer_startupNeeded__C             
00017e68  ti_sysbios_gates_GateMutex_Instance_State_sem__O                
00017e6c  ti_sysbios_heaps_HeapMem_E_memory__C                            
00017e70  ti_sysbios_heaps_HeapMem_Module__gateObj__C                     
00017e74  ti_sysbios_heaps_HeapMem_Object__count__C                       
00017e78  ti_sysbios_heaps_HeapMem_primaryHeapBaseAddr__C                 
00017e7c  ti_sysbios_heaps_HeapMem_primaryHeapEndAddr__C                  
00017e80  ti_sysbios_heaps_HeapMem_reqAlign__C                            
00017e84  ti_sysbios_knl_Clock_Module_State_clockQ__O                     
00017e88  ti_sysbios_knl_Clock_tickPeriod__C                              
00017e8c  ti_sysbios_knl_Mailbox_Instance_State_dataQue__O                
00017e90  ti_sysbios_knl_Mailbox_Instance_State_dataSem__O                
00017e94  ti_sysbios_knl_Mailbox_Instance_State_freeQue__O                
00017e98  ti_sysbios_knl_Mailbox_Instance_State_freeSem__O                
00017e9c  ti_sysbios_knl_Mailbox_Object__count__C                         
00017ea0  ti_sysbios_knl_Mailbox_maxTypeAlign__C                          
00017ea4  ti_sysbios_knl_Semaphore_Instance_State_pendQ__O                
00017ea8  ti_sysbios_knl_Swi_Object__count__C                             
00017eac  ti_sysbios_knl_Task_Module_State_inactiveQ__O                   
00017eb0  ti_sysbios_knl_Task_Object__count__C                            
00017eb4  ti_sysbios_knl_Task_Object__heap__C                             
00017eb8  ti_sysbios_knl_Task_allBlockedFunc__C                           
00017ebc  ti_sysbios_knl_Task_defaultStackHeap__C                         
00017ec0  ti_sysbios_knl_Task_defaultStackSize__C                         
00017ec4  ti_sysbios_knl_Task_numConstructedTasks__C                      
00017ec8  xdc_runtime_Error_E_memory__C                                   
00017ecc  xdc_runtime_Error_policyFxn__C                                  
00017ed0  xdc_runtime_IGateProvider_Interface__BASE__C                    
00017ed4  xdc_runtime_IHeap_Interface__BASE__C                            
00017ed8  xdc_runtime_IModule_Interface__BASE__C                          
00017edc  xdc_runtime_Memory_defaultHeapInstance__C                       
00017ee0  xdc_runtime_Startup_execImpl__C                                 
00017ee4  xdc_runtime_Startup_maxPasses__C                                
00017ee8  xdc_runtime_Startup_sfxnRts__C                                  
00017eec  xdc_runtime_Startup_sfxnTab__C                                  
00017ef0  xdc_runtime_SysCallback_abortFxn__C                             
00017ef4  xdc_runtime_SysCallback_exitFxn__C                              
00017ef8  xdc_runtime_System_Module__gateObj__C                           
00017efc  xdc_runtime_System_abortFxn__C                                  
00017f00  xdc_runtime_System_exitFxn__C                                   
00017f04  xdc_runtime_System_maxAtexitHandlers__C                         
00017f0e  xdc_runtime_Memory_Module__id__C                                
00017f10  __TI_static_base__                                              
00018244  __TI_Handler_Table_Base                                         
00018250  __TI_Handler_Table_Limit                                        
00018258  __TI_CINIT_Base                                                 
00018268  __TI_CINIT_Limit                                                
20000000  __start___llvm_prf_cnts                                         
20000000  __stop___llvm_prf_cnts                                          
20000000  ti_sysbios_family_arm_m3_Hwi_ramVectors                         
20000140  __primary_heap_start__                                          
20008140  __primary_heap_end__                                            
20008a00  g_CB                                                            
20008dfc  clients                                                         
200090b0  ti_sysbios_knl_Task_Instance_State_0_stack__A                   
200092b0  ti_sysbios_family_arm_m3_Hwi_dispatchTable                      
200095d0  savedate                                                        
20009704  uartMSP432Objects                                               
20009784  timerMSP432Objects                                              
20009834  spiMSP432DMAObjects                                             
200098ac  GlobalLockObj                                                   
200098d8  g_SlInternalSpawnCB                                             
20009900  g_ucConnectionSSID                                              
200099b8  MQTTClient_Lib_CB                                               
200099c8  DeviceCB                                                        
200099d4  Msg                                                             
200099e0  params1                                                         
200099f4  g_ucConnectionBSSID                                             
20009a08  ClockP_tickPeriod                                               
20009a0c  appQueue                                                        
20009a10  connected                                                       
20009a14  deinit                                                          
20009a18  ti_sysbios_knl_Task_Instance_State_0_hookEnv__A                 
20009a1c  timer0                                                          
20009a20  timer1                                                          
20009a24  MQTTClient_waitSecs                                             
20009a26  g_usConnectIndex                                                
20009a28  RxIrqCnt                                                        
20009a29  udmaMSP432Object                                                
20009a2c  PowerMSP432_perfLevels                                          
20009bf4  ti_sysbios_knl_Swi_Module_State_0_readyQ__A                     
20009c74  ti_sysbios_knl_Task_Module_State_0_readyQ__A                    
20009cf4  SlNetIfConfigWifi                                               
20009d4c  ti_sysbios_gates_GateMutex_Object__table__V                     
20009da0  ti_sysbios_knl_Task_Object__table__V                            
20009dec  ti_sysbios_family_arm_msp432_Timer_Object__table__V             
20009e30  ti_sysbios_knl_Task_Module__state__V                            
20009eac  ti_sysbios_family_arm_m3_Hwi_Module__state__V                   
20009ee0  ti_sysbios_knl_Swi_Object__table__V                             
20009f10  PowerMSP432_module                                              
20009f3c  ti_sysbios_knl_Clock_Module__state__V                           
20009f68  MQTTClient_net                                                  
20009f90  g_LibsEvents                                                    
20009fb4  g_UserEvents                                                    
20009fd8  gpioCallbackFunctions                                           
20009ffc  gpioPinConfigs                                                  
2000a020  ti_sysbios_BIOS_Module__state__V                                
2000a044  ti_sysbios_family_arm_msp432_Timer_Module_State_0_device__A     
2000a064  xdc_runtime_Error_IgnoreBlock                                   
2000a0a0  ti_sysbios_knl_Swi_Module__state__V                             
2000a0bc  mqttClientParams                                                
2000a0d4  mqttConnParams                                                  
2000a0ec  ti_sysbios_family_arm_m3_Hwi_Object__table__V                   
2000a104  ti_sysbios_heaps_HeapMem_Object__table__V                       
2000a134  _tz                                                             
2000a154  longPress                                                       
2000a158  last                                                            
2000a15c  now                                                             
2000a160  counter                                                         
2000a164  ti_sysbios_family_arm_msp432_Timer_Module_State_0_handles__A    
2000a174  ClientId                                                        
2000a182  ti_sysbios_family_arm_m3_Hwi_Module_State_0_excActive__A        
2000a184  mqttWillParams                                                  
2000a190  g_ulStaIp                                                       
2000a194  g_ulGatewayIP                                                   
2000a198  g_ulStatus                                                      
2000a19c  gGlobalLockCntRequested                                         
2000a19d  gGlobalLockCntReleased                                          
2000a19e  g_SlDeviceStatus                                                
2000a1a0  g_pCB                                                           
2000a1a4  pPingCallBackFunc                                               
2000a1a8  ti_sysbios_family_arm_msp432_ClockFreqs_Module__state__V        
2000a1b4  ti_sysbios_family_arm_msp432_Timer_Module__state__V             
2000a1cc  MQTTClient_closeContext                                         
2000a1d0  MQTTClient_clientContext                                        
2000a1d4  MQTTClient_multiSrvConn                                         
2000a1d8  _lock                                                           
2000a1dc  _unlock                                                         
2000a1e0  MQTTClient_clientCfg                                            
2000a1e8  mqttInitParams                                                  
2000a1f0  g_SpiFd                                                         
2000a1f4  g_Host_irq_Hndlr                                                
2000a1f8  ti_sysbios_family_arm_m3_Hwi_Module__root__V                    
2000a200  ti_sysbios_gates_GateHwi_Module__root__V                        
2000a208  ti_sysbios_gates_GateMutex_Module__root__V                      
2000a210  ti_sysbios_heaps_HeapMem_Module__root__V                        
2000a218  ti_sysbios_knl_Clock_Module__root__V                            
2000a220  ti_sysbios_knl_Mailbox_Module__root__V                          
2000a228  ti_sysbios_knl_Queue_Module__root__V                            
2000a230  ti_sysbios_knl_Semaphore_Module__root__V                        
2000a238  ti_sysbios_knl_Task_Module__root__V                             
2000a240  xdc_runtime_Startup_Module__state__V                            
2000a248  xdc_runtime_System_Module_State_0_atexitHandlers__A             
2000a250  xdc_runtime_System_Module__state__V                             
2000a260  MQTTClient_connectCfg                                           
2000a264  main_func_sp                                                    
2000a26c  ti_sysbios_family_arm_m3_Hwi_Module_State_0_excContext__A       
2000a270  ti_sysbios_family_arm_m3_Hwi_Module_State_0_excStack__A         
2000a274  ti_sysbios_gates_GateHwi_Object__table__V                       
2000a278  ti_sysbios_knl_Task_Module_State_0_idleTask__A                  
2000a27c  ti_sysbios_rts_ti_ReentSupport_Module__state__V                 
2000a280  xdc_runtime_Memory_Module__state__V                             
2003fc00  __stack                                                         
20040000  __STACK_END                                                     
4000480c  WDTCTL_SYM                                                      
e000e000  ti_sysbios_family_arm_m3_Hwi_nvic                               
ffffffff  __TI_pprof_out_hndl                                             
ffffffff  __TI_prof_data_size                                             
ffffffff  __TI_prof_data_start                                            
ffffffff  __binit__                                                       
ffffffff  __c_args__                                                      
ffffffff  binit                                                           
UNDEFED   SHT$$INIT_ARRAY$$Base                                           
UNDEFED   SHT$$INIT_ARRAY$$Limit                                          

[1003 symbols]
