******************************************************************************
                  TI ARM Linker Unix v20.2.5                   
******************************************************************************
>> Linked Tue Dec 28 16:04:53 2021

OUTPUT FILE NAME:   <zzzz_project_with_adc.out>
ENTRY POINT SYMBOL: "_c_int00"  address: 00013119


MEMORY CONFIGURATION

         name            origin    length      used     unused   attr    fill
----------------------  --------  ---------  --------  --------  ----  --------
  MAIN                  00000000   00200000  000197b0  001e6850  R  X
  INFO                  00200000   00008000  00000000  00008000  R  X
  SRAM_CODE             01000000   00040000  0000abde  00035422  RW X
  SRAM_DATA             20000000   00040000  0000abde  00035422  RW  


SEGMENT ALLOCATION MAP

run origin  load origin   length   init length attrs members
----------  ----------- ---------- ----------- ----- -------
00000000    00000000    000197b8   000197b8    r-x
  00000000    00000000    0000003c   0000003c    r-- .resetVecs
  00000040    00000040    000187f2   000187f2    r-x .text
  00018834    00018834    00000bda   00000bda    r-- .const
  00019410    00019410    000003a8   000003a8    r-- .cinit
20000140    20000140    00008000   00000000    r--
  20000140    20000140    00008000   00000000    r-- .priheap
20008200    20008200    000026a0   00000000    rw-
  20008200    20008200    00001c6e   00000000    rw- .bss
  20009e70    20009e70    00000a30   00000000    rw- .data
2003fc00    2003fc00    00000400   00000000    rw-
  2003fc00    2003fc00    00000400   00000000    rw- .stack


SECTION ALLOCATION MAP

 output                                  attributes/
section   page    origin      length       input sections
--------  ----  ----------  ----------   ----------------
.text      0    00000040    000187f2     
                  00000040    00000a4e     rtsv7M4_T_le_v4SPD16_eabi.lib : _printfi.c.obj (.text:__TI_printfi)
                  00000a8e    00000002     ti_drivers_config.obj (.text:Board_initHook)
                  00000a90    000008e8     simplelink.a : driver.obj (.text:_SlDrvMsgRead)
                  00001378    00000730     mqtt_client_app.obj (.text:mainThread)
                  00001aa8    000004bc     simplelink.a : sl_socket.obj (.text:_SlSocketHandleAsync_Select)
                  00001f64    00000384                  : driver.obj (.text:_SlDrvMsgWrite)
                  000022e8    00000320     network_if.obj (.text:Network_IF_ConnectAP)
                  00002608    0000030c     simplelink.a : driver.obj (.text:_SlDrvReleasePoolObj)
                  00002914    000002d8     drivers_msp432p4x1xi.aem4f : UARTMSP432.oem4f (.text:UARTMSP432_open)
                  00002bec    000002d8     simplelink.a : driver.obj (.text:_SlDrvRxHdrRead)
                  00002ec4    000002d4     drivers_msp432p4x1xi.aem4f : PowerMSP432.oem4f (.text:Power_sleep)
                  00003198    000002d0     simplelink.a : driver.obj (.text:_SlDrvWaitForPoolObj)
                  00003468    000002b8     mqtt_if.obj (.text:MQTTAppThread)
                  00003720    000002b0     simplelink.a : wlan.obj (.text:sl_WlanProfileAdd)
                  000039d0    000002ac                  : sl_socket.obj (.text:sl_Select)
                  00003c7c    000002a0     rtsv7M4_T_le_v4SPD16_eabi.lib : mktime.c.obj (.text:__mktime32)
                  00003f1c    00000290     mqtt_client_app.obj (.text:WifiInit)
                  000041ac    0000028d     network_if.obj (.text:SimpleLinkSockEventHandler)
                  00004439    00000001     --HOLE-- [fill = 0]
                  0000443a    00000002     simplelink.a : cc_pal.obj (.text:NwpMaskInterrupt)
                  0000443c    0000028c     drivers_msp432p4x1xi.aem4f : SPIMSP432DMA.oem4f (.text:SPIMSP432DMA_open)
                  000046c8    0000028a     msp432p4xx_driverlib.lib : pcm.o (.text:__PCM_setPowerStateAdvanced)
                  00004952    00000002     simplelink.a : cc_pal.obj (.text:NwpUnMaskInterrupt)
                  00004954    00000284     drivers_msp432p4x1xi.aem4f : PowerMSP432.oem4f (.text:initPerfControl)
                  00004bd8    0000027c     simplelink.a : wlan.obj (.text:sl_WlanConnect)
                  00004e54    00000270     rtsv7M4_T_le_v4SPD16_eabi.lib : _printfi.c.obj (.text:_pconv_a)
                  000050c4    00000264     network_if.obj (.text:Network_IF_InitDriver)
                  00005328    0000025c     simplelink.a : driver.obj (.text:_SlDrvDataReadOp)
                  00005584    0000024c     mqtt_if.obj (.text:MQTT_IF_Connect)
                  000057d0    00000238     mqtt_client_app.obj (.text:DisplayAppBanner)
                  00005a08    0000022c     mqtt_client_app.obj (.text:MQTT_EventCallback)
                  00005c34    00000218     simplelink.a : driver.obj (.text:_SlDrvDataWriteOp)
                  00005e4c    000001f4                  : driver.obj (.text:_SlDrvMsgReadCmdCtx)
                  00006040    000001f2                  : netapp.obj (.text:_SlNetAppEventHandler)
                  00006232    00000002     dpl_msp432p4x1xi.aem4f : PowerMSP432_tirtos.oem4f (.text:PowerMSP432_initPolicy)
                  00006234    000001e8     mqtt_if.obj (.text:MQTT_IF_Subscribe)
                  0000641c    000001e1     network_if.obj (.text:SimpleLinkFatalErrorEventHandler)
                  000065fd    00000001     --HOLE-- [fill = 0]
                  000065fe    00000002     drivers_msp432p4x1xi.aem4f : TimerMSP432.oem4f (.text:TimerMSP432_init)
                  00006600    000001dc     simplelink.a : device.obj (.text:sl_Stop)
                  000067dc    000001d8     network_if.obj (.text:SimpleLinkWlanEventHandler)
                  000069b4    000001d0     rtsv7M4_T_le_v4SPD16_eabi.lib : _printfi.c.obj (.text:_pconv_g)
                  00006b84    000001b6                                   : fd_add_t2.asm.obj (.text)
                  00006d3a    00000006     drivers_msp432p4x1xi.aem4f : ADCMSP432.oem4f (.text:ADCMSP432_control)
                  00006d40    000001b0     sysbios.aem4f : BIOS.obj (.text:mq_open)
                  00006ef0    000001a8     simplelink.a : sl_socket.obj (.text:sl_Accept)
                  00007098    000001a4                  : driver.obj (.text:_SlDrvDriverCBInit)
                  0000723c    000001a4                  : driver.obj (.text:_SlDrvReleaseAllActivePendingPoolObj)
                  000073e0    000001a0     mqtt_if.obj (.text:MQTT_IF_Init)
                  00007580    00000198     slnetsock_release.a : slnetsock.oem4f (.text:SlNetSock_select)
                  00007718    00000190     simplelink.a : sl_socket.obj (.text:_SlDrvRegisterForSelectAsync)
                  000078a8    00000188     dht11.obj (.text:read_dht11)
                  00007a30    00000184     simplelink.a : driver.obj (.text:_SlDrvFindAndSetActiveObj)
                  00007bb4    00000180     network_if.obj (.text:SimpleLinkNetAppEventHandler)
                  00007d34    00000178     simplelink.a : sl_socket.obj (.text:sl_Connect)
                  00007eac    00000170     drivers_msp432p4x1xi.aem4f : GPIOMSP432.oem4f (.text:GPIO_setConfig)
                  0000801c    00000170     simplelink.a : netapp.obj (.text:sl_NetAppDnsGetHostByName)
                  0000818c    0000016c     mqtt_if.obj (.text:MQTT_IF_Deinit)
                  000082f8    00000160     msp432p4xx_driverlib.lib : adc14.o (.text:_getIndexForMemRegister)
                  00008458    00000160     mqtt_release.a : mqtt_net_func.oem4f (.text:createSocket)
                  000085b8    0000015c     msp432p4xx_driverlib.lib : pcm.o (.text:__PCM_setPowerModeAdvanced)
                  00008714    00000154     mqtt_release.a : mqttclient.oem4f (.text:MQTTClient_connect)
                  00008868    00000154     simplelink.a : sl_socket.obj (.text:sl_RecvFrom)
                  000089bc    0000014c     drivers_msp432p4x1xi.aem4f : TimerMSP432.oem4f (.text:TimerMSP432_open)
                  00008b08    00000148     simplelink.a : sl_socket.obj (.text:_SlDrvGetNextTimeoutValue)
                  00008c50    00000148                  : sl_socket.obj (.text:sl_StartTLS)
                  00008d98    00000140                  : driver.obj (.text:_SlDrvMsgReadSpawnCtx)
                  00008ed8    0000013c     rtsv7M4_T_le_v4SPD16_eabi.lib : _printfi.c.obj (.text:_pconv_e)
                  00009014    00000138     simplelink.a : driver.obj (.text:_SlSpawnMsgListInsert)
                  0000914c    00000136     rtsv7M4_T_le_v4SPD16_eabi.lib : fd_div_t2.asm.obj (.text)
                  00009282    00000002     drivers_msp432p4x1xi.aem4f : UARTMSP432.oem4f (.text:UARTMSP432_init)
                  00009284    00000134     simplelink.a : sl_socket.obj (.text:_SlSocketHandleAsync_StartTLS)
                  000093b8    00000130     drivers_msp432p4x1xi.aem4f : UDMAMSP432.oem4f (.text:setupInterrupt)
                  000094e8    0000012e     mqtt_client_app.obj (.text:formatdata)
                  00009616    00000002     rtsv7M4_T_le_v4SPD16_eabi.lib : _lock.c.obj (.text:_nop)
                  00009618    0000012c     sysbios.aem4f : BIOS.obj (.text:ti_sysbios_knl_Semaphore_pend__E)
                  00009744    00000128     simplelink.a : driver.obj (.text:_SlDrvClassifyRxMsg)
                  0000986c    00000124     rtsv7M4_T_le_v4SPD16_eabi.lib : _printfi.c.obj (.text:fcvt)
                  00009990    00000124     simplelink.a : fs.obj (.text:sl_FsOpen)
                  00009ab4    00000120     drivers_msp432p4x1xi.aem4f : SPIMSP432DMA.oem4f (.text:SPIMSP432DMA_transfer)
                  00009bd4    00000120     simplelink.a : driver.obj (.text:_SlDrvAsyncEventGenericHandler)
                  00009cf4    0000011c     msp432p4xx_driverlib.lib : uart.o (.text:UART_initModule)
                  00009e10    0000011c     simplelink.a : device.obj (.text:sl_Start)
                  00009f2c    00000118                  : netapp.obj (.text:_SlNetAppHandleAsync_DnsGetHostByService)
                  0000a044    00000114     rtsv7M4_T_le_v4SPD16_eabi.lib : fputs.c.obj (.text:fputs)
                  0000a158    00000112     mqtt_release.a : mqtt_common.oem4f (.text:MQTT_PacketRecv)
                  0000a26a    00000002     rtsv7M4_T_le_v4SPD16_eabi.lib : div0.asm.obj (.text)
                  0000a26c    00000110                                   : s_scalbn.c.obj (.text:scalbn)
                  0000a37c    00000110                                   : strtoul.c.obj (.text:strtoul)
                  0000a48c    00000108     slnetsock_release.a : slnetutils.oem4f (.text:SlNetUtil_str2BinIpV6)
                  0000a594    00000108     msp432p4xx_driverlib.lib : pcm.o (.text:__PCM_setCoreVoltageLevelAdvanced)
                  0000a69c    00000004     release_pem4f.oem4f (.text:.bootCodeSection:ti_sysbios_family_arm_msp432_init_Boot_init__I)
                  0000a6a0    00000108     sysbios.aem4f : BIOS.obj (.text:ti_sysbios_knl_Task_postInit__I)
                  0000a7a8    00000108                   : BIOS.obj (.text:xdc_runtime_Startup_startMods__I)
                  0000a8b0    00000104     simplelink.a : device.obj (.text:_SlDeviceEventHandler)
                  0000a9b4    00000104                  : driver.obj (.text:_SlDrvCmdOp)
                  0000aab8    00000104     sysbios.aem4f : BIOS.obj (.text:ti_sysbios_knl_Task_Instance_finalize__E)
                  0000abbc    00000100     mqtt_if.obj (.text:MQTTClientCallback)
                  0000acbc    00000100     simplelink.a : driver.obj (.text:_SlDrvObjGlobalLockWaitForever)
                  0000adbc    00000100                  : fs.obj (.text:sl_FsWrite)
                  0000aebc    000000fc     drivers_msp432p4x1xi.aem4f : ADCMSP432.oem4f (.text:ADCMSP432_convert)
                  0000afb8    000000fc                                : SPIMSP432DMA.oem4f (.text:SPIMSP432DMA_transferCancel)
                  0000b0b4    000000fc                                : SPIMSP432DMA.oem4f (.text:configDMA)
                  0000b1b0    000000fc     rtsv7M4_T_le_v4SPD16_eabi.lib : fd_mul_t2.asm.obj (.text)
                  0000b2ac    000000f8     mqtt_release.a : mqttclient.oem4f (.text:MqttClientCtxCreate)
                  0000b3a4    000000f8     slnetifwifi.a : slnetifwifi.obj (.text:SlNetIfWifi_loadSecObj)
                  0000b49c    000000f8     simplelink.a : sl_socket.obj (.text:sl_Close)
                  0000b594    000000f8     mqtt_release.a : client_core.oem4f (.text:utf8ArraySend)
                  0000b68c    000000f6                    : mqtt_net_func.oem4f (.text:MQTTNet_commOpen)
                  0000b782    00000002     release_pem4f.oem4f (.text:ti_sysbios_BIOS_nullFunc__I)
                  0000b784    000000f4     simplelink.a : sl_socket.obj (.text:sl_SendTo)
                  0000b878    000000f0     msp432p4xx_driverlib.lib : dma.o (.text:DMA_setChannelTransfer)
                  0000b968    000000f0     sysbios.aem4f : BIOS.obj (.text:pthread_create)
                  0000ba58    000000f0                   : m3_Hwi_asm.obj (.text:ti_sysbios_family_arm_m3_Hwi_dispatch__I)
                  0000bb48    000000e4     msp432p4xx_driverlib.lib : cs.o (.text:CS_startHFXTWithTimeout)
                  0000bc2c    000000e4     slnetsock_release.a : slnetif.oem4f (.text:SlNetIf_add)
                  0000bd10    000000e0     msp432p4xx_driverlib.lib : cs.o (.text:CS_startLFXTWithTimeout)
                  0000bdf0    000000e0     sysbios.aem4f : BIOS.obj (.text:ti_sysbios_knl_Task_Instance_init__E)
                  0000bed0    000000de     mqtt_release.a : client_core.oem4f (.text:connectMsgSend)
                  0000bfae    00000002     --HOLE-- [fill = 0]
                  0000bfb0    000000dc     drivers_msp432p4x1xi.aem4f : UARTMSP432.oem4f (.text:UARTMSP432_readPolling)
                  0000c08c    000000dc                                : UDMAMSP432.oem4f (.text:UDMAMSP432_close)
                  0000c168    000000dc     msp432p4xx_driverlib.lib : cs.o (.text:_CSGetHFXTFrequency)
                  0000c244    000000dc     rtsv7M4_T_le_v4SPD16_eabi.lib : setvbuf.c.obj (.text:setvbuf)
                  0000c320    000000d8     uart_term.obj (.text:GetCmd)
                  0000c3f8    000000d8     simplelink.a : device.obj (.text:_SlDeviceHandleAsync_InitComplete)
                  0000c4d0    000000d8                  : driver.obj (.text:_SlDrvWaitForInternalAsyncEvent)
                  0000c5a8    000000d8                  : netapp.obj (.text:_SlNetAppHandleAsync_NetAppReceive)
                  0000c680    000000d8     sysbios.aem4f : BIOS.obj (.text:ti_sysbios_knl_Mailbox_Instance_init__E)
                  0000c758    000000d0     simplelink.a : driver.obj (.text:_SlDrvDriverCBDeinit)
                  0000c828    000000d0                  : driver.obj (.text:_SlDrvRemoveFromList)
                  0000c8f8    000000d0     sysbios.aem4f : BIOS.obj (.text:ti_sysbios_heaps_HeapMem_alloc__E)
                  0000c9c8    000000cc     mqtt_release.a : mqttclient.oem4f (.text:processNotifyAckCB)
                  0000ca94    000000c4     drivers_msp432p4x1xi.aem4f : UARTMSP432.oem4f (.text:UARTMSP432_hwiIntFxn)
                  0000cb58    000000c4     sysbios.aem4f : BIOS.obj (.text:clock_gettime)
                  0000cc1c    000000c0     mqtt_if.obj (.text:MQTT_IF_Disconnect)
                  0000ccdc    000000c0     mqtt_release.a : mqttclient.oem4f (.text:MqttClientSub)
                  0000cd9c    000000c0     drivers_msp432p4x1xi.aem4f : UARTMSP432.oem4f (.text:UARTMSP432_control)
                  0000ce5c    000000c0     simplelink.a : netcfg.obj (.text:sl_NetCfgGet)
                  0000cf1c    000000bc     drivers_msp432p4x1xi.aem4f : TimerMSP432.oem4f (.text:TimerMSP432_setPeriod)
                  0000cfd8    000000bc                                : TimerMSP432.oem4f (.text:TimerMSP432_start)
                  0000d094    000000bc     simplelink.a : netapp.obj (.text:_SlNetAppSendResponse)
                  0000d150    000000bc     mqtt_release.a : client_core.oem4f (.text:clCtxConnStateTryLocked)
                  0000d20c    000000bc     simplelink.a : sl_socket.obj (.text:sl_Send)
                  0000d2c8    000000bc     sysbios.aem4f : BIOS.obj (.text:ti_sysbios_knl_Task_sleep__E)
                  0000d384    000000b8     simplelink.a : netapp.obj (.text:_SlNetAppHandleAsync_DnsGetHostByName)
                  0000d43c    000000b8                  : netapp.obj (.text:_SlNetAppHandleAsync_PingResponse)
                  0000d4f4    000000b8     mqtt_client_app.obj (.text:controlTopicCB)
                  0000d5ac    000000b8     dht11.obj (.text:dht11_init)
                  0000d664    000000b8     drivers_msp432p4x1xi.aem4f : UARTMSP432.oem4f (.text:initHw)
                  0000d71c    000000b8     mqtt_client_app.obj (.text:pushButtonConnectionHandler)
                  0000d7d4    000000b8     drivers_msp432p4x1xi.aem4f : UARTMSP432.oem4f (.text:readTaskCallback)
                  0000d88c    000000b8     simplelink.a : device.obj (.text:sl_DeviceGet)
                  0000d944    000000b8                  : wlan.obj (.text:sl_WlanGet)
                  0000d9fc    00000004     msp432p4xx_driverlib.lib : cpu.o (.text:CPU_wfi)
                  0000da00    000000b8     sysbios.aem4f : BIOS.obj (.text:ti_sysbios_family_arm_m3_Hwi_Instance_init__E)
                  0000dab8    000000b4     msp432p4xx_driverlib.lib : adc14.o (.text:ADC14_configureConversionMemory)
                  0000db6c    000000b4     mqtt_release.a : mqttclient.oem4f (.text:MqttClient_send)
                  0000dc20    000000b4     drivers_msp432p4x1xi.aem4f : UARTMSP432.oem4f (.text:UARTMSP432_writePolling)
                  0000dcd4    000000b4     simplelink.a : driver.obj (.text:_SlDrvHandleFatalError)
                  0000dd88    000000b4                  : netutil.obj (.text:_SlNetUtilHandleAsync_Cmd)
                  0000de3c    000000b4                  : sl_socket.obj (.text:sl_GetSockOpt)
                  0000def0    000000b4                  : cc_pal.obj (.text:spi_Read)
                  0000dfa4    000000b4                  : cc_pal.obj (.text:spi_Write)
                  0000e058    000000b1     rtsv7M4_T_le_v4SPD16_eabi.lib : _printfi.c.obj (.text:_ltostr)
                  0000e109    00000001     --HOLE-- [fill = 0]
                  0000e10a    000000b0     msp432p4xx_driverlib.lib : spi.o (.text:SPI_initMaster)
                  0000e1ba    00000002     --HOLE-- [fill = 0]
                  0000e1bc    000000b0     slnetifwifi.a : slnetifwifi.obj (.text:SlNetIfWifi_getSockOpt)
                  0000e26c    00000004     dpl_msp432p4x1xi.aem4f : ClockP_tirtos.oem4f (.text:ClockP_setTimeout)
                  0000e270    000000b0     sysbios.aem4f : BIOS.obj (.text:ti_sysbios_knl_Clock_workFuncDynamic__E)
                  0000e320    000000ae     slnetifwifi.a : slnetifwifi.obj (.text:matchModeByRole)
                  0000e3ce    00000002     --HOLE-- [fill = 0]
                  0000e3d0    000000ac     drivers_msp432p4x1xi.aem4f : GPIOMSP432.oem4f (.text:GPIO_init)
                  0000e47c    000000ac     simplelink.a : sl_socket.obj (.text:_SlSocketHandleAsync_Close)
                  0000e528    000000ac                  : sl_socket.obj (.text:_SlSocketHandleAsync_Connect)
                  0000e5d4    00000004     dpl_msp432p4x1xi.aem4f : ClockP_tirtos.oem4f (.text:ClockP_start)
                  0000e5d8    000000aa     sysbios.aem4f : BIOS.obj (.text:xdc_runtime_Core_createObject__I)
                  0000e682    00000002     --HOLE-- [fill = 0]
                  0000e684    000000a8     network_if.obj (.text:Network_IF_IpConfigGet)
                  0000e72c    000000a8     drivers_msp432p4x1xi.aem4f : UARTMSP432.oem4f (.text:readTaskBlocking)
                  0000e7d4    000000a8     simplelink.a : fs.obj (.text:sl_FsClose)
                  0000e87c    00000004     dpl_msp432p4x1xi.aem4f : ClockP_tirtos.oem4f (.text:ClockP_stop)
                  0000e880    000000a8     sysbios.aem4f : BIOS.obj (.text:ti_sysbios_family_arm_msp432_Timer_periodicStub__E)
                  0000e928    000000a6     uart_term.obj (.text:Report)
                  0000e9ce    000000a6     simplelink.a : driver.obj (.text:_SlDrvIsTimeoutExpired)
                  0000ea74    000000a4     mqtt_release.a : mqttclient.oem4f (.text:MQTTClient_create)
                  0000eb18    000000a4                    : mqttclient.oem4f (.text:MQTTClient_delete)
                  0000ebbc    000000a4                    : mqttclient.oem4f (.text:MqttClientConfig)
                  0000ec60    000000a4     drivers_msp432p4x1xi.aem4f : TimerMSP432.oem4f (.text:initTimerHardware)
                  0000ed04    000000a4     simplelink.a : sl_socket.obj (.text:sl_Bind)
                  0000eda8    000000a4     sysbios.aem4f : BIOS.obj (.text:ti_sysbios_knl_Task_setPri__E)
                  0000ee4c    000000a2     drivers_msp432p4x1xi.aem4f : UARTMSP432.oem4f (.text:UARTMSP432_write)
                  0000eeee    00000002     --HOLE-- [fill = 0]
                  0000eef0    000000a0     simplelink.a : fs.obj (.text:FsGetCreateFsMode)
                  0000ef90    000000a0                  : sl_socket.obj (.text:_SlDrvUnRegisterForSelectAsync)
                  0000f030    000000a0                  : driver.obj (.text:_SlSpawnMsgListProcess)
                  0000f0d0    000000a0     auto_init.aem4f : auto_init.oem4f (.text)
                  0000f170    000000a0     drivers_msp432p4x1xi.aem4f : UARTMSP432.oem4f (.text:readIsrTextCallback)
                  0000f210    0000009c     mqtt_release.a : client_core.oem4f (.text:MQTTClientCore_initLib)
                  0000f2ac    0000009c                    : client_core.oem4f (.text:MQTTClientCore_sendPubMsg)
                  0000f348    0000009c                    : client_core.oem4f (.text:_msgDispatch)
                  0000f3e4    0000009c     rtsv7M4_T_le_v4SPD16_eabi.lib : memcpy_t2.asm.obj (.text)
                  0000f480    0000009c     drivers_msp432p4x1xi.aem4f : TimerMSP432.oem4f (.text:setT32TickCount)
                  0000f51c    0000009c                                : TimerMSP432.oem4f (.text:setTATickCount)
                  0000f5b8    0000009a     mqtt_release.a : client_core.oem4f (.text:procPubMsgRx)
                  0000f652    00000002     --HOLE-- [fill = 0]
                  0000f654    00000098     mqtt_if.obj (.text:MQTT_IF_Publish)
                  0000f6ec    00000098     uart_term.obj (.text:TrimSpace)
                  0000f784    00000098     drivers_msp432p4x1xi.aem4f : UARTMSP432.oem4f (.text:UARTMSP432_close)
                  0000f81c    00000096     mqtt_release.a : mqtt_net_func.oem4f (.text:MQTTNet_tcpSelect)
                  0000f8b2    00000096     rtsv7M4_T_le_v4SPD16_eabi.lib : ull_div_t2.asm.obj (.text)
                  0000f948    00000094     simplelink.a : cc_pal.obj (.text:Semaphore_pend_handle)
                  0000f9dc    00000094     drivers_msp432p4x1xi.aem4f : UDMAMSP432.oem4f (.text:UDMAMSP432_init)
                  0000fa70    00000094                                : UDMAMSP432.oem4f (.text:UDMAMSP432_open)
                  0000fb04    00000004     dpl_msp432p4x1xi.aem4f : HwiP_tirtos.oem4f (.text:HwiP_clearInterrupt)
                  0000fb08    00000094     sysbios.aem4f : BIOS.obj (.text:_pthread_removeThreadKeys)
                  0000fb9c    00000004     dpl_msp432p4x1xi.aem4f : HwiP_tirtos.oem4f (.text:HwiP_disable)
                  0000fba0    00000094     sysbios.aem4f : BIOS.obj (.text:ti_sysbios_family_arm_m3_Hwi_initNVIC__E)
                  0000fc34    00000004     dpl_msp432p4x1xi.aem4f : HwiP_tirtos.oem4f (.text:HwiP_disableInterrupt)
                  0000fc38    00000094     sysbios.aem4f : BIOS.obj (.text:ti_sysbios_knl_Task_exit__E)
                  0000fccc    00000092     slnetsock_release.a : slnetsock.oem4f (.text:SlNetSock_create)
                  0000fd5e    00000092     drivers_msp432p4x1xi.aem4f : UARTMSP432.oem4f (.text:writeData)
                  0000fdf0    00000090     slnetsock_release.a : slnetsock.oem4f (.text:SlNetSock_getVirtualSdConf)
                  0000fe80    00000090     simplelink.a : device.obj (.text:_SlDeviceHandleAsync_Stop)
                  0000ff10    00000090                  : sl_socket.obj (.text:_SlSocketHandleAsync_Accept)
                  0000ffa0    00000090     mqtt_release.a : mqttclient.oem4f (.text:processPublishRxCB)
                  00010030    00000090     sysbios.aem4f : BIOS.obj (.text:ti_sysbios_knl_Task_Module_startup__E)
                  000100c0    0000008c     drivers_msp432p4x1xi.aem4f : ADCMSP432.oem4f (.text:ADCMSP432_open)
                  0001014c    0000008c     mqtt_release.a : client_core.oem4f (.text:MQTTClientCore_createCtx)
                  000101d8    0000008c     drivers_msp432p4x1xi.aem4f : PowerMSP432.oem4f (.text:Power_init)
                  00010264    0000008c     slnetsock_release.a : slnetsock.oem4f (.text:SlNetSock_accept)
                  000102f0    0000008c     simplelink.a : driver.obj (.text:_SlDrvDriverIsApiAllowed)
                  0001037c    0000008c                  : driver.obj (.text:_SlDrvProtectAsyncRespSetting)
                  00010408    0000008c     rtsv7M4_T_le_v4SPD16_eabi.lib : fputc.c.obj (.text:fputc)
                  00010494    0000008c     drivers_msp432p4x1xi.aem4f : UARTMSP432.oem4f (.text:readIsrTextBlocking)
                  00010520    0000008c     simplelink.a : sl_socket.obj (.text:sl_Recv)
                  000105ac    0000008c     sysbios.aem4f : m3_TaskSupport_asm.obj (.text:ti_sysbios_family_arm_m3_TaskSupport_buildTaskStack)
                  00010638    0000008c                   : BIOS.obj (.text:xdc_runtime_Memory_alloc__E)
                  000106c4    00000088     mqtt_release.a : client_core.oem4f (.text:procConnackRx)
                  0001074c    00000088     simplelink.a : eventreg.obj (.text:sl_UnregisterLibsEventHandler)
                  000107d4    00000004     dpl_msp432p4x1xi.aem4f : HwiP_tirtos.oem4f (.text:HwiP_enableInterrupt)
                  000107d8    00000088     sysbios.aem4f : BIOS.obj (.text:ti_sysbios_knl_Mailbox_post__E)
                  00010860    00000088     mqtt_release.a : client_core.oem4f (.text:wrConnectPayload)
                  000108e8    00000086     rtsv7M4_T_le_v4SPD16_eabi.lib : fd_cmp_t2.asm.obj (.text:__aeabi_cdcmple)
                  0001096e    00000086                                   : fd_cmp_t2.asm.obj (.text:__aeabi_cdrcmple)
                  000109f4    00000086     drivers_msp432p4x1xi.aem4f : SPIMSP432DMA.oem4f (.text:initHw)
                  00010a7a    00000006                                : SPIMSP432DMA.oem4f (.text:SPIMSP432DMA_control)
                  00010a80    00000086     sysbios.aem4f : BIOS.obj (.text:xdc_runtime_Core_constructObject__I)
                  00010b06    00000084     mqtt_if.obj (.text:MQTTHelperTopicMatching)
                  00010b8a    00000002     --HOLE-- [fill = 0]
                  00010b8c    00000084     msp432p4xx_driverlib.lib : pcm.o (.text:PCM_gotoLPM3)
                  00010c10    00000084     slnetifwifi.a : slnetifwifi.obj (.text:SlNetIfWifi_sockstartSec)
                  00010c94    00000084     slnetsock_release.a : slnetutils.oem4f (.text:SlNetUtil_getHostByName)
                  00010d18    00000084     drivers_msp432p4x1xi.aem4f : TimerMSP432.oem4f (.text:TimerMSP432_stop)
                  00010d9c    00000084     mqtt_release.a : client_core.oem4f (.text:mqpSetupProcCtxDataRecv)
                  00010e20    00000084     drivers_msp432p4x1xi.aem4f : PowerMSP432.oem4f (.text:restartHFXT)
                  00010ea4    00000084     simplelink.a : sl_socket.obj (.text:sl_SetSockOpt)
                  00010f28    00000084     sysbios.aem4f : BIOS.obj (.text:ti_sysbios_family_arm_m3_Hwi_postInit__I)
                  00010fac    00000004     drivers_msp432p4x1xi.aem4f : SPIMSP432DMA.oem4f (.text:SPIMSP432DMA_init)
                  00010fb0    00000084     sysbios.aem4f : BIOS.obj (.text:ti_sysbios_heaps_HeapMem_free__E)
                  00011034    00000080     mqtt_release.a : client_core.oem4f (.text:clCtxPartSend)
                  000110b4    0000007c     mqtt_if.obj (.text:MQTTContextThread)
                  00011130    0000007c     sysbios.aem4f : BIOS.obj (.text:_pthread_abstime2ticks)
                  000111ac    0000007c     mqtt_release.a : client_core.oem4f (.text:procCtxDataRecv)
                  00011228    0000007a     rtsv7M4_T_le_v4SPD16_eabi.lib : memset_t2.asm.obj (.text)
                  000112a2    00000002     --HOLE-- [fill = 0]
                  000112a4    00000078     mqtt_release.a : mqtt_net_func.oem4f (.text:MQTTNet_recvFrom)
                  0001131c    00000078     drivers_msp432p4x1xi.aem4f : TimerMSP432.oem4f (.text:TimerMSP432_allocateTimerResource)
                  00011394    00000078     simplelink.a : sl_socket.obj (.text:sl_Socket)
                  0001140c    00000074     mqtt_release.a : mqtt_net_func.oem4f (.text:MQTTNet_tcpAccept)
                  00011480    00000074     slnetsock_release.a : slnetsock.oem4f (.text:SlNetSock_AllocVirtualSocket)
                  000114f4    00000074     rtsv7M4_T_le_v4SPD16_eabi.lib : fclose.c.obj (.text:__TI_closefile)
                  00011568    00000074     mqtt_release.a : client_core.oem4f (.text:groupCtxsRxPrep)
                  000115dc    00000004     dpl_msp432p4x1xi.aem4f : SemaphoreP_tirtos.oem4f (.text:SemaphoreP_post)
                  000115e0    00000074     sysbios.aem4f : BIOS.obj (.text:ti_sysbios_knl_Clock_walkQueueDynamic__E)
                  00011654    00000004     slnetsock_release.a : slnetif.oem4f (.text:SlNetIf_init)
                  00011658    00000074     sysbios.aem4f : BIOS.obj (.text:ti_sysbios_knl_Mailbox_pend__E)
                  000116cc    00000072     mqtt_release.a : mqtt_common.oem4f (.text:MQTT_packetProcPubRx)
                  0001173e    00000002     --HOLE-- [fill = 0]
                  00011740    00000070     slnetsock_release.a : slnetsock.oem4f (.text:SlNetSock_secAttribSet)
                  000117b0    00000070     simplelink.a : driver.obj (.text:_SlDrvCmdSend_noLock)
                  00011820    00000070     sysbios.aem4f : BIOS.obj (.text:acquireMutexNone$47)
                  00011890    00000070                   : BIOS.obj (.text:ti_sysbios_heaps_HeapMem_initPrimary__I)
                  00011900    00000070                   : BIOS.obj (.text:ti_sysbios_knl_Mailbox_Instance_finalize__E)
                  00011970    0000006e     rtsv7M4_T_le_v4SPD16_eabi.lib : _printfi.c.obj (.text:_mcpy)
                  000119de    0000006e                                   : ll_div_t2.asm.obj (.text)
                  00011a4c    0000006c                                   : hostrename.c.obj (.text:HOSTrename)
                  00011ab8    0000006c     mqtt_release.a : mqttclient.oem4f (.text:MQTTClient_run)
                  00011b24    0000006c     simplelink.a : cc_pal.obj (.text:NwpRegisterInterruptHandler)
                  00011b90    0000006c     slnetsock_release.a : slnetutils.oem4f (.text:SlNetUtil_str2BinIpV4)
                  00011bfc    0000006c     simplelink.a : device.obj (.text:_SlDeviceHandleResetRequestInternally)
                  00011c68    0000006c                  : sl_socket.obj (.text:_SlDrvOpenCtrlSocket)
                  00011cd4    0000006c                  : netapp.obj (.text:_SlNetAppSendTokenValue)
                  00011d40    0000006c     sysbios.aem4f : BIOS.obj (.text:ti_sysbios_family_arm_msp432_Seconds_get__E)
                  00011dac    00000004     slnetsock_release.a : slnetutils.oem4f (.text:SlNetUtil_init)
                  00011db0    0000006c     sysbios.aem4f : BIOS.obj (.text:ti_sysbios_knl_Swi_restoreHwi__E)
                  00011e1c    0000006c     mqtt_client_app.obj (.text:waterButtonHandler)
                  00011e88    0000006a     mqtt_release.a : mqtt_net_func.oem4f (.text:MQTTNet_sendTo)
                  00011ef2    0000006a     drivers_msp432p4x1xi.aem4f : UARTMSP432.oem4f (.text:UARTMSP432_writeCancel)
                  00011f5c    00000068                                : GPIOMSP432.oem4f (.text:GPIO_hwiIntFxn)
                  00011fc4    00000068     rtsv7M4_T_le_v4SPD16_eabi.lib : hostlseek.c.obj (.text:HOSTlseek)
                  0001202c    00000068     mqtt_release.a : mqtt_common.oem4f (.text:MQTT_qos2PubCqUnlog)
                  00012094    00000068     drivers_msp432p4x1xi.aem4f : PowerMSP432.oem4f (.text:PowerMSP432_getFreqs)
                  000120fc    00000068     simplelink.a : driver.obj (.text:_SlSpawnMsgListGetCount)
                  00012164    00000068     rtsv7M4_T_le_v4SPD16_eabi.lib : copy_decompress_lzss.c.obj (.text:decompress:lzss:__TI_decompress_lzss)
                  000121cc    00000068     main_tirtos.obj (.text:main)
                  00012234    00000068     rtsv7M4_T_le_v4SPD16_eabi.lib : printf.c.obj (.text:printf)
                  0001229c    00000004                                   : printf.c.obj (.text:_outc)
                  000122a0    00000068     sysbios.aem4f : BIOS.obj (.text:ti_sysbios_knl_Clock_startI__E)
                  00012308    00000066                   : BIOS.obj (.text:xdc_runtime_Core_deleteObject__I)
                  0001236e    00000064     mqtt_release.a : mqtt_common.oem4f (.text:MQTT_packetPubAppendTopic)
                  000123d2    00000064     drivers_msp432p4x1xi.aem4f : SPIMSP432DMA.oem4f (.text:SPIMSP432DMA_close)
                  00012436    00000064     mqtt_release.a : client_core.oem4f (.text:clientReset)
                  0001249a    00000002     --HOLE-- [fill = 0]
                  0001249c    00000064                    : client_core.oem4f (.text:doNetClose)
                  00012500    00000064     rtsv7M4_T_le_v4SPD16_eabi.lib : s_frexp.c.obj (.text:frexp)
                  00012564    00000064                                   : fseek.c.obj (.text:fseek)
                  000125c8    00000064     sysbios.aem4f : BIOS.obj (.text:ti_sysbios_family_arm_m3_Hwi_dispatchC__I)
                  0001262c    00000062     rtsv7M4_T_le_v4SPD16_eabi.lib : _io_perm.c.obj (.text:__TI_wrt_ok)
                  0001268e    00000002     --HOLE-- [fill = 0]
                  00012690    00000060     drivers_msp432p4x1xi.aem4f : ADCMSP432.oem4f (.text:ADCMSP432_convertToMicroVolts)
                  000126f0    00000060                                : GPIOMSP432.oem4f (.text:GPIO_setCallback)
                  00012750    00000060     rtsv7M4_T_le_v4SPD16_eabi.lib : hostopen.c.obj (.text:HOSTopen)
                  000127b0    00000060     slnetsock_release.a : slnetsock.oem4f (.text:SlNetSock_recvFrom)
                  00012810    00000060                         : slnetsock.oem4f (.text:SlNetSock_sendTo)
                  00012870    00000060     sysbios.aem4f : BIOS.obj (.text:pthread_exit)
                  000128d0    00000060     simplelink.a : cc_pal.obj (.text:spi_Open)
                  00012930    00000060     sysbios.aem4f : BIOS.obj (.text:ti_sysbios_family_arm_msp432_Timer_setNextTick__E)
                  00012990    00000060                   : BIOS.obj (.text:ti_sysbios_knl_Semaphore_post__E)
                  000129f0    00000060                   : BIOS.obj (.text:ti_sysbios_knl_Swi_run__I)
                  00012a50    0000005e     msp432p4xx_driverlib.lib : pcm.o (.text:PCM_getCoreVoltageLevel)
                  00012aae    0000005e     slnetifwifi.a : slnetifwifi.obj (.text:SlNetIfWifi_setSockOpt)
                  00012b0c    0000005c     uart_term.obj (.text:InitTerm)
                  00012b68    0000005c     mqtt_release.a : client_core.oem4f (.text:MQTTClientCore_exitLib)
                  00012bc4    0000005c                    : mqtt_net_func.oem4f (.text:MQTTNet_tcpListen)
                  00012c20    0000005c     simplelink.a : spawn.obj (.text:_SlInternalSpawn)
                  00012c7c    0000005c     rtsv7M4_T_le_v4SPD16_eabi.lib : close.c.obj (.text:close)
                  00012cd8    0000005c     sysbios.aem4f : BIOS.obj (.text:ti_sysbios_family_arm_msp432_Timer_getCurrentTick__E)
                  00012d34    00000004     rtsv7M4_T_le_v4SPD16_eabi.lib : printf.c.obj (.text:_outs)
                  00012d38    0000005c     sysbios.aem4f : BIOS.obj (.text:ti_sysbios_knl_Swi_schedule__I)
                  00012d94    00000004     mqtt_release.a : mqttclient.oem4f (.text:mutexLockup)
                  00012d98    0000005c     sysbios.aem4f : BIOS.obj (.text:ti_sysbios_knl_Task_startCore__E)
                  00012df4    00000004     mqtt_release.a : mqttclient.oem4f (.text:mutexUnlock)
                  00012df8    0000005c     sysbios.aem4f : BIOS.obj (.text:xdc_runtime_Startup_exec__E)
                  00012e54    0000005a     msp432p4xx_driverlib.lib : pcm.o (.text:PCM_getPowerMode)
                  00012eae    0000005a     drivers_msp432p4x1xi.aem4f : ADCMSP432.oem4f (.text:initHw)
                  00012f08    00000058                                : GPIOMSP432.oem4f (.text:GPIO_write)
                  00012f60    00000058     rtsv7M4_T_le_v4SPD16_eabi.lib : hostread.c.obj (.text:HOSTread)
                  00012fb8    00000058                                   : hostwrite.c.obj (.text:HOSTwrite)
                  00013010    00000058     slnetsock_release.a : slnetsock.oem4f (.text:SlNetSock_recv)
                  00013068    00000058                         : slnetsock.oem4f (.text:SlNetSock_send)
                  000130c0    00000058     simplelink.a : sl_socket.obj (.text:_SlDrvClearCtrlSocket)
                  00013118    00000058     boot.aem4f : boot.oem4f (.text)
                  00013170    00000058     mqtt_release.a : client_core.oem4f (.text:clRecv)
                  000131c8    00000058     drivers_msp432p4x1xi.aem4f : UARTMSP432.oem4f (.text:readIsrBinaryBlocking)
                  00013220    00000058     mqtt_release.a : client_core.oem4f (.text:singleCtxKaSequence)
                  00013278    00000058     simplelink.a : sl_socket.obj (.text:sl_Listen)
                  000132d0    00000058                  : eventreg.obj (.text:sl_RegisterLibsEventHandler)
                  00013328    00000058     sysbios.aem4f : m3_Hwi_asm_switch.obj (.text:ti_sysbios_family_arm_m3_Hwi_initStacks__E)
                  00013380    00000056     mqtt_release.a : mqtt_common.oem4f (.text:MQTT_packetPubAppendData)
                  000133d6    00000056     rtsv7M4_T_le_v4SPD16_eabi.lib : _printfi.c.obj (.text:_pconv_f)
                  0001342c    00000056     mqtt_release.a : client_core.oem4f (.text:procAckMsgRx)
                  00013482    00000002     --HOLE-- [fill = 0]
                  00013484    00000054                    : client_core.oem4f (.text:MQTTClientCore_deleteCtx)
                  000134d8    00000054                    : client_core.oem4f (.text:MQTTClientCore_sendDisconn)
                  0001352c    00000054     msp432p4xx_driverlib.lib : pcm.o (.text:PCM_shutdownDevice)
                  00013580    00000054     drivers_msp432p4x1xi.aem4f : TimerMSP432.oem4f (.text:TimerMSP432_freeTimerResource)
                  000135d4    00000054     rtsv7M4_T_le_v4SPD16_eabi.lib : _ltoa.c.obj (.text:__TI_ltoa)
                  00013628    00000054     mqtt_release.a : client_core.oem4f (.text:grpNetSetupCreate)
                  0001367c    00000054     drivers_msp432p4x1xi.aem4f : SPIMSP432DMA.oem4f (.text:spiHwiFxn)
                  000136d0    00000054     release_pem4f.oem4f (.text:ti_sysbios_family_arm_m3_Hwi_create)
                  00013724    00000004     release_pem4f.oem4f (.text:ti_sysbios_BIOS_RtsGateProxy_enter__E)
                  00013728    00000054     sysbios.aem4f : BIOS.obj (.text:ti_sysbios_family_arm_msp432_Timer_initDevice__I)
                  0001377c    00000054     release_pem4f.oem4f (.text:ti_sysbios_knl_Mailbox_create)
                  000137d0    00000052     rtsv7M4_T_le_v4SPD16_eabi.lib : _printfi.c.obj (.text:_ecpy)
                  00013822    00000002     --HOLE-- [fill = 0]
                  00013824    00000050     dpl_msp432p4x1xi.aem4f : ClockP_tirtos.oem4f (.text:ClockP_create)
                  00013874    00000050     slnetsock_release.a : slnetif.oem4f (.text:SlNetIf_queryIf)
                  000138c4    00000050     drivers_msp432p4x1xi.aem4f : TimerMSP432.oem4f (.text:TimerMSP432_hwiIntFunction)
                  00013914    00000050                                : UDMAMSP432.oem4f (.text:UDMAMSP432_hwiFxn)
                  00013964    00000050     simplelink.a : sl_socket.obj (.text:_SlDrvCloseCtrlSocket)
                  000139b4    00000050                  : driver.obj (.text:_SlDrvCmdSend_noWait)
                  00013a04    00000050                  : driver.obj (.text:_SlDrvUpdateApiInProgress)
                  00013a54    00000050                  : spawn.obj (.text:_SlInternalSpawnTaskEntry)
                  00013aa4    00000050                  : eventreg.obj (.text:_SlNetAppHttpServerHdlr)
                  00013af4    00000050                  : eventreg.obj (.text:_SlNetAppRequestHdlr)
                  00013b44    00000050     mqtt_release.a : client_core.oem4f (.text:_procAckMsgRx)
                  00013b94    00000004     release_pem4f.oem4f (.text:ti_sysbios_BIOS_RtsGateProxy_leave__E)
                  00013b98    00000050     sysbios.aem4f : BIOS.obj (.text:mq_send)
                  00013be8    00000050                   : BIOS.obj (.text:ti_sysbios_family_arm_m3_Hwi_Module_startup__E)
                  00013c38    00000050     release_pem4f.oem4f (.text:ti_sysbios_knl_Task_create)
                  00013c88    0000004e     mqtt_release.a : client_core.oem4f (.text:MQTTClientCore_registerWillInfo)
                  00013cd6    0000004e     drivers_msp432p4x1xi.aem4f : TimerMSP432.oem4f (.text:TimerMSP432_close)
                  00013d24    0000004c     dpl_msp432p4x1xi.aem4f : PowerMSP432_tirtos.oem4f (.text:PowerMSP432_sleepPolicy)
                  00013d70    0000004c     slnetifwifi.a : slnetifwifi.obj (.text:SlNetIfWifi_getConnectionStatus)
                  00013dbc    0000004c     slnetsock_release.a : slnetsock.oem4f (.text:SlNetSock_freeVirtualSocket)
                  00013e08    0000004c                         : slnetsock.oem4f (.text:SlNetSock_startSec)
                  00013e54    0000004c     rtsv7M4_T_le_v4SPD16_eabi.lib : fflush.c.obj (.text:__TI_doflush)
                  00013ea0    0000004c     mqtt_release.a : client_core.oem4f (.text:ack1WlMqpDispatch)
                  00013eec    0000004c     rtsv7M4_T_le_v4SPD16_eabi.lib : atoi.c.obj (.text:atoi)
                  00013f38    0000004c                                   : cpy_tbl.c.obj (.text:copy_in)
                  00013f84    0000004c     dht11.obj (.text:countHandler)
                  00013fd0    0000004c     mqtt_release.a : client_core.oem4f (.text:loopbTrigger)
                  0001401c    0000004c     drivers_msp432p4x1xi.aem4f : UARTMSP432.oem4f (.text:readIsrBinaryCallback)
                  00014068    0000004c     mqtt_release.a : client_core.oem4f (.text:singleCtxRxPrep)
                  000140b4    0000004c     simplelink.a : wlan.obj (.text:sl_WlanSetMode)
                  00014100    0000004c     rtsv7M4_T_le_v4SPD16_eabi.lib : snprintf.c.obj (.text:snprintf)
                  0001414c    00000004     release_pem4f.oem4f (.text:ti_sysbios_family_arm_m3_Hwi_delete)
                  00014150    0000004c     sysbios.aem4f : BIOS.obj (.text:ti_sysbios_family_arm_msp432_Timer_postInit__I)
                  0001419c    00000004     release_pem4f.oem4f (.text:ti_sysbios_family_arm_m3_TaskSupport_Module__startupDone__S)
                  000141a0    0000004c     sysbios.aem4f : BIOS.obj (.text:ti_sysbios_family_arm_msp432_Timer_start__E)
                  000141ec    00000004     release_pem4f.oem4f (.text:ti_sysbios_heaps_HeapMem_Module_GateProxy_enter__E)
                  000141f0    0000004c     sysbios.aem4f : BIOS.obj (.text:ti_sysbios_heaps_HeapMem_getStats__E)
                  0001423c    00000004     release_pem4f.oem4f (.text:ti_sysbios_heaps_HeapMem_Module_GateProxy_leave__E)
                  00014240    0000004c     sysbios.aem4f : BIOS.obj (.text:ti_sysbios_knl_Swi_runLoop__I)
                  0001428c    00000004     release_pem4f.oem4f (.text:ti_sysbios_knl_Clock_TimerProxy_getCurrentTick__E)
                  00014290    0000004c     sysbios.aem4f : BIOS.obj (.text:ti_sysbios_knl_Task_allBlockedFunction__I)
                  000142dc    00000004     release_pem4f.oem4f (.text:ti_sysbios_knl_Clock_TimerProxy_getMaxTicks__E)
                  000142e0    0000004c     sysbios.aem4f : BIOS.obj (.text:ti_sysbios_knl_Task_schedule__I)
                  0001432c    0000004b     mqtt_client_app.obj (.text:ToggleLED1CB)
                  00014377    00000001     --HOLE-- [fill = 0]
                  00014378    0000004b     mqtt_client_app.obj (.text:ToggleLED2CB)
                  000143c3    00000001     --HOLE-- [fill = 0]
                  000143c4    0000004b     mqtt_client_app.obj (.text:ToggleLED3CB)
                  0001440f    00000001     --HOLE-- [fill = 0]
                  00014410    0000004a     mqtt_release.a : client_core.oem4f (.text:clCtxRecv)
                  0001445a    00000002     --HOLE-- [fill = 0]
                  0001445c    00000048                    : mqttclient.oem4f (.text:MQTTClient_set)
                  000144a4    00000048     drivers_msp432p4x1xi.aem4f : PowerMSP432.oem4f (.text:Power_releaseConstraint)
                  000144ec    00000048     slnetsock_release.a : slnetsock.oem4f (.text:SlNetSock_connect)
                  00014534    00000048                         : slnetsock.oem4f (.text:SlNetSock_init)
                  0001457c    00000048                         : slnetsock.oem4f (.text:SlNetSock_setOpt)
                  000145c4    00000048     simplelink.a : eventreg.obj (.text:_SlDeviceFatalErrorEvtHdlr)
                  0001460c    00000048                  : eventreg.obj (.text:_SlDeviceGeneralEvtHdlr)
                  00014654    00000048                  : driver.obj (.text:_SlDrvBasicCmd)
                  0001469c    00000048                  : driver.obj (.text:_SlDrvSyncObjWaitTimeout)
                  000146e4    00000048                  : eventreg.obj (.text:_SlNetAppEvtHdlr)
                  0001472c    00000048                  : eventreg.obj (.text:_SlNetAppRequestMemFree)
                  00014774    00000048                  : eventreg.obj (.text:_SlSockEvtHdlr)
                  000147bc    00000048                  : eventreg.obj (.text:_SlWlanEvtHdlr)
                  00014804    00000048     mqtt_release.a : client_core.oem4f (.text:bufUTF8WrTry)
                  0001484c    00000048                    : client_core.oem4f (.text:clCtxSetup)
                  00014894    00000004     release_pem4f.oem4f (.text:ti_sysbios_knl_Clock_TimerProxy_setNextTick__E)
                  00014898    00000048     sysbios.aem4f : BIOS.obj (.text:mq_close)
                  000148e0    00000048                   : BIOS.obj (.text:pthread_mutex_init)
                  00014928    00000048     rtsv7M4_T_le_v4SPD16_eabi.lib : fd_toi_t2.asm.obj (.text)
                  00014970    00000048     sysbios.aem4f : BIOS.obj (.text:ti_sysbios_family_arm_m3_Hwi_disableInterrupt__E)
                  000149b8    00000048                   : BIOS.obj (.text:ti_sysbios_family_arm_m3_Hwi_enableInterrupt__E)
                  00014a00    00000048                   : BIOS.obj (.text:ti_sysbios_knl_Mailbox_Module_startup__E)
                  00014a48    00000048     mqtt_release.a : client_core.oem4f (.text:wrConnectVh)
                  00014a90    00000048     sysbios.aem4f : BIOS.obj (.text:xdc_runtime_Core_assignParams__I)
                  00014ad8    00000046     drivers_msp432p4x1xi.aem4f : RingBuf.oem4f (.text:RingBuf_put)
                  00014b1e    00000002     --HOLE-- [fill = 0]
                  00014b20    00000044                                : ADC.oem4f (.text:ADC_init)
                  00014b64    00000044     rtsv7M4_T_le_v4SPD16_eabi.lib : hostclose.c.obj (.text:HOSTclose)
                  00014ba8    00000044                                   : hostunlink.c.obj (.text:HOSTunlink)
                  00014bec    00000044     mqtt_release.a : client_core.oem4f (.text:MQTTClientCore_run)
                  00014c30    00000044                    : mqtt_net_func.oem4f (.text:MQTTNet_tcpRecv)
                  00014c74    00000044                    : mqttclient.oem4f (.text:MqttClientCtxDelete)
                  00014cb8    00000044     drivers_msp432p4x1xi.aem4f : SPI.oem4f (.text:SPI_init)
                  00014cfc    00000044     slnetsock_release.a : slnetutils.oem4f (.text:SlNetUtil_strTok)
                  00014d40    00000044     drivers_msp432p4x1xi.aem4f : Timer.oem4f (.text:Timer_init)
                  00014d84    00000044                                : UART.oem4f (.text:UART_init)
                  00014dc8    00000044     simplelink.a : driver.obj (.text:_SlDrvRxIrqHandler)
                  00014e0c    00000044     rtsv7M4_T_le_v4SPD16_eabi.lib : getdevice.c.obj (.text:getdevice)
                  00014e50    00000044     sysbios.aem4f : BIOS.obj (.text:ti_sysbios_family_arm_m3_Hwi_getStackInfo__E)
                  00014e94    00000004     release_pem4f.oem4f (.text:ti_sysbios_knl_Clock_delete)
                  00014e98    00000044     sysbios.aem4f : BIOS.obj (.text:ti_sysbios_knl_Swi_post__E)
                  00014edc    00000044     mqtt_release.a : client_core.oem4f (.text:vhMsgSend)
                  00014f20    00000044     sysbios.aem4f : BIOS.obj (.text:xdc_runtime_System_atexit__E)
                  00014f64    00000043     mqtt_client_app.obj (.text:BrokerCB)
                  00014fa7    00000001     --HOLE-- [fill = 0]
                  00014fa8    00000043     mqtt_client_app.obj (.text:infoTopicCB)
                  00014feb    00000001     --HOLE-- [fill = 0]
                  00014fec    00000042     mqtt_release.a : mqtt_common.oem4f (.text:MQTT_packetBufRdRemlen)
                  0001502e    00000002     --HOLE-- [fill = 0]
                  00015030    00000040     drivers_msp432p4x1xi.aem4f : ADCMSP432.oem4f (.text:ADCMSP432_close)
                  00015070    00000040                                : ADC.oem4f (.text:ADC_open)
                  000150b0    00000040     simplelink.a : sl_socket.obj (.text:CountSetBits)
                  000150f0    00000040     dpl_msp432p4x1xi.aem4f : HwiP_tirtos.oem4f (.text:HwiP_create)
                  00015130    00000040     network_if.obj (.text:InitializeAppVariables)
                  00015170    00000040     mqtt_release.a : client_core.oem4f (.text:MQTTClientCore_registerCtxInfo)
                  000151b0    00000040     drivers_msp432p4x1xi.aem4f : RingBuf.oem4f (.text:RingBuf_get)
                  000151f0    00000040                                : SPI.oem4f (.text:SPI_open)
                  00015230    00000040     network_if.obj (.text:SimpleLinkGeneralEventHandler)
                  00015270    00000040     slnetsock_release.a : slnetsock.oem4f (.text:SlNetSock_bind)
                  000152b0    00000040     drivers_msp432p4x1xi.aem4f : Timer.oem4f (.text:Timer_open)
                  000152f0    00000040                                : UARTMSP432.oem4f (.text:UARTMSP432_read)
                  00015330    00000040                                : UART.oem4f (.text:UART_open)
                  00015370    00000040     simplelink.a : driver.obj (.text:_SlFindAndReleasePendingCmd)
                  000153b0    00000040                  : spawn.obj (.text:_SlInternalSpawnWaitForEvent)
                  000153f0    00000040                  : eventreg.obj (.text:_SlIsEventRegistered)
                  00015430    00000040     mqtt_release.a : mqttclient.oem4f (.text:_sl_ExtLib_ServerAckLockedWait)
                  00015470    00000040     msp432p4xx_driverlib.lib : spi.o (.text:is_A_Module)
                  000154b0    00000040     sysbios.aem4f : BIOS.obj (.text:mq_receive)
                  000154f0    00000040     mqtt_release.a : client_core.oem4f (.text:netConnect)
                  00015530    00000040     drivers_msp432p4x1xi.aem4f : UARTMSP432.oem4f (.text:perfChangeNotifyFxn)
                  00015570    00000040     photoresistor.obj (.text:read_photo_resistor)
                  000155b0    00000040     mqtt_client_app.obj (.text:sendinfo)
                  000155f0    00000040     sysbios.aem4f : BIOS.obj (.text:ti_sysbios_family_arm_msp432_Timer_Module_startup__E)
                  00015630    00000040                   : BIOS.obj (.text:ti_sysbios_family_arm_msp432_Timer_startup__E)
                  00015670    00000040                   : BIOS.obj (.text:ti_sysbios_heaps_HeapMem_Instance_init__E)
                  000156b0    00000040                   : BIOS.obj (.text:ti_sysbios_knl_Clock_Instance_init__E)
                  000156f0    00000040     rtsv7M4_T_le_v4SPD16_eabi.lib : vsnprintf.c.obj (.text:vsnprintf)
                  00015730    0000003e     mqtt_release.a : mqtt_common.oem4f (.text:MQTT_packetAckWlistRemove)
                  0001576e    0000003e                    : mqtt_common.oem4f (.text:MQTT_packetBufTailWrRemlen)
                  000157ac    0000003e     slnetsock_release.a : slnetsock.oem4f (.text:SlNetSock_close)
                  000157ea    0000003e     simplelink.a : sl_socket.obj (.text:_SlSocketBuildAddress)
                  00015828    0000003e     rtsv7M4_T_le_v4SPD16_eabi.lib : _printfi.c.obj (.text:_fcpy)
                  00015866    0000003e     mqtt_release.a : client_core.oem4f (.text:clCtxSeg1Send)
                  000158a4    0000003e                    : client_core.oem4f (.text:procPingrspRx)
                  000158e2    0000003e     release_pem4f.oem4f (.text:realloc)
                  00015920    0000003e     sysbios.aem4f : BIOS.obj (.text:sem_timedwait)
                  0001595e    00000002     --HOLE-- [fill = 0]
                  00015960    0000003c     mqtt_release.a : client_core.oem4f (.text:MQTTClientCore_registerBuffers)
                  0001599c    0000003c                    : mqttclient.oem4f (.text:MQTTClient_disconnect)
                  000159d8    0000003c                    : mqtt_common.oem4f (.text:MQTT_qos2PubCqCheck)
                  00015a14    0000003c     network_if.obj (.text:Network_IF_DisconnectFromAP)
                  00015a50    0000003c     dpl_msp432p4x1xi.aem4f : SemaphoreP_tirtos.oem4f (.text:SemaphoreP_create)
                  00015a8c    0000003c     simplelink.a : netapp.obj (.text:_SlNetAppCopyPingResultsToReport)
                  00015ac8    0000003c     mqtt_release.a : mqttclient.oem4f (.text:processDisconnCB)
                  00015b04    00000004     release_pem4f.oem4f (.text:ti_sysbios_knl_Semaphore_delete)
                  00015b08    0000003c     sysbios.aem4f : BIOS.obj (.text:pthread_mutex_unlock)
                  00015b44    0000003c     mqtt_release.a : client_core.oem4f (.text:singleCtxRxPrepLocked)
                  00015b80    0000003c     sysbios.aem4f : BIOS.obj (.text:sleep)
                  00015bbc    0000003c     mqtt_release.a : client_core.oem4f (.text:tailIncorpMsgID)
                  00015bf8    0000003c     sysbios.aem4f : BIOS.obj (.text:ti_sysbios_family_arm_m3_Hwi_Instance_finalize__E)
                  00015c34    00000004     release_pem4f.oem4f (.text:ti_sysbios_knl_Task_delete)
                  00015c38    0000003c     sysbios.aem4f : BIOS.obj (.text:ti_sysbios_family_arm_msp432_Seconds_Module_startup__E)
                  00015c74    0000003c     release_pem4f.oem4f (.text:ti_sysbios_knl_Clock_create)
                  00015cb0    0000003c     sysbios.aem4f : BIOS.obj (.text:ti_sysbios_knl_Swi_restore__E)
                  00015cec    0000003c     simplelink.a : sl_socket.obj (.text:to_mSec)
                  00015d28    0000003c     sysbios.aem4f : BIOS.obj (.text:usleep)
                  00015d64    00000004     release_pem4f.oem4f (.text:xdc_runtime_System_Module_GateProxy_enter__E)
                  00015d68    0000003c     sysbios.aem4f : BIOS.obj (.text:xdc_runtime_System_processAtExit__E)
                  00015da4    0000003a     slnetifwifi.a : slnetifwifi.obj (.text:SlNetIfWifi_getIPAddr)
                  00015dde    0000003a     mqtt_release.a : mqtt_common.oem4f (.text:mqpProcVhMsgIdRx)
                  00015e18    00000038     drivers_msp432p4x1xi.aem4f : GPIOMSP432.oem4f (.text:GPIO_toggle)
                  00015e50    00000038     mqtt_release.a : client_core.oem4f (.text:MQTTClientCore_registerNetSvc)
                  00015e88    00000038                    : mqtt_common.oem4f (.text:MQTT_qos2PubCqLogup)
                  00015ec0    00000038     drivers_msp432p4x1xi.aem4f : PowerMSP432.oem4f (.text:Power_setConstraint)
                  00015ef8    00000038     slnetifwifi.a : slnetifwifi.obj (.text:SlNetIfWifi_recvFrom)
                  00015f30    00000038                   : slnetifwifi.obj (.text:SlNetIfWifi_sendTo)
                  00015f68    00000038                   : slnetifwifi.obj (.text:SlNetIfWifi_socket)
                  00015fa0    00000038     slnetsock_release.a : slnetif.oem4f (.text:SlNetIf_configCheck)
                  00015fd8    00000038                         : slnetsock.oem4f (.text:SlNetSock_listen)
                  00016010    00000038                         : slnetutils.oem4f (.text:SlNetUtil_htonl)
                  00016048    00000038     drivers_msp432p4x1xi.aem4f : TimerMSP432.oem4f (.text:TimerMSP432_getCount)
                  00016080    00000038     rtsv7M4_T_le_v4SPD16_eabi.lib : trgmsg.c.obj (.text:__TI_writemsg)
                  000160b8    00000038     mqtt_release.a : client_core.oem4f (.text:mqpAllocAtomic)
                  000160f0    00000038                    : client_core.oem4f (.text:netRecv)
                  00016128    00000038     drivers_msp432p4x1xi.aem4f : PowerMSP432.oem4f (.text:notify)
                  00016160    00000037     network_if.obj (.text:Network_IF_DeInitDriver)
                  00016197    00000001     --HOLE-- [fill = 0]
                  00016198    00000036     mqtt_release.a : mqtt_common.oem4f (.text:MQTT_packetPrepFh)
                  000161ce    00000036     slnetifwifi.a : slnetifwifi.obj (.text:SlNetIfWifi_getHostByName)
                  00016204    00000036                   : slnetifwifi.obj (.text:SlNetIfWifi_select)
                  0001623a    00000036     drivers_msp432p4x1xi.aem4f : UARTMSP432.oem4f (.text:UARTMSP432_readCancel)
                  00016270    00000036     mqtt_release.a : client_core.oem4f (.text:_procPubRecRx)
                  000162a6    00000036     rtsv7M4_T_le_v4SPD16_eabi.lib : strncpy.c.obj (.text:strncpy)
                  000162dc    00000034     drivers_msp432p4x1xi.aem4f : GPIOMSP432.oem4f (.text:GPIO_clearInt)
                  00016310    00000034                                : GPIOMSP432.oem4f (.text:GPIO_disableInt)
                  00016344    00000034                                : GPIOMSP432.oem4f (.text:GPIO_enableInt)
                  00016378    00000034     slnetsock_release.a : slnetutils.oem4f (.text:SlNetUtil_htons)
                  000163ac    00000034     rtsv7M4_T_le_v4SPD16_eabi.lib : fopen.c.obj (.text:__TI_cleanup)
                  000163e0    00000034                                   : trgmsg.c.obj (.text:__TI_readmsg)
                  00016414    00000034     mqtt_release.a : client_core.oem4f (.text:groupCtxsKaSequence)
                  00016448    00000034                    : client_core.oem4f (.text:mqpFreeLocked)
                  0001647c    00000034                    : client_core.oem4f (.text:procLoopbackRecv)
                  000164b0    00000034     release_pem4f.oem4f (.text:ti_sysbios_knl_Semaphore_create)
                  000164e4    00000032     mqtt_release.a : mqtt_common.oem4f (.text:MQTT_clCtxTimeoutInsert)
                  00016516    00000032                    : client_core.oem4f (.text:connectedStateRx)
                  00016548    00000032     sysbios.aem4f : BIOS.obj (.text:ti_sysbios_hal_Hwi_initStack)
                  0001657a    00000002     --HOLE-- [fill = 0]
                  0001657c    00000030     drivers_msp432p4x1xi.aem4f : ADCMSP432.oem4f (.text:ADCMSP432_init)
                  000165ac    00000030     simplelink.a : cc_pal.obj (.text:HostIrqGPIO_callback)
                  000165dc    00000030                  : driver.obj (.text:_SlDrvGlobalObjUnLock)
                  0001660c    00000030                  : fs.obj (.text:_SlFsStrlen)
                  0001663c    00000030     rtsv7M4_T_le_v4SPD16_eabi.lib : snprintf.c.obj (.text:_outs)
                  0001666c    00000030                                   : vsnprintf.c.obj (.text:_outs)
                  0001669c    00000030     mqtt_release.a : client_core.oem4f (.text:ack2MsgIdUnlog)
                  000166cc    00000030                    : client_core.oem4f (.text:clientDescInit)
                  000166fc    00000004     release_pem4f.oem4f (.text:xdc_runtime_System_Module_GateProxy_leave__E)
                  00016700    00000030     sysbios.aem4f : BIOS.obj (.text:findInList$42)
                  00016730    00000030     rtsv7M4_T_le_v4SPD16_eabi.lib : getdevice.c.obj (.text:finddevice)
                  00016760    00000030     mqtt_release.a : mqttclient.oem4f (.text:getAvailableClictxMem)
                  00016790    00000030     drivers_msp432p4x1xi.aem4f : SPIMSP432DMA.oem4f (.text:mapPin)
                  000167c0    00000030                                : UARTMSP432.oem4f (.text:mapPin)
                  000167f0    00000030     release_pem4f.oem4f (.text:ti_sysbios_BIOS_atExitFunc__I)
                  00016820    00000030     release_pem4f.oem4f (.text:ti_sysbios_BIOS_startFunc__I)
                  00016850    00000030     sysbios.aem4f : BIOS.obj (.text:ti_sysbios_family_arm_m3_TaskSupport_start__E)
                  00016880    00000030     release_pem4f.oem4f (.text:ti_sysbios_gates_GateHwi_Object__create__S)
                  000168b0    00000030     release_pem4f.oem4f (.text:ti_sysbios_gates_GateMutex_Object__create__S)
                  000168e0    00000030     sysbios.aem4f : BIOS.obj (.text:ti_sysbios_gates_GateMutex_enter__E)
                  00016910    00000030     release_pem4f.oem4f (.text:ti_sysbios_heaps_HeapMem_Object__create__S)
                  00016940    00000030     sysbios.aem4f : BIOS.obj (.text:ti_sysbios_knl_Mailbox_postInit__I)
                  00016970    00000030     release_pem4f.oem4f (.text:ti_sysbios_knl_Semaphore_construct)
                  000169a0    00000030     sysbios.aem4f : BIOS.obj (.text:ti_sysbios_knl_Semaphore_pendTimeout__I)
                  000169d0    00000030                   : BIOS.obj (.text:ti_sysbios_knl_Task_processVitalTaskFlag__I)
                  00016a00    00000030                   : BIOS.obj (.text:ti_sysbios_knl_Task_restore__E)
                  00016a30    00000030                   : BIOS.obj (.text:ti_sysbios_knl_Task_unblockI__E)
                  00016a60    0000002e     simplelink.a : cc_pal.obj (.text:Mutex_create_handle)
                  00016a8e    0000002e     rtsv7M4_T_le_v4SPD16_eabi.lib : i_tofd_t2.asm.obj (.text)
                  00016abc    0000002e     release_pem4f.oem4f (.text:ti_sysbios_rts_MemAlloc_alloc)
                  00016aea    0000002c     dpl_msp432p4x1xi.aem4f : PowerMSP432_tirtos.oem4f (.text:PowerMSP432_updateFreqs)
                  00016b16    00000002     --HOLE-- [fill = 0]
                  00016b18    0000002c     msp432p4xx_driverlib.lib : rtc_c.o (.text:RTC_C_holdClock)
                  00016b44    0000002c     dpl_msp432p4x1xi.aem4f : SemaphoreP_tirtos.oem4f (.text:SemaphoreP_createBinary)
                  00016b70    0000002c     slnetifwifi.a : slnetifwifi.obj (.text:SlNetIfWifi_recv)
                  00016b9c    0000002c                   : slnetifwifi.obj (.text:SlNetIfWifi_send)
                  00016bc8    0000002c     simplelink.a : driver.obj (.text:_SlDrvSyncObjWaitForever)
                  00016bf4    00000004     --HOLE-- [fill = 0]
                  00016bf8    0000002c     sysbios.aem4f : BIOS.obj (.text:_pthread_cleanupFxn)
                  00016c24    00000004     --HOLE-- [fill = 0]
                  00016c28    0000002c                   : BIOS.obj (.text:_pthread_delete$43)
                  00016c54    0000002c     mqtt_release.a : client_core.oem4f (.text:doNetCloseRx)
                  00016c80    0000002c     drivers_msp432p4x1xi.aem4f : TimerMSP432.oem4f (.text:perfChangeNotifyFxn)
                  00016cac    0000002c     mqtt_release.a : client_core.oem4f (.text:singleCtxAdjWaitSecsGet)
                  00016cd8    0000002c     release_pem4f.oem4f (.text:ti_sysbios_gates_GateHwi_Handle__label__S)
                  00016d04    0000002c     release_pem4f.oem4f (.text:ti_sysbios_gates_GateMutex_Handle__label__S)
                  00016d30    0000002c     release_pem4f.oem4f (.text:ti_sysbios_heaps_HeapMem_Handle__label__S)
                  00016d5c    0000002c     release_pem4f.oem4f (.text:ti_sysbios_knl_Queue_construct)
                  00016d88    0000002c     rtsv7M4_T_le_v4SPD16_eabi.lib : unlink.c.obj (.text:unlink)
                  00016db4    0000002a     slnetsock_release.a : slnetutils.oem4f (.text:SlNetUtil_inetPton)
                  00016dde    0000002a     mqtt_release.a : client_core.oem4f (.text:ack2MsgIdDispatch)
                  00016e08    0000002a     release_pem4f.oem4f (.text:calloc)
                  00016e32    0000002a     drivers_msp432p4x1xi.aem4f : SPIMSP432DMA.oem4f (.text:perfChangeNotifyFxn)
                  00016e5c    0000002a     mqtt_release.a : client_core.oem4f (.text:pingReqSend)
                  00016e86    00000002     --HOLE-- [fill = 0]
                  00016e88    0000002a     sysbios.aem4f : BIOS.obj (.text:sem_init)
                  00016eb2    0000002a     mqtt_release.a : client_core.oem4f (.text:txPartSetup)
                  00016edc    00000028     msp432p4xx_driverlib.lib : adc14.o (.text:ADC14_getResult)
                  00016f04    00000028     mqtt_release.a : mqtt_common.oem4f (.text:MQTT_packetBufWrUtf8)
                  00016f2c    00000028     msp432p4xx_driverlib.lib : pcm.o (.text:PCM_gotoLPM0)
                  00016f54    00000028     drivers_msp432p4x1xi.aem4f : PowerMSP432.oem4f (.text:Power_registerNotify)
                  00016f7c    00000028     msp432p4xx_driverlib.lib : spi.o (.text:SPI_getInterruptStatus)
                  00016fa4    00000028     slnetsock_release.a : slnetif.oem4f (.text:SlNetIf_getIfByID)
                  00016fcc    00000028                         : slnetsock.oem4f (.text:SlNetSock_sdsIsSet)
                  00016ff4    00000028                         : slnetsock.oem4f (.text:SlNetSock_sdsSet)
                  0001701c    00000028                         : slnetsock.oem4f (.text:SlNetSock_secAttribDelete)
                  00017044    00000028     simplelink.a : flowcont.obj (.text:_SlFlowContSet)
                  0001706c    00000028     mqtt_release.a : client_core.oem4f (.text:_procPubRelRx)
                  00017094    00000028                    : mqttclient.oem4f (.text:_sl_ExtLib_AwaitedAckLockedSet)
                  000170bc    00000028     drivers_msp432p4x1xi.aem4f : PowerMSP432.oem4f (.text:disableFaultCounter)
                  000170e4    00000028                                : PowerMSP432.oem4f (.text:disableHFXT)
                  0001710c    00000028                                : UARTMSP432.oem4f (.text:findBaudDividerIndex)
                  00017134    00000028     mqtt_client_app.obj (.text:initialize_info)
                  0001715c    00000028     rtsv7M4_T_le_v4SPD16_eabi.lib : lseek.c.obj (.text:lseek)
                  00017184    00000028                                   : memmov.c.obj (.text:memmove)
                  000171ac    00000028     sysbios.aem4f : m3_Hwi_asm.obj (.text:ti_sysbios_family_arm_m3_Hwi_excHandlerAsm__I)
                  000171d4    00000004     --HOLE-- [fill = 0]
                  000171d8    00000028                   : BIOS.obj (.text:ti_sysbios_knl_Clock_addI__E)
                  00017200    00000028                   : BIOS.obj (.text:ti_sysbios_knl_Swi_Module_startup__E)
                  00017228    00000028     rtsv7M4_T_le_v4SPD16_eabi.lib : write.c.obj (.text:write)
                  00017250    00000026     drivers_msp432p4x1xi.aem4f : List.oem4f (.text:List_put)
                  00017276    00000026                                : List.oem4f (.text:List_remove)
                  0001729c    00000026     mqtt_release.a : mqtt_common.oem4f (.text:MQTT_clCtxRemove)
                  000172c2    00000026     sysbios.aem4f : m3_Hwi_asm.obj (.text:ti_sysbios_family_arm_m3_Hwi_pendSV__I)
                  000172e8    00000024     slnetsock_release.a : slnetif.oem4f (.text:SlNetIf_getConnectionStatus)
                  0001730c    00000024     msp432p4xx_driverlib.lib : wdt_a.o (.text:WDT_A_holdTimer)
                  00017330    00000024     simplelink.a : driver.obj (.text:_SlDrvIsApiInProgress)
                  00017354    00000024                  : driver.obj (.text:_SlDrvStartMeasureTimeout)
                  00017378    00000024     mqtt_release.a : client_core.oem4f (.text:conn2usedCtxs)
                  0001739c    00000024     rtsv7M4_T_le_v4SPD16_eabi.lib : memcmp.c.obj (.text:memcmp)
                  000173c0    00000024     sysbios.aem4f : BIOS.obj (.text:pthread_attr_init)
                  000173e4    00000024     mqtt_release.a : client_core.oem4f (.text:recvHvecLoad)
                  00017408    00000024     simplelink.a : wlan.obj (.text:sl_WlanDisconnect)
                  0001742c    00000024     release_pem4f.oem4f (.text:ti_sysbios_BIOS_registerRTSLock__I)
                  00017450    00000024     release_pem4f.oem4f (.text:ti_sysbios_BIOS_removeRTSLock__I)
                  00017474    00000004     --HOLE-- [fill = 0]
                  00017478    00000024     sysbios.aem4f : BIOS.obj (.text:ti_sysbios_family_arm_msp432_ClockFreqs_setFrequency__E)
                  0001749c    00000024     release_pem4f.oem4f (.text:ti_sysbios_gates_GateMutex_Object__delete__S)
                  000174c0    00000024     sysbios.aem4f : BIOS.obj (.text:ti_sysbios_knl_Clock_Module_startup__E)
                  000174e4    00000024     release_pem4f.oem4f (.text:ti_sysbios_knl_Clock_Object__delete__S)
                  00017508    00000024     sysbios.aem4f : BIOS.obj (.text:ti_sysbios_knl_Semaphore_Instance_init__E)
                  0001752c    00000024     release_pem4f.oem4f (.text:ti_sysbios_knl_Semaphore_Object__delete__S)
                  00017550    00000024     sysbios.aem4f : BIOS.obj (.text:ti_sysbios_knl_Task_restoreHwi__E)
                  00017574    00000004     --HOLE-- [fill = 0]
                  00017578    00000024                   : BIOS.obj (.text:xdc_runtime_Error_policyMin__E)
                  0001759c    00000004     --HOLE-- [fill = 0]
                  000175a0    00000024                   : BIOS.obj (.text:xdc_runtime_System_abort__E)
                  000175c4    00000022     mqtt_release.a : mqtt_common.oem4f (.text:MQTT_packetProcMsgIdAckRx)
                  000175e6    00000002     --HOLE-- [fill = 0]
                  000175e8    00000020     msp432p4xx_driverlib.lib : cs.o (.text:CS_setExternalClockSourceFrequency)
                  00017608    00000020     mqtt_release.a : mqtt_common.oem4f (.text:MQTT_qos2PubCqReset)
                  00017628    00000020     drivers_msp432p4x1xi.aem4f : PowerMSP432.oem4f (.text:Power_unregisterNotify)
                  00017648    00000020                                : RingBuf.oem4f (.text:RingBuf_peek)
                  00017668    00000020     slnetifwifi.a : slnetifwifi.obj (.text:SlNetIfWifi_accept)
                  00017688    00000020     rtsv7M4_T_le_v4SPD16_eabi.lib : memchr.c.obj (.text:memchr)
                  000176a8    00000020     sysbios.aem4f : BIOS.obj (.text:sem_trywait)
                  000176c8    00000020     mqtt_release.a : client_core.oem4f (.text:session311fix)
                  000176e8    00000020     release_pem4f.oem4f (.text:ti_sysbios_BIOS_rtsLock__I)
                  00017708    00000020     release_pem4f.oem4f (.text:ti_sysbios_family_arm_m3_Hwi_Object__delete__S)
                  00017728    00000020     sysbios.aem4f : BIOS.obj (.text:ti_sysbios_family_arm_m3_Hwi_clearInterrupt__E)
                  00017748    00000020     release_pem4f.oem4f (.text:ti_sysbios_gates_GateHwi_Object__delete__S)
                  00017768    00000020     release_pem4f.oem4f (.text:ti_sysbios_heaps_HeapMem_Object__delete__S)
                  00017788    00000020     sysbios.aem4f : BIOS.obj (.text:ti_sysbios_knl_Clock_getTicks__E)
                  000177a8    00000020                   : BIOS.obj (.text:ti_sysbios_knl_Idle_run__E)
                  000177c8    00000020     release_pem4f.oem4f (.text:ti_sysbios_knl_Semaphore_destruct)
                  000177e8    00000020     release_pem4f.oem4f (.text:ti_sysbios_knl_Task_Object__delete__S)
                  00017808    0000001e     mqtt_release.a : client_core.oem4f (.text:MQTTClientCore_alloc)
                  00017826    0000001e                    : client_core.oem4f (.text:MQTTClientCore_ctxRun)
                  00017844    0000001e     slnetifwifi.a : slnetifwifi.obj (.text:SlNetIfWifi_bind)
                  00017862    0000001e                   : slnetifwifi.obj (.text:SlNetIfWifi_connect)
                  00017880    0000001e     mqtt_release.a : client_core.oem4f (.text:procNetDataRecv)
                  0001789e    0000001e                    : client_core.oem4f (.text:sessionDelete)
                  000178bc    0000001e     sysbios.aem4f : m3_Hwi_asm_switch.obj (.text:ti_sysbios_family_xxx_Hwi_switchAndRunFunc)
                  000178da    00000002     --HOLE-- [fill = 0]
                  000178dc    0000001c     uart_term.obj (.text:Message)
                  000178f8    0000001c     simplelink.a : cc_pal.obj (.text:NwpPowerOff)
                  00017914    0000001c                  : cc_pal.obj (.text:NwpPowerOn)
                  00017930    0000001c                  : cc_pal.obj (.text:WiFi_init)
                  0001794c    0000001c                  : device.obj (.text:_SlDeviceGetStartResponseConvert)
                  00017968    0000001c                  : spawn.obj (.text:_SlInternalIsItSpawnThread)
                  00017984    0000001c     mqtt_client_app.obj (.text:alarm_hadler)
                  000179a0    0000001c     mqtt_release.a : client_core.oem4f (.text:awaitsPkts)
                  000179bc    0000001c     ti_drivers_config.obj (.text:dmaErrorFxn)
                  000179d8    0000001c     mqtt_release.a : client_core.oem4f (.text:doNetCloseTx)
                  000179f4    00000004     --HOLE-- [fill = 0]
                  000179f8    0000001c     sysbios.aem4f : BIOS.obj (.text:getClockTicks$41)
                  00017a14    0000001c     rtsv7M4_T_le_v4SPD16_eabi.lib : memccpy.c.obj (.text:memccpy)
                  00017a30    0000001c     mqtt_release.a : client_core.oem4f (.text:processRecv)
                  00017a4c    00000004     --HOLE-- [fill = 0]
                  00017a50    0000001c     sysbios.aem4f : BIOS.obj (.text:ti_sysbios_family_arm_m3_Hwi_excHandler__I)
                  00017a6c    00000004     --HOLE-- [fill = 0]
                  00017a70    0000001c                   : BIOS.obj (.text:ti_sysbios_gates_GateMutex_Instance_init__E)
                  00017a8c    00000004     --HOLE-- [fill = 0]
                  00017a90    0000001c                   : BIOS.obj (.text:ti_sysbios_knl_Clock_Instance_finalize__E)
                  00017aac    00000004     --HOLE-- [fill = 0]
                  00017ab0    0000001c                   : BIOS.obj (.text:ti_sysbios_knl_Clock_scheduleNextTick__E)
                  00017acc    0000001c     release_pem4f.oem4f (.text:ti_sysbios_knl_Queue_destruct)
                  00017ae8    0000001c     sysbios.aem4f : BIOS.obj (.text:ti_sysbios_knl_Queue_get__E)
                  00017b04    00000004     --HOLE-- [fill = 0]
                  00017b08    0000001c                   : BIOS.obj (.text:ti_sysbios_knl_Queue_put__E)
                  00017b24    00000004     --HOLE-- [fill = 0]
                  00017b28    0000001c                   : BIOS.obj (.text:ti_sysbios_knl_Task_enter__I)
                  00017b44    00000004     --HOLE-- [fill = 0]
                  00017b48    0000001c                   : BIOS.obj (.text:ti_sysbios_rts_ti_ReentSupport_getReent__F)
                  00017b64    0000001c     mqtt_release.a : client_core.oem4f (.text:usedCtxsTOSort)
                  00017b80    0000001c     sysbios.aem4f : BIOS.obj (.text:xdc_runtime_Memory_valloc__E)
                  00017b9c    0000001a     mqtt_release.a : mqtt_common.oem4f (.text:MQTT_packetAckWlistPurge)
                  00017bb6    0000001a     slnetifwifi.a : slnetifwifi.obj (.text:SlNetIfWifi_listen)
                  00017bd0    0000001a     rtsv7M4_T_le_v4SPD16_eabi.lib : s_copysign.c.obj (.text:copysign)
                  00017bea    0000001a     release_pem4f.oem4f (.text:free)
                  00017c04    00000018     msp432p4xx_driverlib.lib : spi.o (.text:EUSCI_A_SPI_getInterruptStatus)
                  00017c1c    00000018                              : spi.o (.text:EUSCI_B_SPI_getInterruptStatus)
                  00017c34    00000018     mqtt_release.a : mqtt_common.oem4f (.text:MQTT_clCtxTimeoutUpdate)
                  00017c4c    00000018     msp432p4xx_driverlib.lib : sysctl_a.o (.text:SysCtl_A_disableNMISource)
                  00017c64    00000018                              : sysctl_a.o (.text:SysCtl_A_enableNMISource)
                  00017c7c    00000018     drivers_msp432p4x1xi.aem4f : UART.oem4f (.text:UART_Params_init)
                  00017c94    00000018     simplelink.a : driver.obj (.text:_SlDrvProtectionObjLockWaitForever)
                  00017cac    00000018                  : driver.obj (.text:_SlDrvProtectionObjUnLock)
                  00017cc4    00000018     rtsv7M4_T_le_v4SPD16_eabi.lib : args_main.c.obj (.text:_args_main)
                  00017cdc    00000018                                   : snprintf.c.obj (.text:_outc)
                  00017cf4    00000018                                   : vsnprintf.c.obj (.text:_outc)
                  00017d0c    00000018     mqtt_release.a : client_core.oem4f (.text:groupCtxsAdjWaitSecsGet)
                  00017d24    00000018     mqtt_client_app.obj (.text:initialize_config)
                  00017d3c    00000018     mqtt_release.a : client_core.oem4f (.text:netClCtxFind)
                  00017d54    00000018     rtsv7M4_T_le_v4SPD16_eabi.lib : strcmp.c.obj (.text:strcmp)
                  00017d6c    00000018     release_pem4f.oem4f (.text:ti_sysbios_BIOS_rtsUnlock__I)
                  00017d84    00000018     release_pem4f.oem4f (.text:ti_sysbios_family_arm_m3_Hwi_Module__startupDone__F)
                  00017d9c    00000018     sysbios.aem4f : m3_TaskSupport_asm.obj (.text:ti_sysbios_family_arm_m3_TaskSupport_swap__E)
[...]
00018811  ti_sysbios_knl_Clock_logTick__E                                 
00018819  xdc_runtime_SysCallback_defaultAbort                            
00018821  xdc_runtime_SysCallback_defaultExit                             
00018829  xdc_runtime_System_abortSpin__E                                 
00018831  xdc_runtime_System_exitSpin__E                                  
00018834  _ctypes_                                                        
000189b8  OpcodeTranslateTable                                            
00018a88  _SlActionLookupTable                                            
00018b68  ti_sysbios_knl_Task_Object__PARAMS__C                           
00018ba4  PowerMSP432_config                                              
00018bdc  ti_sysbios_knl_Mailbox_Object__PARAMS__C                        
00018c40  ti_sysbios_family_arm_m3_Hwi_Object__PARAMS__C                  
00018c9c  UARTMSP432_fxnTable                                             
00018cc4  ti_sysbios_heaps_HeapMem_Module__FXNS__C                        
00018cec  UART_defaultParams                                              
00018d10  spiMSP432DMAHWAttrs                                             
00018d34  ti_sysbios_gates_GateHwi_Module__FXNS__C                        
00018d58  ti_sysbios_gates_GateMutex_Module__FXNS__C                      
00018d7c  ti_sysbios_heaps_HeapMem_Object__PARAMS__C                      
00018da0  ti_sysbios_knl_Clock_Object__PARAMS__C                          
00018dc4  ti_sysbios_knl_Semaphore_Object__PARAMS__C                      
00018de8  xdc_runtime_Startup_sfxnTab__A                                  
00018e2c  SPI_defaultParams                                               
00018e6c  TimerMSP432HWAttrs                                              
00018e8c  TimerMSP432_Timer32_fxnTable                                    
00018ecc  ti_sysbios_family_arm_m3_Hwi_Object__DESC__C                    
00018eec  ti_sysbios_gates_GateHwi_Object__DESC__C                        
00018f0c  ti_sysbios_gates_GateMutex_Object__DESC__C                      
00018f2c  ti_sysbios_heaps_HeapMem_Object__DESC__C                        
00018f4c  ti_sysbios_knl_Clock_Object__DESC__C                            
00018f6c  ti_sysbios_knl_Mailbox_Object__DESC__C                          
00018f8c  ti_sysbios_knl_Queue_Object__DESC__C                            
00018fac  ti_sysbios_knl_Semaphore_Object__DESC__C                        
00018fcc  ti_sysbios_knl_Task_Object__DESC__C                             
00018fec  ADCMSP432_fxnTable                                              
00019004  SPIMSP432DMA_fxnTable                                           
0001901c  Timer_config                                                    
00019034  ti_sysbios_gates_GateHwi_Object__PARAMS__C                      
0001904c  ti_sysbios_gates_GateMutex_Object__PARAMS__C                    
00019064  ti_sysbios_knl_Queue_Object__PARAMS__C                          
0001907c  ti_sysbios_knl_Task_hooks__A                                    
0001913c  GPIOMSP432_config                                               
00019164  xdc_runtime_Startup_sfxnRts__A                                  
00019176  ti_sysbios_family_arm_m3_Hwi_Module__id__C                      
000191c8  adcMSP432HWAttrs                                                
000191e8  ADC_config                                                      
000191f4  SPI_config                                                      
00019200  UART_config                                                     
00019224  udmaMSP432HWAttrs                                               
00019230  wifiSimplelinkHWAttrs                                           
0001923c  xdc_runtime_Startup_firstFxns__A                                
00019248  ADC_defaultParams                                               
00019250  UDMAMSP432_config                                               
00019270  heap0                                                           
00019274  tiposix_mqGate                                                  
00019278  ti_sysbios_knl_Idle_funcList__A                                 
00019280  ti_sysbios_knl_Idle_funcList__C                                 
00019288  ti_sysbios_knl_Task_hooks__C                                    
00019290  xdc_runtime_Startup_firstFxns__C                                
00019298  xdc_runtime_Startup_lastFxns__C                                 
000192a0  Display_count                                                   
000192a1  ADC_count                                                       
000192a2  SPI_count                                                       
000192a3  Timer_count                                                     
000192a4  UART_count                                                      
000192a5  Button_count                                                    
000192a6  WiFi_count                                                      
000192bd  xdc_runtime_Error_policy__C                                     
000192d6  ti_sysbios_heaps_HeapMem_Module__id__C                          
000192d8  WiFi_config                                                     
000192fc  _SlNetAppSendResponseCmdCtrl                                    
00019300  _SlNetAppSendTokenValueCmdCtrl                                  
00019334  ti_sysbios_family_arm_m3_Hwi_E_alreadyDefined__C                
00019338  ti_sysbios_family_arm_m3_Hwi_E_badIntNum__C                     
0001933c  ti_sysbios_family_arm_m3_Hwi_NUM_INTERRUPTS__C                  
00019340  ti_sysbios_family_arm_m3_Hwi_Object__count__C                   
00019344  ti_sysbios_family_arm_m3_Hwi_ccr__C                             
00019348  ti_sysbios_family_arm_m3_Hwi_excHandlerFunc__C                  
0001934c  ti_sysbios_family_arm_m3_Hwi_nullIsrFunc__C                     
00019350  ti_sysbios_family_arm_m3_Hwi_priGroup__C                        
00019354  ti_sysbios_family_arm_m3_Hwi_swiDisable__C                      
00019358  ti_sysbios_family_arm_m3_Hwi_swiRestore__C                      
0001935c  ti_sysbios_family_arm_m3_TaskSupport_stackAlignment__C          
00019360  ti_sysbios_family_arm_msp432_Timer_numTimerDevices__C           
00019364  ti_sysbios_family_arm_msp432_Timer_startupNeeded__C             
00019368  ti_sysbios_gates_GateMutex_Instance_State_sem__O                
0001936c  ti_sysbios_heaps_HeapMem_E_memory__C                            
00019370  ti_sysbios_heaps_HeapMem_Module__gateObj__C                     
00019374  ti_sysbios_heaps_HeapMem_Object__count__C                       
00019378  ti_sysbios_heaps_HeapMem_primaryHeapBaseAddr__C                 
0001937c  ti_sysbios_heaps_HeapMem_primaryHeapEndAddr__C                  
00019380  ti_sysbios_heaps_HeapMem_reqAlign__C                            
00019384  ti_sysbios_knl_Clock_Module_State_clockQ__O                     
00019388  ti_sysbios_knl_Clock_tickPeriod__C                              
0001938c  ti_sysbios_knl_Mailbox_Instance_State_dataQue__O                
00019390  ti_sysbios_knl_Mailbox_Instance_State_dataSem__O                
00019394  ti_sysbios_knl_Mailbox_Instance_State_freeQue__O                
00019398  ti_sysbios_knl_Mailbox_Instance_State_freeSem__O                
0001939c  ti_sysbios_knl_Mailbox_Object__count__C                         
000193a0  ti_sysbios_knl_Mailbox_maxTypeAlign__C                          
000193a4  ti_sysbios_knl_Semaphore_Instance_State_pendQ__O                
000193a8  ti_sysbios_knl_Swi_Object__count__C                             
000193ac  ti_sysbios_knl_Task_Module_State_inactiveQ__O                   
000193b0  ti_sysbios_knl_Task_Object__count__C                            
000193b4  ti_sysbios_knl_Task_Object__heap__C                             
000193b8  ti_sysbios_knl_Task_allBlockedFunc__C                           
000193bc  ti_sysbios_knl_Task_defaultStackHeap__C                         
000193c0  ti_sysbios_knl_Task_defaultStackSize__C                         
000193c4  ti_sysbios_knl_Task_numConstructedTasks__C                      
000193c8  xdc_runtime_Error_E_memory__C                                   
000193cc  xdc_runtime_Error_policyFxn__C                                  
000193d0  xdc_runtime_IGateProvider_Interface__BASE__C                    
000193d4  xdc_runtime_IHeap_Interface__BASE__C                            
000193d8  xdc_runtime_IModule_Interface__BASE__C                          
000193dc  xdc_runtime_Memory_defaultHeapInstance__C                       
000193e0  xdc_runtime_Startup_execImpl__C                                 
000193e4  xdc_runtime_Startup_maxPasses__C                                
000193e8  xdc_runtime_Startup_sfxnRts__C                                  
000193ec  xdc_runtime_Startup_sfxnTab__C                                  
000193f0  xdc_runtime_SysCallback_abortFxn__C                             
000193f4  xdc_runtime_SysCallback_exitFxn__C                              
000193f8  xdc_runtime_System_Module__gateObj__C                           
000193fc  xdc_runtime_System_abortFxn__C                                  
00019400  xdc_runtime_System_exitFxn__C                                   
00019404  xdc_runtime_System_maxAtexitHandlers__C                         
0001940c  xdc_runtime_Memory_Module__id__C                                
00019410  __TI_static_base__                                              
00019790  __TI_Handler_Table_Base                                         
0001979c  __TI_Handler_Table_Limit                                        
000197a8  __TI_CINIT_Base                                                 
000197b8  __TI_CINIT_Limit                                                
20000000  __start___llvm_prf_cnts                                         
20000000  __stop___llvm_prf_cnts                                          
20000000  ti_sysbios_family_arm_m3_Hwi_ramVectors                         
20000140  __primary_heap_start__                                          
20008140  __primary_heap_end__                                            
20008a00  g_CB                                                            
20008dfc  clients                                                         
200090b0  ti_sysbios_knl_Task_Instance_State_0_stack__A                   
200092b0  ti_sysbios_family_arm_m3_Hwi_dispatchTable                      
200093f0  msg_control                                                     
2000951c  msg_info_data                                                   
20009648  __CIOBUF_                                                       
200099d0  savedate                                                        
20009a84  __TI_tmpnams                                                    
20009b24  uartMSP432Objects                                               
20009ba4  timerMSP432Objects                                              
20009c54  spiMSP432DMAObjects                                             
20009ccc  GlobalLockObj                                                   
20009cf8  g_SlInternalSpawnCB                                             
20009d20  g_ucConnectionSSID                                              
20009dc0  data_info                                                       
20009de4  MQTTClient_Lib_CB                                               
20009df4  DeviceCB                                                        
20009e00  Msg                                                             
20009e0c  params1                                                         
20009e20  data_config                                                     
20009e28  g_ucConnectionBSSID                                             
20009e30  parmbuf                                                         
20009e44  ClockP_tickPeriod                                               
20009e48  adcMSP432Objects                                                
20009e4c  appQueue                                                        
20009e50  connected                                                       
20009e54  deinit                                                          
20009e58  mqttClientHandle                                                
20009e5c  ti_sysbios_knl_Task_Instance_State_0_hookEnv__A                 
20009e60  timer0                                                          
20009e64  timer1                                                          
20009e68  MQTTClient_waitSecs                                             
20009e6a  g_usConnectIndex                                                
20009e6c  RxIrqCnt                                                        
20009e6d  udmaMSP432Object                                                
20009e70  PowerMSP432_perfLevels                                          
20009fb0  _ftable                                                         
2000a128  ti_sysbios_knl_Swi_Module_State_0_readyQ__A                     
2000a1a8  ti_sysbios_knl_Task_Module_State_0_readyQ__A                    
2000a228  _device                                                         
2000a2a0  SlNetIfConfigWifi                                               
2000a2f8  ti_sysbios_gates_GateMutex_Object__table__V                     
2000a34c  _stream                                                         
2000a39c  ti_sysbios_knl_Task_Object__table__V                            
2000a3e8  ti_sysbios_family_arm_msp432_Timer_Object__table__V             
2000a42c  ti_sysbios_knl_Task_Module__state__V                            
2000a4a8  ti_sysbios_family_arm_m3_Hwi_Module__state__V                   
2000a4dc  ti_sysbios_knl_Swi_Object__table__V                             
2000a50c  PowerMSP432_module                                              
2000a538  ti_sysbios_knl_Clock_Module__state__V                           
2000a564  MQTTClient_net                                                  
2000a58c  g_LibsEvents                                                    
2000a5b0  g_UserEvents                                                    
2000a5d4  gpioCallbackFunctions                                           
2000a5f8  gpioPinConfigs                                                  
2000a61c  ti_sysbios_BIOS_Module__state__V                                
2000a640  ti_sysbios_family_arm_msp432_Timer_Module_State_0_device__A     
2000a660  xdc_runtime_Error_IgnoreBlock                                   
2000a69c  ti_sysbios_knl_Swi_Module__state__V                             
2000a6b8  mqttClientParams                                                
2000a6d0  mqttConnParams                                                  
2000a6e8  ti_sysbios_family_arm_m3_Hwi_Object__table__V                   
2000a700  ti_sysbios_heaps_HeapMem_Object__table__V                       
2000a730  _tz                                                             
2000a750  __TI_ft_end                                                     
2000a754  __aeabi_stdin                                                   
2000a758  __aeabi_stdout                                                  
2000a75c  __aeabi_stderr                                                  
2000a760  ti_sysbios_family_arm_msp432_Timer_Module_State_0_handles__A    
2000a770  ClientId                                                        
2000a77e  ti_sysbios_family_arm_m3_Hwi_Module_State_0_excActive__A        
2000a780  __TI_cleanup_ptr                                                
2000a784  __TI_dtors_ptr                                                  
2000a788  __TI_enable_exit_profile_output                                 
2000a78c  last                                                            
2000a790  now                                                             
2000a794  counter                                                         
2000a798  mqttWillParams                                                  
2000a7a4  g_ulStaIp                                                       
2000a7a8  g_ulGatewayIP                                                   
2000a7ac  g_ulStatus                                                      
2000a7b0  gGlobalLockCntRequested                                         
2000a7b1  gGlobalLockCntReleased                                          
2000a7b2  g_SlDeviceStatus                                                
2000a7b4  g_pCB                                                           
2000a7b8  pPingCallBackFunc                                               
2000a7bc  ti_sysbios_family_arm_msp432_ClockFreqs_Module__state__V        
2000a7c8  ti_sysbios_family_arm_msp432_Timer_Module__state__V             
2000a7e0  MQTTClient_closeContext                                         
2000a7e4  MQTTClient_clientContext                                        
2000a7e8  MQTTClient_multiSrvConn                                         
2000a7ec  _lock                                                           
2000a7f0  _unlock                                                         
2000a7f4  MQTTClient_clientCfg                                            
2000a804  mqttInitParams                                                  
2000a80c  g_SpiFd                                                         
2000a810  g_Host_irq_Hndlr                                                
2000a814  ti_sysbios_family_arm_m3_Hwi_Module__root__V                    
2000a81c  ti_sysbios_gates_GateHwi_Module__root__V                        
2000a824  ti_sysbios_gates_GateMutex_Module__root__V                      
2000a82c  ti_sysbios_heaps_HeapMem_Module__root__V                        
2000a834  ti_sysbios_knl_Clock_Module__root__V                            
2000a83c  ti_sysbios_knl_Mailbox_Module__root__V                          
2000a844  ti_sysbios_knl_Queue_Module__root__V                            
2000a84c  ti_sysbios_knl_Semaphore_Module__root__V                        
2000a854  ti_sysbios_knl_Task_Module__root__V                             
2000a85c  xdc_runtime_Startup_Module__state__V                            
2000a864  xdc_runtime_System_Module_State_0_atexitHandlers__A             
2000a86c  xdc_runtime_System_Module__state__V                             
2000a87c  MQTTClient_connectCfg                                           
2000a880  main_func_sp                                                    
2000a888  ti_sysbios_family_arm_m3_Hwi_Module_State_0_excContext__A       
2000a88c  ti_sysbios_family_arm_m3_Hwi_Module_State_0_excStack__A         
2000a890  ti_sysbios_gates_GateHwi_Object__table__V                       
2000a894  ti_sysbios_knl_Task_Module_State_0_idleTask__A                  
2000a898  ti_sysbios_rts_ti_ReentSupport_Module__state__V                 
2000a89c  xdc_runtime_Memory_Module__state__V                             
2003fc00  __stack                                                         
20040000  __STACK_END                                                     
4000480c  WDTCTL_SYM                                                      
e000e000  ti_sysbios_family_arm_m3_Hwi_nvic                               
ffffffff  __TI_pprof_out_hndl                                             
ffffffff  __TI_prof_data_size                                             
ffffffff  __TI_prof_data_start                                            
ffffffff  __binit__                                                       
ffffffff  __c_args__                                                      
ffffffff  binit                                                           
UNDEFED   SHT$$INIT_ARRAY$$Base                                           
UNDEFED   SHT$$INIT_ARRAY$$Limit                                          

[1074 symbols]
