******************************************************************************
                  TI ARM Linker Unix v20.2.5                   
******************************************************************************
>> Linked Mon Dec  6 11:06:06 2021

OUTPUT FILE NAME:   <zzzz_project.out>
ENTRY POINT SYMBOL: "_c_int00"  address: 00012c99


MEMORY CONFIGURATION

         name            origin    length      used     unused   attr    fill
----------------------  --------  ---------  --------  --------  ----  --------
  MAIN                  00000000   00200000  000190f2  001e6f0e  R  X
  INFO                  00200000   00008000  00000000  00008000  R  X
  SRAM_CODE             01000000   00040000  0000abd2  0003542e  RW X
  SRAM_DATA             20000000   00040000  0000abd2  0003542e  RW  


SEGMENT ALLOCATION MAP

run origin  load origin   length   init length attrs members
----------  ----------- ---------- ----------- ----- -------
00000000    00000000    000190f8   000190f8    r-x
  00000000    00000000    0000003c   0000003c    r-- .resetVecs
  00000040    00000040    000181f2   000181f2    r-x .text
  00018234    00018234    00000b1c   00000b1c    r-- .const
  00018d50    00018d50    000003a8   000003a8    r-- .cinit
20000140    20000140    00008000   00000000    r--
  20000140    20000140    00008000   00000000    r-- .priheap
20008200    20008200    00002694   00000000    rw-
  20008200    20008200    00001c6a   00000000    rw- .bss
  20009e6c    20009e6c    00000a28   00000000    rw- .data
2003fc00    2003fc00    00000400   00000000    rw-
  2003fc00    2003fc00    00000400   00000000    rw- .stack


SECTION ALLOCATION MAP

 output                                  attributes/
section   page    origin      length       input sections
--------  ----  ----------  ----------   ----------------
.text      0    00000040    000181f2     
                  00000040    00000a4e     rtsv7M4_T_le_v4SPD16_eabi.lib : _printfi.c.obj (.text:__TI_printfi)
                  00000a8e    00000002     ti_drivers_config.obj (.text:Board_initHook)
                  00000a90    000008e8     simplelink.a : driver.obj (.text:_SlDrvMsgRead)
                  00001378    00000714     mqtt_client_app.obj (.text:mainThread)
                  00001a8c    000004bc     simplelink.a : sl_socket.obj (.text:_SlSocketHandleAsync_Select)
                  00001f48    00000384                  : driver.obj (.text:_SlDrvMsgWrite)
                  000022cc    00000320     network_if.obj (.text:Network_IF_ConnectAP)
                  000025ec    0000030c     simplelink.a : driver.obj (.text:_SlDrvReleasePoolObj)
                  000028f8    000002d8     drivers_msp432p4x1xi.aem4f : UARTMSP432.oem4f (.text:UARTMSP432_open)
                  00002bd0    000002d8     simplelink.a : driver.obj (.text:_SlDrvRxHdrRead)
                  00002ea8    000002d4     drivers_msp432p4x1xi.aem4f : PowerMSP432.oem4f (.text:Power_sleep)
                  0000317c    000002d0     simplelink.a : driver.obj (.text:_SlDrvWaitForPoolObj)
                  0000344c    000002b8     mqtt_if.obj (.text:MQTTAppThread)
                  00003704    000002b0     simplelink.a : wlan.obj (.text:sl_WlanProfileAdd)
                  000039b4    000002ac                  : sl_socket.obj (.text:sl_Select)
                  00003c60    000002a0     rtsv7M4_T_le_v4SPD16_eabi.lib : mktime.c.obj (.text:__mktime32)
                  00003f00    00000290     mqtt_client_app.obj (.text:WifiInit)
                  00004190    0000028d     network_if.obj (.text:SimpleLinkSockEventHandler)
                  0000441d    00000001     --HOLE-- [fill = 0]
                  0000441e    00000002     simplelink.a : cc_pal.obj (.text:NwpMaskInterrupt)
                  00004420    0000028c     drivers_msp432p4x1xi.aem4f : SPIMSP432DMA.oem4f (.text:SPIMSP432DMA_open)
                  000046ac    0000028a     msp432p4xx_driverlib.lib : pcm.o (.text:__PCM_setPowerStateAdvanced)
                  00004936    00000002     simplelink.a : cc_pal.obj (.text:NwpUnMaskInterrupt)
                  00004938    00000284     drivers_msp432p4x1xi.aem4f : PowerMSP432.oem4f (.text:initPerfControl)
                  00004bbc    0000027c     simplelink.a : wlan.obj (.text:sl_WlanConnect)
                  00004e38    00000270     rtsv7M4_T_le_v4SPD16_eabi.lib : _printfi.c.obj (.text:_pconv_a)
                  000050a8    00000264     network_if.obj (.text:Network_IF_InitDriver)
                  0000530c    0000025c     simplelink.a : driver.obj (.text:_SlDrvDataReadOp)
                  00005568    0000024c     mqtt_if.obj (.text:MQTT_IF_Connect)
                  000057b4    00000238     mqtt_client_app.obj (.text:DisplayAppBanner)
                  000059ec    0000022c     mqtt_client_app.obj (.text:MQTT_EventCallback)
                  00005c18    00000218     simplelink.a : driver.obj (.text:_SlDrvDataWriteOp)
                  00005e30    000001f4                  : driver.obj (.text:_SlDrvMsgReadCmdCtx)
                  00006024    000001f2                  : netapp.obj (.text:_SlNetAppEventHandler)
                  00006216    00000002     dpl_msp432p4x1xi.aem4f : PowerMSP432_tirtos.oem4f (.text:PowerMSP432_initPolicy)
                  00006218    000001e8     mqtt_if.obj (.text:MQTT_IF_Subscribe)
                  00006400    000001e1     network_if.obj (.text:SimpleLinkFatalErrorEventHandler)
                  000065e1    00000001     --HOLE-- [fill = 0]
                  000065e2    00000002     drivers_msp432p4x1xi.aem4f : TimerMSP432.oem4f (.text:TimerMSP432_init)
                  000065e4    000001dc     simplelink.a : device.obj (.text:sl_Stop)
                  000067c0    000001d8     network_if.obj (.text:SimpleLinkWlanEventHandler)
                  00006998    000001d0     rtsv7M4_T_le_v4SPD16_eabi.lib : _printfi.c.obj (.text:_pconv_g)
                  00006b68    000001b6                                   : fd_add_t2.asm.obj (.text)
                  00006d1e    00000002     drivers_msp432p4x1xi.aem4f : UARTMSP432.oem4f (.text:UARTMSP432_init)
                  00006d20    000001b0     sysbios.aem4f : BIOS.obj (.text:mq_open)
                  00006ed0    000001a8     simplelink.a : sl_socket.obj (.text:sl_Accept)
                  00007078    000001a4                  : driver.obj (.text:_SlDrvDriverCBInit)
                  0000721c    000001a4                  : driver.obj (.text:_SlDrvReleaseAllActivePendingPoolObj)
                  000073c0    000001a0     mqtt_if.obj (.text:MQTT_IF_Init)
                  00007560    00000198     slnetsock_release.a : slnetsock.oem4f (.text:SlNetSock_select)
                  000076f8    00000190     simplelink.a : sl_socket.obj (.text:_SlDrvRegisterForSelectAsync)
                  00007888    00000188     dht11.obj (.text:read_dht11)
                  00007a10    00000184     simplelink.a : driver.obj (.text:_SlDrvFindAndSetActiveObj)
                  00007b94    00000180     network_if.obj (.text:SimpleLinkNetAppEventHandler)
                  00007d14    00000178     simplelink.a : sl_socket.obj (.text:sl_Connect)
                  00007e8c    00000170     drivers_msp432p4x1xi.aem4f : GPIOMSP432.oem4f (.text:GPIO_setConfig)
                  00007ffc    00000170     simplelink.a : netapp.obj (.text:sl_NetAppDnsGetHostByName)
                  0000816c    0000016c     mqtt_if.obj (.text:MQTT_IF_Deinit)
                  000082d8    00000160     mqtt_release.a : mqtt_net_func.oem4f (.text:createSocket)
                  00008438    0000015c     msp432p4xx_driverlib.lib : pcm.o (.text:__PCM_setPowerModeAdvanced)
                  00008594    00000154     mqtt_release.a : mqttclient.oem4f (.text:MQTTClient_connect)
                  000086e8    00000154     simplelink.a : sl_socket.obj (.text:sl_RecvFrom)
                  0000883c    0000014c     drivers_msp432p4x1xi.aem4f : TimerMSP432.oem4f (.text:TimerMSP432_open)
                  00008988    00000148     simplelink.a : sl_socket.obj (.text:_SlDrvGetNextTimeoutValue)
                  00008ad0    00000148                  : sl_socket.obj (.text:sl_StartTLS)
                  00008c18    00000140                  : driver.obj (.text:_SlDrvMsgReadSpawnCtx)
                  00008d58    0000013c     rtsv7M4_T_le_v4SPD16_eabi.lib : _printfi.c.obj (.text:_pconv_e)
                  00008e94    00000138     simplelink.a : driver.obj (.text:_SlSpawnMsgListInsert)
                  00008fcc    00000136     rtsv7M4_T_le_v4SPD16_eabi.lib : fd_div_t2.asm.obj (.text)
                  00009102    00000002                                   : _lock.c.obj (.text:_nop)
                  00009104    00000134     simplelink.a : sl_socket.obj (.text:_SlSocketHandleAsync_StartTLS)
                  00009238    00000130     drivers_msp432p4x1xi.aem4f : UDMAMSP432.oem4f (.text:setupInterrupt)
                  00009368    0000012c     sysbios.aem4f : BIOS.obj (.text:ti_sysbios_knl_Semaphore_pend__E)
                  00009494    00000128     simplelink.a : driver.obj (.text:_SlDrvClassifyRxMsg)
                  000095bc    00000124     rtsv7M4_T_le_v4SPD16_eabi.lib : _printfi.c.obj (.text:fcvt)
                  000096e0    00000124     mqtt_client_app.obj (.text:formatdata)
                  00009804    00000124     simplelink.a : fs.obj (.text:sl_FsOpen)
                  00009928    00000120     drivers_msp432p4x1xi.aem4f : SPIMSP432DMA.oem4f (.text:SPIMSP432DMA_transfer)
                  00009a48    00000120     simplelink.a : driver.obj (.text:_SlDrvAsyncEventGenericHandler)
                  00009b68    0000011c     msp432p4xx_driverlib.lib : uart.o (.text:UART_initModule)
                  00009c84    0000011c     simplelink.a : device.obj (.text:sl_Start)
                  00009da0    00000118                  : netapp.obj (.text:_SlNetAppHandleAsync_DnsGetHostByService)
                  00009eb8    00000114     rtsv7M4_T_le_v4SPD16_eabi.lib : fputs.c.obj (.text:fputs)
                  00009fcc    00000112     mqtt_release.a : mqtt_common.oem4f (.text:MQTT_PacketRecv)
                  0000a0de    00000002     rtsv7M4_T_le_v4SPD16_eabi.lib : div0.asm.obj (.text)
                  0000a0e0    00000110                                   : s_scalbn.c.obj (.text:scalbn)
                  0000a1f0    00000110                                   : strtoul.c.obj (.text:strtoul)
                  0000a300    00000108     slnetsock_release.a : slnetutils.oem4f (.text:SlNetUtil_str2BinIpV6)
                  0000a408    00000108     msp432p4xx_driverlib.lib : pcm.o (.text:__PCM_setCoreVoltageLevelAdvanced)
                  0000a510    00000108     sysbios.aem4f : BIOS.obj (.text:ti_sysbios_knl_Task_postInit__I)
                  0000a618    00000108                   : BIOS.obj (.text:xdc_runtime_Startup_startMods__I)
                  0000a720    00000104     simplelink.a : device.obj (.text:_SlDeviceEventHandler)
                  0000a824    00000104                  : driver.obj (.text:_SlDrvCmdOp)
                  0000a928    00000104     sysbios.aem4f : BIOS.obj (.text:ti_sysbios_knl_Task_Instance_finalize__E)
                  0000aa2c    00000100     mqtt_if.obj (.text:MQTTClientCallback)
                  0000ab2c    00000100     simplelink.a : driver.obj (.text:_SlDrvObjGlobalLockWaitForever)
                  0000ac2c    00000100                  : fs.obj (.text:sl_FsWrite)
                  0000ad2c    000000fc     drivers_msp432p4x1xi.aem4f : SPIMSP432DMA.oem4f (.text:SPIMSP432DMA_transferCancel)
                  0000ae28    000000fc                                : SPIMSP432DMA.oem4f (.text:configDMA)
                  0000af24    000000fc     rtsv7M4_T_le_v4SPD16_eabi.lib : fd_mul_t2.asm.obj (.text)
                  0000b020    000000f8     mqtt_release.a : mqttclient.oem4f (.text:MqttClientCtxCreate)
                  0000b118    000000f8     slnetifwifi.a : slnetifwifi.obj (.text:SlNetIfWifi_loadSecObj)
                  0000b210    000000f8     simplelink.a : sl_socket.obj (.text:sl_Close)
                  0000b308    000000f8     mqtt_release.a : client_core.oem4f (.text:utf8ArraySend)
                  0000b400    000000f6                    : mqtt_net_func.oem4f (.text:MQTTNet_commOpen)
                  0000b4f6    00000002     release_pem4f.oem4f (.text:ti_sysbios_BIOS_nullFunc__I)
                  0000b4f8    000000f4     simplelink.a : sl_socket.obj (.text:sl_SendTo)
                  0000b5ec    000000f0     msp432p4xx_driverlib.lib : dma.o (.text:DMA_setChannelTransfer)
                  0000b6dc    00000004     release_pem4f.oem4f (.text:.bootCodeSection:ti_sysbios_family_arm_msp432_init_Boot_init__I)
                  0000b6e0    000000f0     sysbios.aem4f : BIOS.obj (.text:pthread_create)
                  0000b7d0    000000f0                   : m3_Hwi_asm.obj (.text:ti_sysbios_family_arm_m3_Hwi_dispatch__I)
                  0000b8c0    000000e4     msp432p4xx_driverlib.lib : cs.o (.text:CS_startHFXTWithTimeout)
                  0000b9a4    000000e4     slnetsock_release.a : slnetif.oem4f (.text:SlNetIf_add)
                  0000ba88    000000e0     msp432p4xx_driverlib.lib : cs.o (.text:CS_startLFXTWithTimeout)
                  0000bb68    000000e0     sysbios.aem4f : BIOS.obj (.text:ti_sysbios_knl_Task_Instance_init__E)
                  0000bc48    000000de     mqtt_release.a : client_core.oem4f (.text:connectMsgSend)
                  0000bd26    00000002     --HOLE-- [fill = 0]
                  0000bd28    000000dc     drivers_msp432p4x1xi.aem4f : UARTMSP432.oem4f (.text:UARTMSP432_readPolling)
                  0000be04    000000dc                                : UDMAMSP432.oem4f (.text:UDMAMSP432_close)
                  0000bee0    000000dc     msp432p4xx_driverlib.lib : cs.o (.text:_CSGetHFXTFrequency)
                  0000bfbc    000000dc     rtsv7M4_T_le_v4SPD16_eabi.lib : setvbuf.c.obj (.text:setvbuf)
                  0000c098    000000d8     uart_term.obj (.text:GetCmd)
                  0000c170    000000d8     simplelink.a : device.obj (.text:_SlDeviceHandleAsync_InitComplete)
                  0000c248    000000d8                  : driver.obj (.text:_SlDrvWaitForInternalAsyncEvent)
                  0000c320    000000d8                  : netapp.obj (.text:_SlNetAppHandleAsync_NetAppReceive)
                  0000c3f8    000000d8     sysbios.aem4f : BIOS.obj (.text:ti_sysbios_knl_Mailbox_Instance_init__E)
                  0000c4d0    000000d0     simplelink.a : driver.obj (.text:_SlDrvDriverCBDeinit)
                  0000c5a0    000000d0                  : driver.obj (.text:_SlDrvRemoveFromList)
                  0000c670    000000d0     sysbios.aem4f : BIOS.obj (.text:ti_sysbios_heaps_HeapMem_alloc__E)
                  0000c740    000000cc     mqtt_release.a : mqttclient.oem4f (.text:processNotifyAckCB)
                  0000c80c    000000c4     drivers_msp432p4x1xi.aem4f : UARTMSP432.oem4f (.text:UARTMSP432_hwiIntFxn)
                  0000c8d0    000000c4     sysbios.aem4f : BIOS.obj (.text:clock_gettime)
                  0000c994    000000c0     mqtt_if.obj (.text:MQTT_IF_Disconnect)
                  0000ca54    000000c0     mqtt_release.a : mqttclient.oem4f (.text:MqttClientSub)
                  0000cb14    000000c0     drivers_msp432p4x1xi.aem4f : UARTMSP432.oem4f (.text:UARTMSP432_control)
                  0000cbd4    000000c0     simplelink.a : netcfg.obj (.text:sl_NetCfgGet)
                  0000cc94    000000bc     drivers_msp432p4x1xi.aem4f : TimerMSP432.oem4f (.text:TimerMSP432_setPeriod)
                  0000cd50    000000bc                                : TimerMSP432.oem4f (.text:TimerMSP432_start)
                  0000ce0c    000000bc     simplelink.a : netapp.obj (.text:_SlNetAppSendResponse)
                  0000cec8    000000bc     mqtt_release.a : client_core.oem4f (.text:clCtxConnStateTryLocked)
                  0000cf84    000000bc     simplelink.a : sl_socket.obj (.text:sl_Send)
                  0000d040    000000bc     sysbios.aem4f : BIOS.obj (.text:ti_sysbios_knl_Task_sleep__E)
                  0000d0fc    000000b8     simplelink.a : netapp.obj (.text:_SlNetAppHandleAsync_DnsGetHostByName)
                  0000d1b4    000000b8                  : netapp.obj (.text:_SlNetAppHandleAsync_PingResponse)
                  0000d26c    000000b8     mqtt_client_app.obj (.text:controlTopicCB)
                  0000d324    000000b8     dht11.obj (.text:dht11_init)
                  0000d3dc    000000b8     drivers_msp432p4x1xi.aem4f : UARTMSP432.oem4f (.text:initHw)
                  0000d494    000000b8     mqtt_client_app.obj (.text:pushButtonConnectionHandler)
                  0000d54c    000000b8     drivers_msp432p4x1xi.aem4f : UARTMSP432.oem4f (.text:readTaskCallback)
                  0000d604    000000b8     simplelink.a : device.obj (.text:sl_DeviceGet)
                  0000d6bc    000000b8                  : wlan.obj (.text:sl_WlanGet)
                  0000d774    00000004     msp432p4xx_driverlib.lib : cpu.o (.text:CPU_wfi)
                  0000d778    000000b8     sysbios.aem4f : BIOS.obj (.text:ti_sysbios_family_arm_m3_Hwi_Instance_init__E)
                  0000d830    000000b4     mqtt_release.a : mqttclient.oem4f (.text:MqttClient_send)
                  0000d8e4    000000b4     drivers_msp432p4x1xi.aem4f : UARTMSP432.oem4f (.text:UARTMSP432_writePolling)
                  0000d998    000000b4     simplelink.a : driver.obj (.text:_SlDrvHandleFatalError)
                  0000da4c    000000b4                  : netutil.obj (.text:_SlNetUtilHandleAsync_Cmd)
                  0000db00    000000b4                  : sl_socket.obj (.text:sl_GetSockOpt)
                  0000dbb4    000000b4                  : cc_pal.obj (.text:spi_Read)
                  0000dc68    000000b4                  : cc_pal.obj (.text:spi_Write)
                  0000dd1c    000000b1     rtsv7M4_T_le_v4SPD16_eabi.lib : _printfi.c.obj (.text:_ltostr)
                  0000ddcd    00000001     --HOLE-- [fill = 0]
                  0000ddce    000000b0     msp432p4xx_driverlib.lib : spi.o (.text:SPI_initMaster)
                  0000de7e    00000002     --HOLE-- [fill = 0]
                  0000de80    000000b0     slnetifwifi.a : slnetifwifi.obj (.text:SlNetIfWifi_getSockOpt)
                  0000df30    000000b0     sysbios.aem4f : BIOS.obj (.text:ti_sysbios_knl_Clock_workFuncDynamic__E)
                  0000dfe0    000000ae     slnetifwifi.a : slnetifwifi.obj (.text:matchModeByRole)
                  0000e08e    00000002     --HOLE-- [fill = 0]
                  0000e090    000000ac     drivers_msp432p4x1xi.aem4f : GPIOMSP432.oem4f (.text:GPIO_init)
                  0000e13c    000000ac     simplelink.a : sl_socket.obj (.text:_SlSocketHandleAsync_Close)
                  0000e1e8    000000ac                  : sl_socket.obj (.text:_SlSocketHandleAsync_Connect)
                  0000e294    00000004     dpl_msp432p4x1xi.aem4f : ClockP_tirtos.oem4f (.text:ClockP_setTimeout)
                  0000e298    000000aa     sysbios.aem4f : BIOS.obj (.text:xdc_runtime_Core_createObject__I)
                  0000e342    00000002     --HOLE-- [fill = 0]
                  0000e344    000000a8     network_if.obj (.text:Network_IF_IpConfigGet)
                  0000e3ec    000000a8     drivers_msp432p4x1xi.aem4f : UARTMSP432.oem4f (.text:readTaskBlocking)
                  0000e494    000000a8     simplelink.a : fs.obj (.text:sl_FsClose)
                  0000e53c    00000004     dpl_msp432p4x1xi.aem4f : ClockP_tirtos.oem4f (.text:ClockP_start)
                  0000e540    000000a8     sysbios.aem4f : BIOS.obj (.text:ti_sysbios_family_arm_msp432_Timer_periodicStub__E)
                  0000e5e8    000000a6     uart_term.obj (.text:Report)
                  0000e68e    000000a6     simplelink.a : driver.obj (.text:_SlDrvIsTimeoutExpired)
                  0000e734    000000a4     mqtt_release.a : mqttclient.oem4f (.text:MQTTClient_create)
                  0000e7d8    000000a4                    : mqttclient.oem4f (.text:MQTTClient_delete)
                  0000e87c    000000a4                    : mqttclient.oem4f (.text:MqttClientConfig)
                  0000e920    000000a4     drivers_msp432p4x1xi.aem4f : TimerMSP432.oem4f (.text:initTimerHardware)
                  0000e9c4    000000a4     simplelink.a : sl_socket.obj (.text:sl_Bind)
                  0000ea68    000000a4     sysbios.aem4f : BIOS.obj (.text:ti_sysbios_knl_Task_setPri__E)
                  0000eb0c    000000a2     drivers_msp432p4x1xi.aem4f : UARTMSP432.oem4f (.text:UARTMSP432_write)
                  0000ebae    00000002     --HOLE-- [fill = 0]
                  0000ebb0    000000a0     simplelink.a : fs.obj (.text:FsGetCreateFsMode)
                  0000ec50    000000a0                  : sl_socket.obj (.text:_SlDrvUnRegisterForSelectAsync)
                  0000ecf0    000000a0                  : driver.obj (.text:_SlSpawnMsgListProcess)
                  0000ed90    000000a0     auto_init.aem4f : auto_init.oem4f (.text)
                  0000ee30    000000a0     drivers_msp432p4x1xi.aem4f : UARTMSP432.oem4f (.text:readIsrTextCallback)
                  0000eed0    0000009c     mqtt_release.a : client_core.oem4f (.text:MQTTClientCore_initLib)
                  0000ef6c    0000009c                    : client_core.oem4f (.text:MQTTClientCore_sendPubMsg)
                  0000f008    0000009c                    : client_core.oem4f (.text:_msgDispatch)
                  0000f0a4    0000009c     rtsv7M4_T_le_v4SPD16_eabi.lib : memcpy_t2.asm.obj (.text)
                  0000f140    0000009c     drivers_msp432p4x1xi.aem4f : TimerMSP432.oem4f (.text:setT32TickCount)
                  0000f1dc    0000009c                                : TimerMSP432.oem4f (.text:setTATickCount)
                  0000f278    0000009a     mqtt_release.a : client_core.oem4f (.text:procPubMsgRx)
                  0000f312    00000002     --HOLE-- [fill = 0]
                  0000f314    00000098     mqtt_if.obj (.text:MQTT_IF_Publish)
                  0000f3ac    00000098     uart_term.obj (.text:TrimSpace)
                  0000f444    00000098     drivers_msp432p4x1xi.aem4f : UARTMSP432.oem4f (.text:UARTMSP432_close)
                  0000f4dc    00000096     mqtt_release.a : mqtt_net_func.oem4f (.text:MQTTNet_tcpSelect)
                  0000f572    00000096     rtsv7M4_T_le_v4SPD16_eabi.lib : ull_div_t2.asm.obj (.text)
                  0000f608    00000094     simplelink.a : cc_pal.obj (.text:Semaphore_pend_handle)
                  0000f69c    00000094     drivers_msp432p4x1xi.aem4f : UDMAMSP432.oem4f (.text:UDMAMSP432_init)
                  0000f730    00000094                                : UDMAMSP432.oem4f (.text:UDMAMSP432_open)
                  0000f7c4    00000004     dpl_msp432p4x1xi.aem4f : ClockP_tirtos.oem4f (.text:ClockP_stop)
                  0000f7c8    00000094     sysbios.aem4f : BIOS.obj (.text:_pthread_removeThreadKeys)
                  0000f85c    00000004     dpl_msp432p4x1xi.aem4f : HwiP_tirtos.oem4f (.text:HwiP_clearInterrupt)
                  0000f860    00000094     sysbios.aem4f : BIOS.obj (.text:ti_sysbios_family_arm_m3_Hwi_initNVIC__E)
                  0000f8f4    00000004     dpl_msp432p4x1xi.aem4f : HwiP_tirtos.oem4f (.text:HwiP_disable)
                  0000f8f8    00000094     sysbios.aem4f : BIOS.obj (.text:ti_sysbios_knl_Task_exit__E)
                  0000f98c    00000092     slnetsock_release.a : slnetsock.oem4f (.text:SlNetSock_create)
                  0000fa1e    00000092     drivers_msp432p4x1xi.aem4f : UARTMSP432.oem4f (.text:writeData)
                  0000fab0    00000090     slnetsock_release.a : slnetsock.oem4f (.text:SlNetSock_getVirtualSdConf)
                  0000fb40    00000090     simplelink.a : device.obj (.text:_SlDeviceHandleAsync_Stop)
                  0000fbd0    00000090                  : sl_socket.obj (.text:_SlSocketHandleAsync_Accept)
                  0000fc60    00000090     mqtt_release.a : mqttclient.oem4f (.text:processPublishRxCB)
                  0000fcf0    00000090     sysbios.aem4f : BIOS.obj (.text:ti_sysbios_knl_Task_Module_startup__E)
                  0000fd80    0000008c     mqtt_release.a : client_core.oem4f (.text:MQTTClientCore_createCtx)
                  0000fe0c    0000008c     drivers_msp432p4x1xi.aem4f : PowerMSP432.oem4f (.text:Power_init)
                  0000fe98    0000008c     slnetsock_release.a : slnetsock.oem4f (.text:SlNetSock_accept)
                  0000ff24    0000008c     simplelink.a : driver.obj (.text:_SlDrvDriverIsApiAllowed)
                  0000ffb0    0000008c                  : driver.obj (.text:_SlDrvProtectAsyncRespSetting)
                  0001003c    0000008c     rtsv7M4_T_le_v4SPD16_eabi.lib : fputc.c.obj (.text:fputc)
                  000100c8    0000008c     drivers_msp432p4x1xi.aem4f : UARTMSP432.oem4f (.text:readIsrTextBlocking)
                  00010154    0000008c     simplelink.a : sl_socket.obj (.text:sl_Recv)
                  000101e0    0000008c     sysbios.aem4f : m3_TaskSupport_asm.obj (.text:ti_sysbios_family_arm_m3_TaskSupport_buildTaskStack)
                  0001026c    00000004     dpl_msp432p4x1xi.aem4f : HwiP_tirtos.oem4f (.text:HwiP_disableInterrupt)
                  00010270    0000008c     sysbios.aem4f : BIOS.obj (.text:xdc_runtime_Memory_alloc__E)
                  000102fc    00000088     mqtt_release.a : client_core.oem4f (.text:procConnackRx)
                  00010384    00000088     simplelink.a : eventreg.obj (.text:sl_UnregisterLibsEventHandler)
                  0001040c    00000004     dpl_msp432p4x1xi.aem4f : HwiP_tirtos.oem4f (.text:HwiP_enableInterrupt)
                  00010410    00000088     sysbios.aem4f : BIOS.obj (.text:ti_sysbios_knl_Mailbox_post__E)
                  00010498    00000088     mqtt_release.a : client_core.oem4f (.text:wrConnectPayload)
                  00010520    00000086     rtsv7M4_T_le_v4SPD16_eabi.lib : fd_cmp_t2.asm.obj (.text:__aeabi_cdcmple)
                  000105a6    00000086                                   : fd_cmp_t2.asm.obj (.text:__aeabi_cdrcmple)
                  0001062c    00000086     drivers_msp432p4x1xi.aem4f : SPIMSP432DMA.oem4f (.text:initHw)
                  000106b2    00000006                                : SPIMSP432DMA.oem4f (.text:SPIMSP432DMA_control)
                  000106b8    00000086     sysbios.aem4f : BIOS.obj (.text:xdc_runtime_Core_constructObject__I)
                  0001073e    00000084     mqtt_if.obj (.text:MQTTHelperTopicMatching)
                  000107c2    00000002     --HOLE-- [fill = 0]
                  000107c4    00000084     msp432p4xx_driverlib.lib : pcm.o (.text:PCM_gotoLPM3)
                  00010848    00000084     slnetifwifi.a : slnetifwifi.obj (.text:SlNetIfWifi_sockstartSec)
                  000108cc    00000084     slnetsock_release.a : slnetutils.oem4f (.text:SlNetUtil_getHostByName)
                  00010950    00000084     drivers_msp432p4x1xi.aem4f : TimerMSP432.oem4f (.text:TimerMSP432_stop)
                  000109d4    00000084     mqtt_release.a : client_core.oem4f (.text:mqpSetupProcCtxDataRecv)
                  00010a58    00000084     drivers_msp432p4x1xi.aem4f : PowerMSP432.oem4f (.text:restartHFXT)
                  00010adc    00000084     simplelink.a : sl_socket.obj (.text:sl_SetSockOpt)
                  00010b60    00000084     sysbios.aem4f : BIOS.obj (.text:ti_sysbios_family_arm_m3_Hwi_postInit__I)
                  00010be4    00000004     drivers_msp432p4x1xi.aem4f : SPIMSP432DMA.oem4f (.text:SPIMSP432DMA_init)
                  00010be8    00000084     sysbios.aem4f : BIOS.obj (.text:ti_sysbios_heaps_HeapMem_free__E)
                  00010c6c    00000080     mqtt_release.a : client_core.oem4f (.text:clCtxPartSend)
                  00010cec    0000007c     mqtt_if.obj (.text:MQTTContextThread)
                  00010d68    0000007c     sysbios.aem4f : BIOS.obj (.text:_pthread_abstime2ticks)
                  00010de4    0000007c     mqtt_release.a : client_core.oem4f (.text:procCtxDataRecv)
                  00010e60    0000007a     rtsv7M4_T_le_v4SPD16_eabi.lib : memset_t2.asm.obj (.text)
                  00010eda    00000002     --HOLE-- [fill = 0]
                  00010edc    00000078     mqtt_release.a : mqtt_net_func.oem4f (.text:MQTTNet_recvFrom)
                  00010f54    00000078     drivers_msp432p4x1xi.aem4f : TimerMSP432.oem4f (.text:TimerMSP432_allocateTimerResource)
                  00010fcc    00000078     simplelink.a : sl_socket.obj (.text:sl_Socket)
                  00011044    00000074     mqtt_release.a : mqtt_net_func.oem4f (.text:MQTTNet_tcpAccept)
                  000110b8    00000074     slnetsock_release.a : slnetsock.oem4f (.text:SlNetSock_AllocVirtualSocket)
                  0001112c    00000074     rtsv7M4_T_le_v4SPD16_eabi.lib : fclose.c.obj (.text:__TI_closefile)
                  000111a0    00000074     mqtt_release.a : client_core.oem4f (.text:groupCtxsRxPrep)
                  00011214    00000004     dpl_msp432p4x1xi.aem4f : SemaphoreP_tirtos.oem4f (.text:SemaphoreP_post)
                  00011218    00000074     sysbios.aem4f : BIOS.obj (.text:ti_sysbios_knl_Clock_walkQueueDynamic__E)
                  0001128c    00000004     slnetsock_release.a : slnetif.oem4f (.text:SlNetIf_init)
                  00011290    00000074     sysbios.aem4f : BIOS.obj (.text:ti_sysbios_knl_Mailbox_pend__E)
                  00011304    00000072     mqtt_release.a : mqtt_common.oem4f (.text:MQTT_packetProcPubRx)
                  00011376    00000002     --HOLE-- [fill = 0]
                  00011378    00000070     slnetsock_release.a : slnetsock.oem4f (.text:SlNetSock_secAttribSet)
                  000113e8    00000070     simplelink.a : driver.obj (.text:_SlDrvCmdSend_noLock)
                  00011458    00000070     sysbios.aem4f : BIOS.obj (.text:acquireMutexNone$47)
                  000114c8    00000070                   : BIOS.obj (.text:ti_sysbios_heaps_HeapMem_initPrimary__I)
                  00011538    00000070                   : BIOS.obj (.text:ti_sysbios_knl_Mailbox_Instance_finalize__E)
                  000115a8    0000006e     rtsv7M4_T_le_v4SPD16_eabi.lib : _printfi.c.obj (.text:_mcpy)
                  00011616    0000006e                                   : ll_div_t2.asm.obj (.text)
                  00011684    0000006c                                   : hostrename.c.obj (.text:HOSTrename)
                  000116f0    0000006c     mqtt_release.a : mqttclient.oem4f (.text:MQTTClient_run)
                  0001175c    0000006c     simplelink.a : cc_pal.obj (.text:NwpRegisterInterruptHandler)
                  000117c8    0000006c     slnetsock_release.a : slnetutils.oem4f (.text:SlNetUtil_str2BinIpV4)
                  00011834    0000006c     simplelink.a : device.obj (.text:_SlDeviceHandleResetRequestInternally)
                  000118a0    0000006c                  : sl_socket.obj (.text:_SlDrvOpenCtrlSocket)
                  0001190c    0000006c                  : netapp.obj (.text:_SlNetAppSendTokenValue)
                  00011978    0000006c     sysbios.aem4f : BIOS.obj (.text:ti_sysbios_family_arm_msp432_Seconds_get__E)
                  000119e4    00000004     slnetsock_release.a : slnetutils.oem4f (.text:SlNetUtil_init)
                  000119e8    0000006c     sysbios.aem4f : BIOS.obj (.text:ti_sysbios_knl_Swi_restoreHwi__E)
                  00011a54    0000006c     mqtt_client_app.obj (.text:waterButtonHandler)
                  00011ac0    0000006a     mqtt_release.a : mqtt_net_func.oem4f (.text:MQTTNet_sendTo)
                  00011b2a    0000006a     drivers_msp432p4x1xi.aem4f : UARTMSP432.oem4f (.text:UARTMSP432_writeCancel)
                  00011b94    00000068                                : GPIOMSP432.oem4f (.text:GPIO_hwiIntFxn)
                  00011bfc    00000068     rtsv7M4_T_le_v4SPD16_eabi.lib : hostlseek.c.obj (.text:HOSTlseek)
                  00011c64    00000068     mqtt_release.a : mqtt_common.oem4f (.text:MQTT_qos2PubCqUnlog)
                  00011ccc    00000068     drivers_msp432p4x1xi.aem4f : PowerMSP432.oem4f (.text:PowerMSP432_getFreqs)
                  00011d34    00000068     simplelink.a : driver.obj (.text:_SlSpawnMsgListGetCount)
                  00011d9c    00000068     rtsv7M4_T_le_v4SPD16_eabi.lib : copy_decompress_lzss.c.obj (.text:decompress:lzss:__TI_decompress_lzss)
                  00011e04    00000068     main_tirtos.obj (.text:main)
                  00011e6c    00000068     rtsv7M4_T_le_v4SPD16_eabi.lib : printf.c.obj (.text:printf)
                  00011ed4    00000004                                   : printf.c.obj (.text:_outc)
                  00011ed8    00000068     sysbios.aem4f : BIOS.obj (.text:ti_sysbios_knl_Clock_startI__E)
                  00011f40    00000066                   : BIOS.obj (.text:xdc_runtime_Core_deleteObject__I)
                  00011fa6    00000064     mqtt_release.a : mqtt_common.oem4f (.text:MQTT_packetPubAppendTopic)
                  0001200a    00000064     drivers_msp432p4x1xi.aem4f : SPIMSP432DMA.oem4f (.text:SPIMSP432DMA_close)
                  0001206e    00000064     mqtt_release.a : client_core.oem4f (.text:clientReset)
                  000120d2    00000002     --HOLE-- [fill = 0]
                  000120d4    00000064                    : client_core.oem4f (.text:doNetClose)
                  00012138    00000064     rtsv7M4_T_le_v4SPD16_eabi.lib : s_frexp.c.obj (.text:frexp)
                  0001219c    00000064                                   : fseek.c.obj (.text:fseek)
                  00012200    00000064     sysbios.aem4f : BIOS.obj (.text:ti_sysbios_family_arm_m3_Hwi_dispatchC__I)
                  00012264    00000062     rtsv7M4_T_le_v4SPD16_eabi.lib : _io_perm.c.obj (.text:__TI_wrt_ok)
                  000122c6    00000002     --HOLE-- [fill = 0]
                  000122c8    00000060     drivers_msp432p4x1xi.aem4f : GPIOMSP432.oem4f (.text:GPIO_setCallback)
                  00012328    00000060     rtsv7M4_T_le_v4SPD16_eabi.lib : hostopen.c.obj (.text:HOSTopen)
                  00012388    00000060     slnetsock_release.a : slnetsock.oem4f (.text:SlNetSock_recvFrom)
                  000123e8    00000060                         : slnetsock.oem4f (.text:SlNetSock_sendTo)
                  00012448    00000060     sysbios.aem4f : BIOS.obj (.text:pthread_exit)
                  000124a8    00000060     simplelink.a : cc_pal.obj (.text:spi_Open)
                  00012508    00000060     sysbios.aem4f : BIOS.obj (.text:ti_sysbios_family_arm_msp432_Timer_setNextTick__E)
                  00012568    00000060                   : BIOS.obj (.text:ti_sysbios_knl_Semaphore_post__E)
                  000125c8    00000060                   : BIOS.obj (.text:ti_sysbios_knl_Swi_run__I)
                  00012628    0000005e     msp432p4xx_driverlib.lib : pcm.o (.text:PCM_getCoreVoltageLevel)
                  00012686    0000005e     slnetifwifi.a : slnetifwifi.obj (.text:SlNetIfWifi_setSockOpt)
                  000126e4    0000005c     uart_term.obj (.text:InitTerm)
                  00012740    0000005c     mqtt_release.a : client_core.oem4f (.text:MQTTClientCore_exitLib)
                  0001279c    0000005c                    : mqtt_net_func.oem4f (.text:MQTTNet_tcpListen)
                  000127f8    0000005c     simplelink.a : spawn.obj (.text:_SlInternalSpawn)
                  00012854    0000005c     rtsv7M4_T_le_v4SPD16_eabi.lib : close.c.obj (.text:close)
                  000128b0    0000005c     sysbios.aem4f : BIOS.obj (.text:ti_sysbios_family_arm_msp432_Timer_getCurrentTick__E)
                  0001290c    00000004     rtsv7M4_T_le_v4SPD16_eabi.lib : printf.c.obj (.text:_outs)
                  00012910    0000005c     sysbios.aem4f : BIOS.obj (.text:ti_sysbios_knl_Swi_schedule__I)
                  0001296c    00000004     mqtt_release.a : mqttclient.oem4f (.text:mutexLockup)
                  00012970    0000005c     sysbios.aem4f : BIOS.obj (.text:ti_sysbios_knl_Task_startCore__E)
                  000129cc    00000004     mqtt_release.a : mqttclient.oem4f (.text:mutexUnlock)
                  000129d0    0000005c     sysbios.aem4f : BIOS.obj (.text:xdc_runtime_Startup_exec__E)
                  00012a2c    0000005a     msp432p4xx_driverlib.lib : pcm.o (.text:PCM_getPowerMode)
                  00012a86    00000002     --HOLE-- [fill = 0]
                  00012a88    00000058     drivers_msp432p4x1xi.aem4f : GPIOMSP432.oem4f (.text:GPIO_write)
                  00012ae0    00000058     rtsv7M4_T_le_v4SPD16_eabi.lib : hostread.c.obj (.text:HOSTread)
                  00012b38    00000058                                   : hostwrite.c.obj (.text:HOSTwrite)
                  00012b90    00000058     slnetsock_release.a : slnetsock.oem4f (.text:SlNetSock_recv)
                  00012be8    00000058                         : slnetsock.oem4f (.text:SlNetSock_send)
                  00012c40    00000058     simplelink.a : sl_socket.obj (.text:_SlDrvClearCtrlSocket)
                  00012c98    00000058     boot.aem4f : boot.oem4f (.text)
                  00012cf0    00000058     mqtt_release.a : client_core.oem4f (.text:clRecv)
                  00012d48    00000058     drivers_msp432p4x1xi.aem4f : UARTMSP432.oem4f (.text:readIsrBinaryBlocking)
                  00012da0    00000058     mqtt_release.a : client_core.oem4f (.text:singleCtxKaSequence)
                  00012df8    00000058     simplelink.a : sl_socket.obj (.text:sl_Listen)
                  00012e50    00000058                  : eventreg.obj (.text:sl_RegisterLibsEventHandler)
                  00012ea8    00000058     sysbios.aem4f : m3_Hwi_asm_switch.obj (.text:ti_sysbios_family_arm_m3_Hwi_initStacks__E)
                  00012f00    00000056     mqtt_release.a : mqtt_common.oem4f (.text:MQTT_packetPubAppendData)
                  00012f56    00000056     rtsv7M4_T_le_v4SPD16_eabi.lib : _printfi.c.obj (.text:_pconv_f)
                  00012fac    00000056     mqtt_release.a : client_core.oem4f (.text:procAckMsgRx)
                  00013002    00000002     --HOLE-- [fill = 0]
                  00013004    00000054                    : client_core.oem4f (.text:MQTTClientCore_deleteCtx)
                  00013058    00000054                    : client_core.oem4f (.text:MQTTClientCore_sendDisconn)
                  000130ac    00000054     msp432p4xx_driverlib.lib : pcm.o (.text:PCM_shutdownDevice)
                  00013100    00000054     drivers_msp432p4x1xi.aem4f : TimerMSP432.oem4f (.text:TimerMSP432_freeTimerResource)
                  00013154    00000054     rtsv7M4_T_le_v4SPD16_eabi.lib : _ltoa.c.obj (.text:__TI_ltoa)
                  000131a8    00000054     mqtt_release.a : client_core.oem4f (.text:grpNetSetupCreate)
                  000131fc    00000054     drivers_msp432p4x1xi.aem4f : SPIMSP432DMA.oem4f (.text:spiHwiFxn)
                  00013250    00000054     release_pem4f.oem4f (.text:ti_sysbios_family_arm_m3_Hwi_create)
                  000132a4    00000004     release_pem4f.oem4f (.text:ti_sysbios_BIOS_RtsGateProxy_enter__E)
                  000132a8    00000054     sysbios.aem4f : BIOS.obj (.text:ti_sysbios_family_arm_msp432_Timer_initDevice__I)
                  000132fc    00000054     release_pem4f.oem4f (.text:ti_sysbios_knl_Mailbox_create)
                  00013350    00000052     rtsv7M4_T_le_v4SPD16_eabi.lib : _printfi.c.obj (.text:_ecpy)
                  000133a2    00000002     --HOLE-- [fill = 0]
                  000133a4    00000050     dpl_msp432p4x1xi.aem4f : ClockP_tirtos.oem4f (.text:ClockP_create)
                  000133f4    00000050     slnetsock_release.a : slnetif.oem4f (.text:SlNetIf_queryIf)
                  00013444    00000050     drivers_msp432p4x1xi.aem4f : TimerMSP432.oem4f (.text:TimerMSP432_hwiIntFunction)
                  00013494    00000050                                : UDMAMSP432.oem4f (.text:UDMAMSP432_hwiFxn)
                  000134e4    00000050     simplelink.a : sl_socket.obj (.text:_SlDrvCloseCtrlSocket)
                  00013534    00000050                  : driver.obj (.text:_SlDrvCmdSend_noWait)
                  00013584    00000050                  : driver.obj (.text:_SlDrvUpdateApiInProgress)
                  000135d4    00000050                  : spawn.obj (.text:_SlInternalSpawnTaskEntry)
                  00013624    00000050                  : eventreg.obj (.text:_SlNetAppHttpServerHdlr)
                  00013674    00000050                  : eventreg.obj (.text:_SlNetAppRequestHdlr)
                  000136c4    00000050     mqtt_release.a : client_core.oem4f (.text:_procAckMsgRx)
                  00013714    00000004     release_pem4f.oem4f (.text:ti_sysbios_BIOS_RtsGateProxy_leave__E)
                  00013718    00000050     sysbios.aem4f : BIOS.obj (.text:mq_send)
                  00013768    00000050                   : BIOS.obj (.text:ti_sysbios_family_arm_m3_Hwi_Module_startup__E)
                  000137b8    00000050     release_pem4f.oem4f (.text:ti_sysbios_knl_Task_create)
                  00013808    0000004e     mqtt_release.a : client_core.oem4f (.text:MQTTClientCore_registerWillInfo)
                  00013856    0000004e     drivers_msp432p4x1xi.aem4f : TimerMSP432.oem4f (.text:TimerMSP432_close)
                  000138a4    0000004c     dpl_msp432p4x1xi.aem4f : PowerMSP432_tirtos.oem4f (.text:PowerMSP432_sleepPolicy)
                  000138f0    0000004c     slnetifwifi.a : slnetifwifi.obj (.text:SlNetIfWifi_getConnectionStatus)
                  0001393c    0000004c     slnetsock_release.a : slnetsock.oem4f (.text:SlNetSock_freeVirtualSocket)
                  00013988    0000004c                         : slnetsock.oem4f (.text:SlNetSock_startSec)
                  000139d4    0000004c     rtsv7M4_T_le_v4SPD16_eabi.lib : fflush.c.obj (.text:__TI_doflush)
                  00013a20    0000004c     mqtt_release.a : client_core.oem4f (.text:ack1WlMqpDispatch)
                  00013a6c    0000004c     rtsv7M4_T_le_v4SPD16_eabi.lib : atoi.c.obj (.text:atoi)
                  00013ab8    0000004c                                   : cpy_tbl.c.obj (.text:copy_in)
                  00013b04    0000004c     dht11.obj (.text:countHandler)
                  00013b50    0000004c     mqtt_release.a : client_core.oem4f (.text:loopbTrigger)
                  00013b9c    0000004c     drivers_msp432p4x1xi.aem4f : UARTMSP432.oem4f (.text:readIsrBinaryCallback)
                  00013be8    0000004c     mqtt_release.a : client_core.oem4f (.text:singleCtxRxPrep)
                  00013c34    0000004c     simplelink.a : wlan.obj (.text:sl_WlanSetMode)
                  00013c80    0000004c     rtsv7M4_T_le_v4SPD16_eabi.lib : snprintf.c.obj (.text:snprintf)
                  00013ccc    00000004     release_pem4f.oem4f (.text:ti_sysbios_family_arm_m3_Hwi_delete)
                  00013cd0    0000004c     sysbios.aem4f : BIOS.obj (.text:ti_sysbios_family_arm_msp432_Timer_postInit__I)
                  00013d1c    00000004     release_pem4f.oem4f (.text:ti_sysbios_family_arm_m3_TaskSupport_Module__startupDone__S)
                  00013d20    0000004c     sysbios.aem4f : BIOS.obj (.text:ti_sysbios_family_arm_msp432_Timer_start__E)
                  00013d6c    00000004     release_pem4f.oem4f (.text:ti_sysbios_heaps_HeapMem_Module_GateProxy_enter__E)
                  00013d70    0000004c     sysbios.aem4f : BIOS.obj (.text:ti_sysbios_heaps_HeapMem_getStats__E)
                  00013dbc    00000004     release_pem4f.oem4f (.text:ti_sysbios_heaps_HeapMem_Module_GateProxy_leave__E)
                  00013dc0    0000004c     sysbios.aem4f : BIOS.obj (.text:ti_sysbios_knl_Swi_runLoop__I)
                  00013e0c    00000004     release_pem4f.oem4f (.text:ti_sysbios_knl_Clock_TimerProxy_getCurrentTick__E)
                  00013e10    0000004c     sysbios.aem4f : BIOS.obj (.text:ti_sysbios_knl_Task_allBlockedFunction__I)
                  00013e5c    00000004     release_pem4f.oem4f (.text:ti_sysbios_knl_Clock_TimerProxy_getMaxTicks__E)
                  00013e60    0000004c     sysbios.aem4f : BIOS.obj (.text:ti_sysbios_knl_Task_schedule__I)
                  00013eac    0000004b     mqtt_client_app.obj (.text:ToggleLED1CB)
                  00013ef7    00000001     --HOLE-- [fill = 0]
                  00013ef8    0000004b     mqtt_client_app.obj (.text:ToggleLED2CB)
                  00013f43    00000001     --HOLE-- [fill = 0]
                  00013f44    0000004b     mqtt_client_app.obj (.text:ToggleLED3CB)
                  00013f8f    00000001     --HOLE-- [fill = 0]
                  00013f90    0000004a     mqtt_release.a : client_core.oem4f (.text:clCtxRecv)
                  00013fda    00000002     --HOLE-- [fill = 0]
                  00013fdc    00000048                    : mqttclient.oem4f (.text:MQTTClient_set)
                  00014024    00000048     drivers_msp432p4x1xi.aem4f : PowerMSP432.oem4f (.text:Power_releaseConstraint)
                  0001406c    00000048     slnetsock_release.a : slnetsock.oem4f (.text:SlNetSock_connect)
                  000140b4    00000048                         : slnetsock.oem4f (.text:SlNetSock_init)
                  000140fc    00000048                         : slnetsock.oem4f (.text:SlNetSock_setOpt)
                  00014144    00000048     simplelink.a : eventreg.obj (.text:_SlDeviceFatalErrorEvtHdlr)
                  0001418c    00000048                  : eventreg.obj (.text:_SlDeviceGeneralEvtHdlr)
                  000141d4    00000048                  : driver.obj (.text:_SlDrvBasicCmd)
                  0001421c    00000048                  : driver.obj (.text:_SlDrvSyncObjWaitTimeout)
                  00014264    00000048                  : eventreg.obj (.text:_SlNetAppEvtHdlr)
                  000142ac    00000048                  : eventreg.obj (.text:_SlNetAppRequestMemFree)
                  000142f4    00000048                  : eventreg.obj (.text:_SlSockEvtHdlr)
                  0001433c    00000048                  : eventreg.obj (.text:_SlWlanEvtHdlr)
                  00014384    00000048     mqtt_release.a : client_core.oem4f (.text:bufUTF8WrTry)
                  000143cc    00000048                    : client_core.oem4f (.text:clCtxSetup)
                  00014414    00000004     release_pem4f.oem4f (.text:ti_sysbios_knl_Clock_TimerProxy_setNextTick__E)
                  00014418    00000048     sysbios.aem4f : BIOS.obj (.text:mq_close)
                  00014460    00000048                   : BIOS.obj (.text:pthread_mutex_init)
                  000144a8    00000048     rtsv7M4_T_le_v4SPD16_eabi.lib : fd_toi_t2.asm.obj (.text)
                  000144f0    00000048     sysbios.aem4f : BIOS.obj (.text:ti_sysbios_family_arm_m3_Hwi_disableInterrupt__E)
                  00014538    00000048                   : BIOS.obj (.text:ti_sysbios_family_arm_m3_Hwi_enableInterrupt__E)
                  00014580    00000048                   : BIOS.obj (.text:ti_sysbios_knl_Mailbox_Module_startup__E)
                  000145c8    00000048     mqtt_release.a : client_core.oem4f (.text:wrConnectVh)
                  00014610    00000048     sysbios.aem4f : BIOS.obj (.text:xdc_runtime_Core_assignParams__I)
                  00014658    00000046     drivers_msp432p4x1xi.aem4f : RingBuf.oem4f (.text:RingBuf_put)
                  0001469e    00000002     --HOLE-- [fill = 0]
                  000146a0    00000044     rtsv7M4_T_le_v4SPD16_eabi.lib : hostclose.c.obj (.text:HOSTclose)
                  000146e4    00000044                                   : hostunlink.c.obj (.text:HOSTunlink)
                  00014728    00000044     mqtt_release.a : client_core.oem4f (.text:MQTTClientCore_run)
                  0001476c    00000044                    : mqtt_net_func.oem4f (.text:MQTTNet_tcpRecv)
                  000147b0    00000044                    : mqttclient.oem4f (.text:MqttClientCtxDelete)
                  000147f4    00000044     drivers_msp432p4x1xi.aem4f : SPI.oem4f (.text:SPI_init)
                  00014838    00000044     slnetsock_release.a : slnetutils.oem4f (.text:SlNetUtil_strTok)
                  0001487c    00000044     drivers_msp432p4x1xi.aem4f : Timer.oem4f (.text:Timer_init)
                  000148c0    00000044                                : UART.oem4f (.text:UART_init)
                  00014904    00000044     simplelink.a : driver.obj (.text:_SlDrvRxIrqHandler)
                  00014948    00000044     rtsv7M4_T_le_v4SPD16_eabi.lib : getdevice.c.obj (.text:getdevice)
                  0001498c    00000004     release_pem4f.oem4f (.text:ti_sysbios_knl_Clock_delete)
                  00014990    00000044     sysbios.aem4f : BIOS.obj (.text:ti_sysbios_family_arm_m3_Hwi_getStackInfo__E)
                  000149d4    00000004     release_pem4f.oem4f (.text:ti_sysbios_knl_Semaphore_delete)
                  000149d8    00000044     sysbios.aem4f : BIOS.obj (.text:ti_sysbios_knl_Swi_post__E)
                  00014a1c    00000044     mqtt_release.a : client_core.oem4f (.text:vhMsgSend)
                  00014a60    00000044     sysbios.aem4f : BIOS.obj (.text:xdc_runtime_System_atexit__E)
                  00014aa4    00000043     mqtt_client_app.obj (.text:BrokerCB)
                  00014ae7    00000001     --HOLE-- [fill = 0]
                  00014ae8    00000043     mqtt_client_app.obj (.text:infoTopicCB)
                  00014b2b    00000001     --HOLE-- [fill = 0]
                  00014b2c    00000042     mqtt_release.a : mqtt_common.oem4f (.text:MQTT_packetBufRdRemlen)
                  00014b6e    00000040     simplelink.a : sl_socket.obj (.text:CountSetBits)
                  00014bae    00000002     --HOLE-- [fill = 0]
                  00014bb0    00000040     dpl_msp432p4x1xi.aem4f : HwiP_tirtos.oem4f (.text:HwiP_create)
                  00014bf0    00000040     network_if.obj (.text:InitializeAppVariables)
                  00014c30    00000040     mqtt_release.a : client_core.oem4f (.text:MQTTClientCore_registerCtxInfo)
                  00014c70    00000040     drivers_msp432p4x1xi.aem4f : RingBuf.oem4f (.text:RingBuf_get)
                  00014cb0    00000040                                : SPI.oem4f (.text:SPI_open)
                  00014cf0    00000040     network_if.obj (.text:SimpleLinkGeneralEventHandler)
                  00014d30    00000040     slnetsock_release.a : slnetsock.oem4f (.text:SlNetSock_bind)
                  00014d70    00000040     drivers_msp432p4x1xi.aem4f : Timer.oem4f (.text:Timer_open)
                  00014db0    00000040                                : UARTMSP432.oem4f (.text:UARTMSP432_read)
                  00014df0    00000040                                : UART.oem4f (.text:UART_open)
                  00014e30    00000040     simplelink.a : driver.obj (.text:_SlFindAndReleasePendingCmd)
                  00014e70    00000040                  : spawn.obj (.text:_SlInternalSpawnWaitForEvent)
                  00014eb0    00000040                  : eventreg.obj (.text:_SlIsEventRegistered)
                  00014ef0    00000040     mqtt_release.a : mqttclient.oem4f (.text:_sl_ExtLib_ServerAckLockedWait)
                  00014f30    00000040     msp432p4xx_driverlib.lib : spi.o (.text:is_A_Module)
                  00014f70    00000040     sysbios.aem4f : BIOS.obj (.text:mq_receive)
                  00014fb0    00000040     mqtt_release.a : client_core.oem4f (.text:netConnect)
                  00014ff0    00000040     drivers_msp432p4x1xi.aem4f : UARTMSP432.oem4f (.text:perfChangeNotifyFxn)
                  00015030    00000040     mqtt_client_app.obj (.text:sendinfo)
                  00015070    00000040     sysbios.aem4f : BIOS.obj (.text:ti_sysbios_family_arm_msp432_Timer_Module_startup__E)
                  000150b0    00000040                   : BIOS.obj (.text:ti_sysbios_family_arm_msp432_Timer_startup__E)
                  000150f0    00000040                   : BIOS.obj (.text:ti_sysbios_heaps_HeapMem_Instance_init__E)
                  00015130    00000040                   : BIOS.obj (.text:ti_sysbios_knl_Clock_Instance_init__E)
                  00015170    00000040     rtsv7M4_T_le_v4SPD16_eabi.lib : vsnprintf.c.obj (.text:vsnprintf)
                  000151b0    0000003e     mqtt_release.a : mqtt_common.oem4f (.text:MQTT_packetAckWlistRemove)
                  000151ee    0000003e                    : mqtt_common.oem4f (.text:MQTT_packetBufTailWrRemlen)
                  0001522c    0000003e     slnetsock_release.a : slnetsock.oem4f (.text:SlNetSock_close)
                  0001526a    0000003e     simplelink.a : sl_socket.obj (.text:_SlSocketBuildAddress)
                  000152a8    0000003e     rtsv7M4_T_le_v4SPD16_eabi.lib : _printfi.c.obj (.text:_fcpy)
                  000152e6    0000003e     mqtt_release.a : client_core.oem4f (.text:clCtxSeg1Send)
                  00015324    0000003e                    : client_core.oem4f (.text:procPingrspRx)
                  00015362    0000003e     release_pem4f.oem4f (.text:realloc)
                  000153a0    0000003e     sysbios.aem4f : BIOS.obj (.text:sem_timedwait)
                  000153de    00000002     --HOLE-- [fill = 0]
                  000153e0    0000003c     mqtt_release.a : client_core.oem4f (.text:MQTTClientCore_registerBuffers)
                  0001541c    0000003c                    : mqttclient.oem4f (.text:MQTTClient_disconnect)
                  00015458    0000003c                    : mqtt_common.oem4f (.text:MQTT_qos2PubCqCheck)
                  00015494    0000003c     network_if.obj (.text:Network_IF_DisconnectFromAP)
                  000154d0    0000003c     dpl_msp432p4x1xi.aem4f : SemaphoreP_tirtos.oem4f (.text:SemaphoreP_create)
                  0001550c    0000003c     simplelink.a : netapp.obj (.text:_SlNetAppCopyPingResultsToReport)
                  00015548    0000003c     mqtt_release.a : mqttclient.oem4f (.text:processDisconnCB)
                  00015584    00000004     release_pem4f.oem4f (.text:ti_sysbios_knl_Task_delete)
                  00015588    0000003c     sysbios.aem4f : BIOS.obj (.text:pthread_mutex_unlock)
                  000155c4    0000003c     mqtt_release.a : client_core.oem4f (.text:singleCtxRxPrepLocked)
                  00015600    0000003c     sysbios.aem4f : BIOS.obj (.text:sleep)
                  0001563c    0000003c     mqtt_release.a : client_core.oem4f (.text:tailIncorpMsgID)
                  00015678    0000003c     sysbios.aem4f : BIOS.obj (.text:ti_sysbios_family_arm_m3_Hwi_Instance_finalize__E)
                  000156b4    00000004     release_pem4f.oem4f (.text:xdc_runtime_System_Module_GateProxy_enter__E)
                  000156b8    0000003c     sysbios.aem4f : BIOS.obj (.text:ti_sysbios_family_arm_msp432_Seconds_Module_startup__E)
                  000156f4    0000003c     release_pem4f.oem4f (.text:ti_sysbios_knl_Clock_create)
                  00015730    0000003c     sysbios.aem4f : BIOS.obj (.text:ti_sysbios_knl_Swi_restore__E)
                  0001576c    0000003c     simplelink.a : sl_socket.obj (.text:to_mSec)
                  000157a8    0000003c     sysbios.aem4f : BIOS.obj (.text:usleep)
                  000157e4    00000004     release_pem4f.oem4f (.text:xdc_runtime_System_Module_GateProxy_leave__E)
                  000157e8    0000003c     sysbios.aem4f : BIOS.obj (.text:xdc_runtime_System_processAtExit__E)
                  00015824    0000003a     slnetifwifi.a : slnetifwifi.obj (.text:SlNetIfWifi_getIPAddr)
                  0001585e    0000003a     mqtt_release.a : mqtt_common.oem4f (.text:mqpProcVhMsgIdRx)
                  00015898    00000038     drivers_msp432p4x1xi.aem4f : GPIOMSP432.oem4f (.text:GPIO_toggle)
                  000158d0    00000038     mqtt_release.a : client_core.oem4f (.text:MQTTClientCore_registerNetSvc)
                  00015908    00000038                    : mqtt_common.oem4f (.text:MQTT_qos2PubCqLogup)
                  00015940    00000038     drivers_msp432p4x1xi.aem4f : PowerMSP432.oem4f (.text:Power_setConstraint)
                  00015978    00000038     slnetifwifi.a : slnetifwifi.obj (.text:SlNetIfWifi_recvFrom)
                  000159b0    00000038                   : slnetifwifi.obj (.text:SlNetIfWifi_sendTo)
                  000159e8    00000038                   : slnetifwifi.obj (.text:SlNetIfWifi_socket)
                  00015a20    00000038     slnetsock_release.a : slnetif.oem4f (.text:SlNetIf_configCheck)
                  00015a58    00000038                         : slnetsock.oem4f (.text:SlNetSock_listen)
                  00015a90    00000038                         : slnetutils.oem4f (.text:SlNetUtil_htonl)
                  00015ac8    00000038     drivers_msp432p4x1xi.aem4f : TimerMSP432.oem4f (.text:TimerMSP432_getCount)
                  00015b00    00000038     rtsv7M4_T_le_v4SPD16_eabi.lib : trgmsg.c.obj (.text:__TI_writemsg)
                  00015b38    00000038     mqtt_release.a : client_core.oem4f (.text:mqpAllocAtomic)
                  00015b70    00000038                    : client_core.oem4f (.text:netRecv)
                  00015ba8    00000038     drivers_msp432p4x1xi.aem4f : PowerMSP432.oem4f (.text:notify)
                  00015be0    00000037     network_if.obj (.text:Network_IF_DeInitDriver)
                  00015c17    00000001     --HOLE-- [fill = 0]
                  00015c18    00000036     mqtt_release.a : mqtt_common.oem4f (.text:MQTT_packetPrepFh)
                  00015c4e    00000036     slnetifwifi.a : slnetifwifi.obj (.text:SlNetIfWifi_getHostByName)
                  00015c84    00000036                   : slnetifwifi.obj (.text:SlNetIfWifi_select)
                  00015cba    00000036     drivers_msp432p4x1xi.aem4f : UARTMSP432.oem4f (.text:UARTMSP432_readCancel)
                  00015cf0    00000036     mqtt_release.a : client_core.oem4f (.text:_procPubRecRx)
                  00015d26    00000036     rtsv7M4_T_le_v4SPD16_eabi.lib : strncpy.c.obj (.text:strncpy)
                  00015d5c    00000034     drivers_msp432p4x1xi.aem4f : GPIOMSP432.oem4f (.text:GPIO_clearInt)
                  00015d90    00000034                                : GPIOMSP432.oem4f (.text:GPIO_disableInt)
                  00015dc4    00000034                                : GPIOMSP432.oem4f (.text:GPIO_enableInt)
                  00015df8    00000034     slnetsock_release.a : slnetutils.oem4f (.text:SlNetUtil_htons)
                  00015e2c    00000034     rtsv7M4_T_le_v4SPD16_eabi.lib : fopen.c.obj (.text:__TI_cleanup)
                  00015e60    00000034                                   : trgmsg.c.obj (.text:__TI_readmsg)
                  00015e94    00000034     mqtt_release.a : client_core.oem4f (.text:groupCtxsKaSequence)
                  00015ec8    00000034                    : client_core.oem4f (.text:mqpFreeLocked)
                  00015efc    00000034                    : client_core.oem4f (.text:procLoopbackRecv)
                  00015f30    00000034     release_pem4f.oem4f (.text:ti_sysbios_knl_Semaphore_create)
                  00015f64    00000032     mqtt_release.a : mqtt_common.oem4f (.text:MQTT_clCtxTimeoutInsert)
                  00015f96    00000032                    : client_core.oem4f (.text:connectedStateRx)
                  00015fc8    00000032     sysbios.aem4f : BIOS.obj (.text:ti_sysbios_hal_Hwi_initStack)
                  00015ffa    00000002     --HOLE-- [fill = 0]
                  00015ffc    00000030     simplelink.a : cc_pal.obj (.text:HostIrqGPIO_callback)
                  0001602c    00000030                  : driver.obj (.text:_SlDrvGlobalObjUnLock)
                  0001605c    00000030                  : fs.obj (.text:_SlFsStrlen)
                  0001608c    00000030     rtsv7M4_T_le_v4SPD16_eabi.lib : snprintf.c.obj (.text:_outs)
                  000160bc    00000030                                   : vsnprintf.c.obj (.text:_outs)
                  000160ec    00000030     mqtt_release.a : client_core.oem4f (.text:ack2MsgIdUnlog)
                  0001611c    00000030                    : client_core.oem4f (.text:clientDescInit)
                  0001614c    00000004     --HOLE-- [fill = 0]
                  00016150    00000030     sysbios.aem4f : BIOS.obj (.text:findInList$42)
                  00016180    00000030     rtsv7M4_T_le_v4SPD16_eabi.lib : getdevice.c.obj (.text:finddevice)
                  000161b0    00000030     mqtt_release.a : mqttclient.oem4f (.text:getAvailableClictxMem)
                  000161e0    00000030     drivers_msp432p4x1xi.aem4f : SPIMSP432DMA.oem4f (.text:mapPin)
                  00016210    00000030                                : UARTMSP432.oem4f (.text:mapPin)
                  00016240    00000030     release_pem4f.oem4f (.text:ti_sysbios_BIOS_atExitFunc__I)
                  00016270    00000030     release_pem4f.oem4f (.text:ti_sysbios_BIOS_startFunc__I)
                  000162a0    00000030     sysbios.aem4f : BIOS.obj (.text:ti_sysbios_family_arm_m3_TaskSupport_start__E)
                  000162d0    00000030     release_pem4f.oem4f (.text:ti_sysbios_gates_GateHwi_Object__create__S)
                  00016300    00000030     release_pem4f.oem4f (.text:ti_sysbios_gates_GateMutex_Object__create__S)
                  00016330    00000030     sysbios.aem4f : BIOS.obj (.text:ti_sysbios_gates_GateMutex_enter__E)
                  00016360    00000030     release_pem4f.oem4f (.text:ti_sysbios_heaps_HeapMem_Object__create__S)
                  00016390    00000030     sysbios.aem4f : BIOS.obj (.text:ti_sysbios_knl_Mailbox_postInit__I)
                  000163c0    00000030     release_pem4f.oem4f (.text:ti_sysbios_knl_Semaphore_construct)
                  000163f0    00000030     sysbios.aem4f : BIOS.obj (.text:ti_sysbios_knl_Semaphore_pendTimeout__I)
                  00016420    00000030                   : BIOS.obj (.text:ti_sysbios_knl_Task_processVitalTaskFlag__I)
                  00016450    00000030                   : BIOS.obj (.text:ti_sysbios_knl_Task_restore__E)
                  00016480    00000030                   : BIOS.obj (.text:ti_sysbios_knl_Task_unblockI__E)
                  000164b0    0000002e     simplelink.a : cc_pal.obj (.text:Mutex_create_handle)
                  000164de    0000002e     rtsv7M4_T_le_v4SPD16_eabi.lib : i_tofd_t2.asm.obj (.text)
                  0001650c    0000002e     release_pem4f.oem4f (.text:ti_sysbios_rts_MemAlloc_alloc)
                  0001653a    0000002c     dpl_msp432p4x1xi.aem4f : PowerMSP432_tirtos.oem4f (.text:PowerMSP432_updateFreqs)
                  00016566    00000002     --HOLE-- [fill = 0]
                  00016568    0000002c     msp432p4xx_driverlib.lib : rtc_c.o (.text:RTC_C_holdClock)
                  00016594    0000002c     dpl_msp432p4x1xi.aem4f : SemaphoreP_tirtos.oem4f (.text:SemaphoreP_createBinary)
                  000165c0    0000002c     slnetifwifi.a : slnetifwifi.obj (.text:SlNetIfWifi_recv)
                  000165ec    0000002c                   : slnetifwifi.obj (.text:SlNetIfWifi_send)
                  00016618    0000002c     simplelink.a : driver.obj (.text:_SlDrvSyncObjWaitForever)
                  00016644    00000004     --HOLE-- [fill = 0]
                  00016648    0000002c     sysbios.aem4f : BIOS.obj (.text:_pthread_cleanupFxn)
                  00016674    00000004     --HOLE-- [fill = 0]
                  00016678    0000002c                   : BIOS.obj (.text:_pthread_delete$43)
                  000166a4    0000002c     mqtt_release.a : client_core.oem4f (.text:doNetCloseRx)
                  000166d0    0000002c     mqtt_client_app.obj (.text:initialize_info)
                  000166fc    0000002c     drivers_msp432p4x1xi.aem4f : TimerMSP432.oem4f (.text:perfChangeNotifyFxn)
                  00016728    0000002c     mqtt_release.a : client_core.oem4f (.text:singleCtxAdjWaitSecsGet)
                  00016754    0000002c     release_pem4f.oem4f (.text:ti_sysbios_gates_GateHwi_Handle__label__S)
                  00016780    0000002c     release_pem4f.oem4f (.text:ti_sysbios_gates_GateMutex_Handle__label__S)
                  000167ac    0000002c     release_pem4f.oem4f (.text:ti_sysbios_heaps_HeapMem_Handle__label__S)
                  000167d8    0000002c     release_pem4f.oem4f (.text:ti_sysbios_knl_Queue_construct)
                  00016804    0000002c     rtsv7M4_T_le_v4SPD16_eabi.lib : unlink.c.obj (.text:unlink)
                  00016830    0000002a     slnetsock_release.a : slnetutils.oem4f (.text:SlNetUtil_inetPton)
                  0001685a    0000002a     mqtt_release.a : client_core.oem4f (.text:ack2MsgIdDispatch)
                  00016884    0000002a     release_pem4f.oem4f (.text:calloc)
                  000168ae    0000002a     drivers_msp432p4x1xi.aem4f : SPIMSP432DMA.oem4f (.text:perfChangeNotifyFxn)
                  000168d8    0000002a     mqtt_release.a : client_core.oem4f (.text:pingReqSend)
                  00016902    00000006     drivers_msp432p4x1xi.aem4f : TimerMSP432.oem4f (.text:TimerMSP432_control)
                  00016908    0000002a     sysbios.aem4f : BIOS.obj (.text:sem_init)
                  00016932    0000002a     mqtt_release.a : client_core.oem4f (.text:txPartSetup)
                  0001695c    00000028                    : mqtt_common.oem4f (.text:MQTT_packetBufWrUtf8)
                  00016984    00000028     msp432p4xx_driverlib.lib : pcm.o (.text:PCM_gotoLPM0)
                  000169ac    00000028     drivers_msp432p4x1xi.aem4f : PowerMSP432.oem4f (.text:Power_registerNotify)
                  000169d4    00000028     msp432p4xx_driverlib.lib : spi.o (.text:SPI_getInterruptStatus)
                  000169fc    00000028     slnetsock_release.a : slnetif.oem4f (.text:SlNetIf_getIfByID)
                  00016a24    00000028                         : slnetsock.oem4f (.text:SlNetSock_sdsIsSet)
                  00016a4c    00000028                         : slnetsock.oem4f (.text:SlNetSock_sdsSet)
                  00016a74    00000028                         : slnetsock.oem4f (.text:SlNetSock_secAttribDelete)
                  00016a9c    00000028     simplelink.a : flowcont.obj (.text:_SlFlowContSet)
                  00016ac4    00000028     mqtt_release.a : client_core.oem4f (.text:_procPubRelRx)
                  00016aec    00000028                    : mqttclient.oem4f (.text:_sl_ExtLib_AwaitedAckLockedSet)
                  00016b14    00000028     drivers_msp432p4x1xi.aem4f : PowerMSP432.oem4f (.text:disableFaultCounter)
                  00016b3c    00000028                                : PowerMSP432.oem4f (.text:disableHFXT)
                  00016b64    00000028                                : UARTMSP432.oem4f (.text:findBaudDividerIndex)
                  00016b8c    00000028     rtsv7M4_T_le_v4SPD16_eabi.lib : lseek.c.obj (.text:lseek)
                  00016bb4    00000028                                   : memmov.c.obj (.text:memmove)
                  00016bdc    00000028     sysbios.aem4f : m3_Hwi_asm.obj (.text:ti_sysbios_family_arm_m3_Hwi_excHandlerAsm__I)
                  00016c04    00000004     --HOLE-- [fill = 0]
                  00016c08    00000028                   : BIOS.obj (.text:ti_sysbios_knl_Clock_addI__E)
                  00016c30    00000028                   : BIOS.obj (.text:ti_sysbios_knl_Swi_Module_startup__E)
                  00016c58    00000028     rtsv7M4_T_le_v4SPD16_eabi.lib : write.c.obj (.text:write)
                  00016c80    00000026     drivers_msp432p4x1xi.aem4f : List.oem4f (.text:List_put)
                  00016ca6    00000026                                : List.oem4f (.text:List_remove)
                  00016ccc    00000026     mqtt_release.a : mqtt_common.oem4f (.text:MQTT_clCtxRemove)
                  00016cf2    00000026     sysbios.aem4f : m3_Hwi_asm.obj (.text:ti_sysbios_family_arm_m3_Hwi_pendSV__I)
                  00016d18    00000024     slnetsock_release.a : slnetif.oem4f (.text:SlNetIf_getConnectionStatus)
                  00016d3c    00000024     msp432p4xx_driverlib.lib : wdt_a.o (.text:WDT_A_holdTimer)
                  00016d60    00000024     simplelink.a : driver.obj (.text:_SlDrvIsApiInProgress)
                  00016d84    00000024                  : driver.obj (.text:_SlDrvStartMeasureTimeout)
                  00016da8    00000024     mqtt_release.a : client_core.oem4f (.text:conn2usedCtxs)
                  00016dcc    00000024     rtsv7M4_T_le_v4SPD16_eabi.lib : memcmp.c.obj (.text:memcmp)
                  00016df0    00000024     sysbios.aem4f : BIOS.obj (.text:pthread_attr_init)
                  00016e14    00000024     mqtt_release.a : client_core.oem4f (.text:recvHvecLoad)
                  00016e38    00000024     simplelink.a : wlan.obj (.text:sl_WlanDisconnect)
                  00016e5c    00000024     release_pem4f.oem4f (.text:ti_sysbios_BIOS_registerRTSLock__I)
                  00016e80    00000024     release_pem4f.oem4f (.text:ti_sysbios_BIOS_removeRTSLock__I)
                  00016ea4    00000004     --HOLE-- [fill = 0]
                  00016ea8    00000024     sysbios.aem4f : BIOS.obj (.text:ti_sysbios_family_arm_msp432_ClockFreqs_setFrequency__E)
                  00016ecc    00000024     release_pem4f.oem4f (.text:ti_sysbios_gates_GateMutex_Object__delete__S)
                  00016ef0    00000024     sysbios.aem4f : BIOS.obj (.text:ti_sysbios_knl_Clock_Module_startup__E)
                  00016f14    00000024     release_pem4f.oem4f (.text:ti_sysbios_knl_Clock_Object__delete__S)
                  00016f38    00000024     sysbios.aem4f : BIOS.obj (.text:ti_sysbios_knl_Semaphore_Instance_init__E)
                  00016f5c    00000024     release_pem4f.oem4f (.text:ti_sysbios_knl_Semaphore_Object__delete__S)
                  00016f80    00000024     sysbios.aem4f : BIOS.obj (.text:ti_sysbios_knl_Task_restoreHwi__E)
                  00016fa4    00000004     --HOLE-- [fill = 0]
                  00016fa8    00000024                   : BIOS.obj (.text:xdc_runtime_Error_policyMin__E)
                  00016fcc    00000004     --HOLE-- [fill = 0]
                  00016fd0    00000024                   : BIOS.obj (.text:xdc_runtime_System_abort__E)
                  00016ff4    00000022     mqtt_release.a : mqtt_common.oem4f (.text:MQTT_packetProcMsgIdAckRx)
                  00017016    00000002     --HOLE-- [fill = 0]
                  00017018    00000020     msp432p4xx_driverlib.lib : cs.o (.text:CS_setExternalClockSourceFrequency)
                  00017038    00000020     mqtt_release.a : mqtt_common.oem4f (.text:MQTT_qos2PubCqReset)
                  00017058    00000020     drivers_msp432p4x1xi.aem4f : PowerMSP432.oem4f (.text:Power_unregisterNotify)
                  00017078    00000020                                : RingBuf.oem4f (.text:RingBuf_peek)
                  00017098    00000020     slnetifwifi.a : slnetifwifi.obj (.text:SlNetIfWifi_accept)
                  000170b8    00000020     rtsv7M4_T_le_v4SPD16_eabi.lib : memchr.c.obj (.text:memchr)
                  000170d8    00000020     sysbios.aem4f : BIOS.obj (.text:sem_trywait)
                  000170f8    00000020     mqtt_release.a : client_core.oem4f (.text:session311fix)
                  00017118    00000020     release_pem4f.oem4f (.text:ti_sysbios_BIOS_rtsLock__I)
                  00017138    00000020     release_pem4f.oem4f (.text:ti_sysbios_family_arm_m3_Hwi_Object__delete__S)
                  00017158    00000020     sysbios.aem4f : BIOS.obj (.text:ti_sysbios_family_arm_m3_Hwi_clearInterrupt__E)
                  00017178    00000020     release_pem4f.oem4f (.text:ti_sysbios_gates_GateHwi_Object__delete__S)
                  00017198    00000020     release_pem4f.oem4f (.text:ti_sysbios_heaps_HeapMem_Object__delete__S)
                  000171b8    00000020     sysbios.aem4f : BIOS.obj (.text:ti_sysbios_knl_Clock_getTicks__E)
                  000171d8    00000020                   : BIOS.obj (.text:ti_sysbios_knl_Idle_run__E)
                  000171f8    00000020     release_pem4f.oem4f (.text:ti_sysbios_knl_Semaphore_destruct)
                  00017218    00000020     release_pem4f.oem4f (.text:ti_sysbios_knl_Task_Object__delete__S)
                  00017238    0000001e     mqtt_release.a : client_core.oem4f (.text:MQTTClientCore_alloc)
                  00017256    0000001e                    : client_core.oem4f (.text:MQTTClientCore_ctxRun)
                  00017274    0000001e     slnetifwifi.a : slnetifwifi.obj (.text:SlNetIfWifi_bind)
                  00017292    0000001e                   : slnetifwifi.obj (.text:SlNetIfWifi_connect)
                  000172b0    0000001e     mqtt_release.a : client_core.oem4f (.text:procNetDataRecv)
                  000172ce    0000001e                    : client_core.oem4f (.text:sessionDelete)
                  000172ec    0000001e     sysbios.aem4f : m3_Hwi_asm_switch.obj (.text:ti_sysbios_family_xxx_Hwi_switchAndRunFunc)
                  0001730a    00000002     --HOLE-- [fill = 0]
                  0001730c    0000001c     uart_term.obj (.text:Message)
                  00017328    0000001c     simplelink.a : cc_pal.obj (.text:NwpPowerOff)
                  00017344    0000001c                  : cc_pal.obj (.text:NwpPowerOn)
                  00017360    0000001c                  : cc_pal.obj (.text:WiFi_init)
                  0001737c    0000001c                  : device.obj (.text:_SlDeviceGetStartResponseConvert)
                  00017398    0000001c                  : spawn.obj (.text:_SlInternalIsItSpawnThread)
                  000173b4    0000001c     mqtt_client_app.obj (.text:alarm_hadler)
                  000173d0    0000001c     mqtt_release.a : client_core.oem4f (.text:awaitsPkts)
                  000173ec    0000001c     ti_drivers_config.obj (.text:dmaErrorFxn)
                  00017408    0000001c     mqtt_release.a : client_core.oem4f (.text:doNetCloseTx)
                  00017424    00000004     --HOLE-- [fill = 0]
                  00017428    0000001c     sysbios.aem4f : BIOS.obj (.text:getClockTicks$41)
                  00017444    0000001c     rtsv7M4_T_le_v4SPD16_eabi.lib : memccpy.c.obj (.text:memccpy)
                  00017460    0000001c     mqtt_release.a : client_core.oem4f (.text:processRecv)
                  0001747c    00000004     --HOLE-- [fill = 0]
                  00017480    0000001c     sysbios.aem4f : BIOS.obj (.text:ti_sysbios_family_arm_m3_Hwi_excHandler__I)
                  0001749c    00000004     --HOLE-- [fill = 0]
                  000174a0    0000001c                   : BIOS.obj (.text:ti_sysbios_gates_GateMutex_Instance_init__E)
                  000174bc    00000004     --HOLE-- [fill = 0]
                  000174c0    0000001c                   : BIOS.obj (.text:ti_sysbios_knl_Clock_Instance_finalize__E)
                  000174dc    00000004     --HOLE-- [fill = 0]
                  000174e0    0000001c                   : BIOS.obj (.text:ti_sysbios_knl_Clock_scheduleNextTick__E)
                  000174fc    0000001c     release_pem4f.oem4f (.text:ti_sysbios_knl_Queue_destruct)
                  00017518    0000001c     sysbios.aem4f : BIOS.obj (.text:ti_sysbios_knl_Queue_get__E)
                  00017534    00000004     --HOLE-- [fill = 0]
                  00017538    0000001c                   : BIOS.obj (.text:ti_sysbios_knl_Queue_put__E)
                  00017554    00000004     --HOLE-- [fill = 0]
                  00017558    0000001c                   : BIOS.obj (.text:ti_sysbios_knl_Task_enter__I)
                  00017574    00000004     --HOLE-- [fill = 0]
                  00017578    0000001c                   : BIOS.obj (.text:ti_sysbios_rts_ti_ReentSupport_getReent__F)
                  00017594    0000001c     mqtt_release.a : client_core.oem4f (.text:usedCtxsTOSort)
                  000175b0    0000001c     sysbios.aem4f : BIOS.obj (.text:xdc_runtime_Memory_valloc__E)
                  000175cc    0000001a     mqtt_release.a : mqtt_common.oem4f (.text:MQTT_packetAckWlistPurge)
                  000175e6    0000001a     slnetifwifi.a : slnetifwifi.obj (.text:SlNetIfWifi_listen)
                  00017600    0000001a     rtsv7M4_T_le_v4SPD16_eabi.lib : s_copysign.c.obj (.text:copysign)
                  0001761a    0000001a     release_pem4f.oem4f (.text:free)
                  00017634    00000018     msp432p4xx_driverlib.lib : spi.o (.text:EUSCI_A_SPI_getInterruptStatus)
                  0001764c    00000018                              : spi.o (.text:EUSCI_B_SPI_getInterruptStatus)
                  00017664    00000018     mqtt_release.a : mqtt_common.oem4f (.text:MQTT_clCtxTimeoutUpdate)
                  0001767c    00000018     msp432p4xx_driverlib.lib : sysctl_a.o (.text:SysCtl_A_disableNMISource)
                  00017694    00000018                              : sysctl_a.o (.text:SysCtl_A_enableNMISource)
                  000176ac    00000018     drivers_msp432p4x1xi.aem4f : UART.oem4f (.text:UART_Params_init)
                  000176c4    00000018     simplelink.a : driver.obj (.text:_SlDrvProtectionObjLockWaitForever)
                  000176dc    00000018                  : driver.obj (.text:_SlDrvProtectionObjUnLock)
                  000176f4    00000018     rtsv7M4_T_le_v4SPD16_eabi.lib : args_main.c.obj (.text:_args_main)
                  0001770c    00000018                                   : snprintf.c.obj (.text:_outc)
                  00017724    00000018                                   : vsnprintf.c.obj (.text:_outc)
                  0001773c    00000018     mqtt_release.a : client_core.oem4f (.text:groupCtxsAdjWaitSecsGet)
                  00017754    00000018     mqtt_client_app.obj (.text:initialize_config)
                  0001776c    00000018     mqtt_release.a : client_core.oem4f (.text:netClCtxFind)
                  00017784    00000018     rtsv7M4_T_le_v4SPD16_eabi.lib : strcmp.c.obj (.text:strcmp)
                  0001779c    00000018     release_pem4f.oem4f (.text:ti_sysbios_BIOS_rtsUnlock__I)
                  000177b4    00000018     release_pem4f.oem4f (.text:ti_sysbios_family_arm_m3_Hwi_Module__startupDone__F)
                  000177cc    00000018     sysbios.aem4f : m3_TaskSupport_asm.obj (.text:ti_sysbios_family_arm_m3_TaskSupport_swap__E)
                  000177e4    00000018     release_pem4f.oem4f (.text:ti_sysbios_family_arm_msp432_Timer_Module__startupDone__F)
                  000177fc    00000004     --HOLE-- [fill = 0]
                  00017800    00000018     sysbios.aem4f : BIOS.obj (.text:ti_sysbios_gates_GateMutex_leave__E)
                  00017818    00000018                   : BIOS.obj (.text:ti_sysbios_knl_Task_sleepTimeout__I)
                  00017830    00000018     release_pem4f.oem4f (.text:ti_sysbios_rts_ti_ReentSupport_getTlsAddr__I)
                  00017848    00000018     sysbios.aem4f : BIOS.obj (.text:xdc_runtime_Error_init__E)
                  00017860    00000018                   : BIOS.obj (.text:xdc_runtime_System_exit__E)
                  00017878    00000016     mqtt_release.a : mqtt_net_func.oem4f (.text:MQTTNet_commClose)
                  0001788e    00000016                    : mqtt_common.oem4f (.text:MQTT_clCtxReset)
                  000178a4    00000016                    : mqtt_common.oem4f (.text:MQTT_packetFree)
                  000178ba    00000016                    : mqtt_common.oem4f (.text:MQTT_packetInit)
                  000178d0    00000016     simplelink.a : driver.obj (.text:_SlDrvMemZero)
                  000178e6    00000002     --HOLE-- [fill = 0]
[...]
000181e9  ti_sysbios_gates_GateMutex_query__E                             
000181e9  ti_sysbios_heaps_HeapMem_Module_GateProxy_query__E              
000181f1  ti_sysbios_knl_Clock_setTimeout__E                              
000181f9  ti_sysbios_knl_Task_startup__E                                  
00018201  ti_sysbios_BIOS_linkedWithIncorrectBootLibrary__E               
00018209  ti_sysbios_gates_GateHwi_Instance_init__E                       
00018211  ti_sysbios_knl_Clock_logTick__E                                 
00018219  xdc_runtime_SysCallback_defaultAbort                            
00018221  xdc_runtime_SysCallback_defaultExit                             
00018229  xdc_runtime_System_abortSpin__E                                 
00018231  xdc_runtime_System_exitSpin__E                                  
00018234  _ctypes_                                                        
00018335  xdc_runtime_Error_policy__C                                     
00018336  OpcodeTranslateTable                                            
00018408  _SlActionLookupTable                                            
000184e8  ti_sysbios_knl_Task_Object__PARAMS__C                           
00018524  PowerMSP432_config                                              
0001855c  ti_sysbios_knl_Mailbox_Object__PARAMS__C                        
000185c0  ti_sysbios_family_arm_m3_Hwi_Object__PARAMS__C                  
0001861c  UARTMSP432_fxnTable                                             
00018644  ti_sysbios_heaps_HeapMem_Module__FXNS__C                        
0001866c  UART_defaultParams                                              
00018690  spiMSP432DMAHWAttrs                                             
000186b4  ti_sysbios_gates_GateHwi_Module__FXNS__C                        
000186d8  ti_sysbios_gates_GateMutex_Module__FXNS__C                      
000186fc  ti_sysbios_heaps_HeapMem_Object__PARAMS__C                      
00018720  ti_sysbios_knl_Clock_Object__PARAMS__C                          
00018744  ti_sysbios_knl_Semaphore_Object__PARAMS__C                      
00018768  xdc_runtime_Startup_sfxnTab__A                                  
000187ac  SPI_defaultParams                                               
000187ec  TimerMSP432HWAttrs                                              
0001880c  TimerMSP432_Timer32_fxnTable                                    
0001884c  ti_sysbios_family_arm_m3_Hwi_Object__DESC__C                    
0001886c  ti_sysbios_gates_GateHwi_Object__DESC__C                        
0001888c  ti_sysbios_gates_GateMutex_Object__DESC__C                      
000188ac  ti_sysbios_heaps_HeapMem_Object__DESC__C                        
000188cc  ti_sysbios_knl_Clock_Object__DESC__C                            
000188ec  ti_sysbios_knl_Mailbox_Object__DESC__C                          
0001890c  ti_sysbios_knl_Queue_Object__DESC__C                            
0001892c  ti_sysbios_knl_Semaphore_Object__DESC__C                        
0001894c  ti_sysbios_knl_Task_Object__DESC__C                             
0001896c  SPIMSP432DMA_fxnTable                                           
00018984  Timer_config                                                    
0001899c  ti_sysbios_gates_GateHwi_Object__PARAMS__C                      
000189b4  ti_sysbios_gates_GateMutex_Object__PARAMS__C                    
000189cc  ti_sysbios_knl_Queue_Object__PARAMS__C                          
000189e4  ti_sysbios_knl_Task_hooks__A                                    
00018a3e  ti_sysbios_family_arm_m3_Hwi_Module__id__C                      
00018aa4  GPIOMSP432_config                                               
00018acc  xdc_runtime_Startup_sfxnRts__A                                  
00018ade  ti_sysbios_heaps_HeapMem_Module__id__C                          
00018b40  SPI_config                                                      
00018b4c  UART_config                                                     
00018b70  udmaMSP432HWAttrs                                               
00018b7c  wifiSimplelinkHWAttrs                                           
00018b88  xdc_runtime_Startup_firstFxns__A                                
00018b94  UDMAMSP432_config                                               
00018bb4  heap0                                                           
00018bb8  tiposix_mqGate                                                  
00018bbc  ti_sysbios_knl_Idle_funcList__A                                 
00018bc4  ti_sysbios_knl_Idle_funcList__C                                 
00018bcc  ti_sysbios_knl_Task_hooks__C                                    
00018bd4  xdc_runtime_Startup_firstFxns__C                                
00018bdc  xdc_runtime_Startup_lastFxns__C                                 
00018bf0  Display_count                                                   
00018bf1  SPI_count                                                       
00018bf2  Timer_count                                                     
00018bf3  UART_count                                                      
00018bf4  Button_count                                                    
00018bf5  WiFi_count                                                      
00018c18  WiFi_config                                                     
00018c3c  _SlNetAppSendResponseCmdCtrl                                    
00018c40  _SlNetAppSendTokenValueCmdCtrl                                  
00018c74  ti_sysbios_family_arm_m3_Hwi_E_alreadyDefined__C                
00018c78  ti_sysbios_family_arm_m3_Hwi_E_badIntNum__C                     
00018c7c  ti_sysbios_family_arm_m3_Hwi_NUM_INTERRUPTS__C                  
00018c80  ti_sysbios_family_arm_m3_Hwi_Object__count__C                   
00018c84  ti_sysbios_family_arm_m3_Hwi_ccr__C                             
00018c88  ti_sysbios_family_arm_m3_Hwi_excHandlerFunc__C                  
00018c8c  ti_sysbios_family_arm_m3_Hwi_nullIsrFunc__C                     
00018c90  ti_sysbios_family_arm_m3_Hwi_priGroup__C                        
00018c94  ti_sysbios_family_arm_m3_Hwi_swiDisable__C                      
00018c98  ti_sysbios_family_arm_m3_Hwi_swiRestore__C                      
00018c9c  ti_sysbios_family_arm_m3_TaskSupport_stackAlignment__C          
00018ca0  ti_sysbios_family_arm_msp432_Timer_numTimerDevices__C           
00018ca4  ti_sysbios_family_arm_msp432_Timer_startupNeeded__C             
00018ca8  ti_sysbios_gates_GateMutex_Instance_State_sem__O                
00018cac  ti_sysbios_heaps_HeapMem_E_memory__C                            
00018cb0  ti_sysbios_heaps_HeapMem_Module__gateObj__C                     
00018cb4  ti_sysbios_heaps_HeapMem_Object__count__C                       
00018cb8  ti_sysbios_heaps_HeapMem_primaryHeapBaseAddr__C                 
00018cbc  ti_sysbios_heaps_HeapMem_primaryHeapEndAddr__C                  
00018cc0  ti_sysbios_heaps_HeapMem_reqAlign__C                            
00018cc4  ti_sysbios_knl_Clock_Module_State_clockQ__O                     
00018cc8  ti_sysbios_knl_Clock_tickPeriod__C                              
00018ccc  ti_sysbios_knl_Mailbox_Instance_State_dataQue__O                
00018cd0  ti_sysbios_knl_Mailbox_Instance_State_dataSem__O                
00018cd4  ti_sysbios_knl_Mailbox_Instance_State_freeQue__O                
00018cd8  ti_sysbios_knl_Mailbox_Instance_State_freeSem__O                
00018cdc  ti_sysbios_knl_Mailbox_Object__count__C                         
00018ce0  ti_sysbios_knl_Mailbox_maxTypeAlign__C                          
00018ce4  ti_sysbios_knl_Semaphore_Instance_State_pendQ__O                
00018ce8  ti_sysbios_knl_Swi_Object__count__C                             
00018cec  ti_sysbios_knl_Task_Module_State_inactiveQ__O                   
00018cf0  ti_sysbios_knl_Task_Object__count__C                            
00018cf4  ti_sysbios_knl_Task_Object__heap__C                             
00018cf8  ti_sysbios_knl_Task_allBlockedFunc__C                           
00018cfc  ti_sysbios_knl_Task_defaultStackHeap__C                         
00018d00  ti_sysbios_knl_Task_defaultStackSize__C                         
00018d04  ti_sysbios_knl_Task_numConstructedTasks__C                      
00018d08  xdc_runtime_Error_E_memory__C                                   
00018d0c  xdc_runtime_Error_policyFxn__C                                  
00018d10  xdc_runtime_IGateProvider_Interface__BASE__C                    
00018d14  xdc_runtime_IHeap_Interface__BASE__C                            
00018d18  xdc_runtime_IModule_Interface__BASE__C                          
00018d1c  xdc_runtime_Memory_defaultHeapInstance__C                       
00018d20  xdc_runtime_Startup_execImpl__C                                 
00018d24  xdc_runtime_Startup_maxPasses__C                                
00018d28  xdc_runtime_Startup_sfxnRts__C                                  
00018d2c  xdc_runtime_Startup_sfxnTab__C                                  
00018d30  xdc_runtime_SysCallback_abortFxn__C                             
00018d34  xdc_runtime_SysCallback_exitFxn__C                              
00018d38  xdc_runtime_System_Module__gateObj__C                           
00018d3c  xdc_runtime_System_abortFxn__C                                  
00018d40  xdc_runtime_System_exitFxn__C                                   
00018d44  xdc_runtime_System_maxAtexitHandlers__C                         
00018d4e  xdc_runtime_Memory_Module__id__C                                
00018d50  __TI_static_base__                                              
000190d4  __TI_Handler_Table_Base                                         
000190e0  __TI_Handler_Table_Limit                                        
000190e8  __TI_CINIT_Base                                                 
000190f8  __TI_CINIT_Limit                                                
20000000  __start___llvm_prf_cnts                                         
20000000  __stop___llvm_prf_cnts                                          
20000000  ti_sysbios_family_arm_m3_Hwi_ramVectors                         
20000140  __primary_heap_start__                                          
20008140  __primary_heap_end__                                            
20008a00  g_CB                                                            
20008dfc  clients                                                         
200090b0  ti_sysbios_knl_Task_Instance_State_0_stack__A                   
200092b0  ti_sysbios_family_arm_m3_Hwi_dispatchTable                      
200093f0  msg_control                                                     
2000951c  msg_info_data                                                   
20009648  __CIOBUF_                                                       
200099d0  savedate                                                        
20009a84  __TI_tmpnams                                                    
20009b24  uartMSP432Objects                                               
20009ba4  timerMSP432Objects                                              
20009c54  spiMSP432DMAObjects                                             
20009ccc  GlobalLockObj                                                   
20009cf8  g_SlInternalSpawnCB                                             
20009d20  g_ucConnectionSSID                                              
20009dc0  data_info                                                       
20009de4  MQTTClient_Lib_CB                                               
20009df4  DeviceCB                                                        
20009e00  Msg                                                             
20009e0c  params1                                                         
20009e20  data_config                                                     
20009e28  g_ucConnectionBSSID                                             
20009e30  parmbuf                                                         
20009e44  ClockP_tickPeriod                                               
20009e48  appQueue                                                        
20009e4c  connected                                                       
20009e50  deinit                                                          
20009e54  mqttClientHandle                                                
20009e58  ti_sysbios_knl_Task_Instance_State_0_hookEnv__A                 
20009e5c  timer0                                                          
20009e60  timer1                                                          
20009e64  MQTTClient_waitSecs                                             
20009e66  g_usConnectIndex                                                
20009e68  RxIrqCnt                                                        
20009e69  udmaMSP432Object                                                
20009e6c  PowerMSP432_perfLevels                                          
20009fac  _ftable                                                         
2000a124  ti_sysbios_knl_Swi_Module_State_0_readyQ__A                     
2000a1a4  ti_sysbios_knl_Task_Module_State_0_readyQ__A                    
2000a224  _device                                                         
2000a29c  SlNetIfConfigWifi                                               
2000a2f4  ti_sysbios_gates_GateMutex_Object__table__V                     
2000a348  _stream                                                         
2000a398  ti_sysbios_knl_Task_Object__table__V                            
2000a3e4  ti_sysbios_family_arm_msp432_Timer_Object__table__V             
2000a428  ti_sysbios_knl_Task_Module__state__V                            
2000a4a4  ti_sysbios_family_arm_m3_Hwi_Module__state__V                   
2000a4d8  ti_sysbios_knl_Swi_Object__table__V                             
2000a508  PowerMSP432_module                                              
2000a534  ti_sysbios_knl_Clock_Module__state__V                           
2000a560  MQTTClient_net                                                  
2000a588  g_LibsEvents                                                    
2000a5ac  g_UserEvents                                                    
2000a5d0  gpioCallbackFunctions                                           
2000a5f4  gpioPinConfigs                                                  
2000a618  ti_sysbios_BIOS_Module__state__V                                
2000a63c  ti_sysbios_family_arm_msp432_Timer_Module_State_0_device__A     
2000a65c  xdc_runtime_Error_IgnoreBlock                                   
2000a698  ti_sysbios_knl_Swi_Module__state__V                             
2000a6b4  mqttClientParams                                                
2000a6cc  mqttConnParams                                                  
2000a6e4  ti_sysbios_family_arm_m3_Hwi_Object__table__V                   
2000a6fc  ti_sysbios_heaps_HeapMem_Object__table__V                       
2000a72c  _tz                                                             
2000a74c  __TI_ft_end                                                     
2000a750  __aeabi_stdin                                                   
2000a754  __aeabi_stdout                                                  
2000a758  __aeabi_stderr                                                  
2000a75c  ti_sysbios_family_arm_msp432_Timer_Module_State_0_handles__A    
2000a76c  ClientId                                                        
2000a77a  ti_sysbios_family_arm_m3_Hwi_Module_State_0_excActive__A        
2000a77c  __TI_cleanup_ptr                                                
2000a780  __TI_dtors_ptr                                                  
2000a784  __TI_enable_exit_profile_output                                 
2000a788  last                                                            
2000a78c  now                                                             
2000a790  counter                                                         
2000a794  mqttWillParams                                                  
2000a7a0  g_ulStaIp                                                       
2000a7a4  g_ulGatewayIP                                                   
2000a7a8  g_ulStatus                                                      
2000a7ac  gGlobalLockCntRequested                                         
2000a7ad  gGlobalLockCntReleased                                          
2000a7ae  g_SlDeviceStatus                                                
2000a7b0  g_pCB                                                           
2000a7b4  pPingCallBackFunc                                               
2000a7b8  ti_sysbios_family_arm_msp432_ClockFreqs_Module__state__V        
2000a7c4  ti_sysbios_family_arm_msp432_Timer_Module__state__V             
2000a7dc  MQTTClient_closeContext                                         
2000a7e0  MQTTClient_clientContext                                        
2000a7e4  MQTTClient_multiSrvConn                                         
2000a7e8  _lock                                                           
2000a7ec  _unlock                                                         
2000a7f0  MQTTClient_clientCfg                                            
2000a7f8  mqttInitParams                                                  
2000a800  g_SpiFd                                                         
2000a804  g_Host_irq_Hndlr                                                
2000a808  ti_sysbios_family_arm_m3_Hwi_Module__root__V                    
2000a810  ti_sysbios_gates_GateHwi_Module__root__V                        
2000a818  ti_sysbios_gates_GateMutex_Module__root__V                      
2000a820  ti_sysbios_heaps_HeapMem_Module__root__V                        
2000a828  ti_sysbios_knl_Clock_Module__root__V                            
2000a830  ti_sysbios_knl_Mailbox_Module__root__V                          
2000a838  ti_sysbios_knl_Queue_Module__root__V                            
2000a840  ti_sysbios_knl_Semaphore_Module__root__V                        
2000a848  ti_sysbios_knl_Task_Module__root__V                             
2000a850  xdc_runtime_Startup_Module__state__V                            
2000a858  xdc_runtime_System_Module_State_0_atexitHandlers__A             
2000a860  xdc_runtime_System_Module__state__V                             
2000a870  MQTTClient_connectCfg                                           
2000a874  main_func_sp                                                    
2000a87c  ti_sysbios_family_arm_m3_Hwi_Module_State_0_excContext__A       
2000a880  ti_sysbios_family_arm_m3_Hwi_Module_State_0_excStack__A         
2000a884  ti_sysbios_gates_GateHwi_Object__table__V                       
2000a888  ti_sysbios_knl_Task_Module_State_0_idleTask__A                  
2000a88c  ti_sysbios_rts_ti_ReentSupport_Module__state__V                 
2000a890  xdc_runtime_Memory_Module__state__V                             
2003fc00  __stack                                                         
20040000  __STACK_END                                                     
4000480c  WDTCTL_SYM                                                      
e000e000  ti_sysbios_family_arm_m3_Hwi_nvic                               
ffffffff  __TI_pprof_out_hndl                                             
ffffffff  __TI_prof_data_size                                             
ffffffff  __TI_prof_data_start                                            
ffffffff  __binit__                                                       
ffffffff  __c_args__                                                      
ffffffff  binit                                                           
UNDEFED   SHT$$INIT_ARRAY$$Base                                           
UNDEFED   SHT$$INIT_ARRAY$$Limit                                          

[1054 symbols]
