******************************************************************************
                  TI ARM Linker Unix v20.2.5                   
******************************************************************************
>> Linked Mon Nov 29 10:44:55 2021

OUTPUT FILE NAME:   <zzzz_project.out>
ENTRY POINT SYMBOL: "_c_int00"  address: 000123c9


MEMORY CONFIGURATION

         name            origin    length      used     unused   attr    fill
----------------------  --------  ---------  --------  --------  ----  --------
  MAIN                  00000000   00200000  000184e2  001e7b1e  R  X
  INFO                  00200000   00008000  00000000  00008000  R  X
  SRAM_CODE             01000000   00040000  0000a69e  00035962  RW X
  SRAM_DATA             20000000   00040000  0000a69e  00035962  RW  


SEGMENT ALLOCATION MAP

run origin  load origin   length   init length attrs members
----------  ----------- ---------- ----------- ----- -------
00000000    00000000    000184e8   000184e8    r-x
  00000000    00000000    0000003c   0000003c    r-- .resetVecs
  00000040    00000040    00017632   00017632    r-x .text
  00017674    00017674    00000b1c   00000b1c    r-- .const
  00018190    00018190    00000358   00000358    r-- .cinit
20000140    20000140    00008000   00000000    r--
  20000140    20000140    00008000   00000000    r-- .priheap
20008200    20008200    00002160   00000000    rw-
  20008200    20008200    0000190a   00000000    rw- .bss
  20009b0c    20009b0c    00000854   00000000    rw- .data
2003fc00    2003fc00    00000400   00000000    rw-
  2003fc00    2003fc00    00000400   00000000    rw- .stack


SECTION ALLOCATION MAP

 output                                  attributes/
section   page    origin      length       input sections
--------  ----  ----------  ----------   ----------------
.text      0    00000040    00017632     
                  00000040    00000a4e     rtsv7M4_T_le_v4SPD16_eabi.lib : _printfi.c.obj (.text:__TI_printfi)
                  00000a8e    00000002     ti_drivers_config.obj (.text:Board_initHook)
                  00000a90    000008e8     simplelink.a : driver.obj (.text:_SlDrvMsgRead)
                  00001378    00000550     mqtt_client_app.obj (.text:mainThread)
                  000018c8    000004bc     simplelink.a : sl_socket.obj (.text:_SlSocketHandleAsync_Select)
                  00001d84    00000384                  : driver.obj (.text:_SlDrvMsgWrite)
                  00002108    00000320     network_if.obj (.text:Network_IF_ConnectAP)
                  00002428    0000030c     simplelink.a : driver.obj (.text:_SlDrvReleasePoolObj)
                  00002734    000002d8     drivers_msp432p4x1xi.aem4f : UARTMSP432.oem4f (.text:UARTMSP432_open)
                  00002a0c    000002d8     simplelink.a : driver.obj (.text:_SlDrvRxHdrRead)
                  00002ce4    000002d4     drivers_msp432p4x1xi.aem4f : PowerMSP432.oem4f (.text:Power_sleep)
                  00002fb8    000002d0     simplelink.a : driver.obj (.text:_SlDrvWaitForPoolObj)
                  00003288    000002b8     mqtt_if.obj (.text:MQTTAppThread)
                  00003540    000002b0     simplelink.a : wlan.obj (.text:sl_WlanProfileAdd)
                  000037f0    000002ac                  : sl_socket.obj (.text:sl_Select)
                  00003a9c    000002a0     rtsv7M4_T_le_v4SPD16_eabi.lib : mktime.c.obj (.text:__mktime32)
                  00003d3c    00000290     mqtt_client_app.obj (.text:WifiInit)
                  00003fcc    0000028d     network_if.obj (.text:SimpleLinkSockEventHandler)
                  00004259    00000001     --HOLE-- [fill = 0]
                  0000425a    00000002     simplelink.a : cc_pal.obj (.text:NwpMaskInterrupt)
                  0000425c    0000028c     drivers_msp432p4x1xi.aem4f : SPIMSP432DMA.oem4f (.text:SPIMSP432DMA_open)
                  000044e8    0000028a     msp432p4xx_driverlib.lib : pcm.o (.text:__PCM_setPowerStateAdvanced)
                  00004772    00000002     simplelink.a : cc_pal.obj (.text:NwpUnMaskInterrupt)
                  00004774    00000284     drivers_msp432p4x1xi.aem4f : PowerMSP432.oem4f (.text:initPerfControl)
                  000049f8    0000027c     simplelink.a : wlan.obj (.text:sl_WlanConnect)
                  00004c74    00000270     rtsv7M4_T_le_v4SPD16_eabi.lib : _printfi.c.obj (.text:_pconv_a)
                  00004ee4    00000264     network_if.obj (.text:Network_IF_InitDriver)
                  00005148    0000025c     simplelink.a : driver.obj (.text:_SlDrvDataReadOp)
                  000053a4    0000024c     mqtt_if.obj (.text:MQTT_IF_Connect)
                  000055f0    00000238     mqtt_client_app.obj (.text:DisplayAppBanner)
                  00005828    0000022c     mqtt_client_app.obj (.text:MQTT_EventCallback)
                  00005a54    00000218     simplelink.a : driver.obj (.text:_SlDrvDataWriteOp)
                  00005c6c    000001f4                  : driver.obj (.text:_SlDrvMsgReadCmdCtx)
                  00005e60    000001f2                  : netapp.obj (.text:_SlNetAppEventHandler)
                  00006052    00000002     dpl_msp432p4x1xi.aem4f : PowerMSP432_tirtos.oem4f (.text:PowerMSP432_initPolicy)
                  00006054    000001e8     mqtt_if.obj (.text:MQTT_IF_Subscribe)
                  0000623c    000001e1     network_if.obj (.text:SimpleLinkFatalErrorEventHandler)
                  0000641d    00000001     --HOLE-- [fill = 0]
                  0000641e    00000002     drivers_msp432p4x1xi.aem4f : TimerMSP432.oem4f (.text:TimerMSP432_init)
                  00006420    000001dc     simplelink.a : device.obj (.text:sl_Stop)
                  000065fc    000001d8     network_if.obj (.text:SimpleLinkWlanEventHandler)
                  000067d4    000001d0     rtsv7M4_T_le_v4SPD16_eabi.lib : _printfi.c.obj (.text:_pconv_g)
                  000069a4    000001b6                                   : fd_add_t2.asm.obj (.text)
                  00006b5a    00000006     drivers_msp432p4x1xi.aem4f : SPIMSP432DMA.oem4f (.text:SPIMSP432DMA_control)
                  00006b60    000001b0     sysbios.aem4f : BIOS.obj (.text:mq_open)
                  00006d10    000001a8     simplelink.a : sl_socket.obj (.text:sl_Accept)
                  00006eb8    000001a4                  : driver.obj (.text:_SlDrvDriverCBInit)
                  0000705c    000001a4                  : driver.obj (.text:_SlDrvReleaseAllActivePendingPoolObj)
                  00007200    000001a0     mqtt_if.obj (.text:MQTT_IF_Init)
                  000073a0    00000198     slnetsock_release.a : slnetsock.oem4f (.text:SlNetSock_select)
                  00007538    00000190     simplelink.a : sl_socket.obj (.text:_SlDrvRegisterForSelectAsync)
                  000076c8    00000188     dht11.obj (.text:read_dht11)
                  00007850    00000184     simplelink.a : driver.obj (.text:_SlDrvFindAndSetActiveObj)
                  000079d4    00000180     network_if.obj (.text:SimpleLinkNetAppEventHandler)
                  00007b54    00000178     simplelink.a : sl_socket.obj (.text:sl_Connect)
                  00007ccc    00000170     drivers_msp432p4x1xi.aem4f : GPIOMSP432.oem4f (.text:GPIO_setConfig)
                  00007e3c    00000170     simplelink.a : netapp.obj (.text:sl_NetAppDnsGetHostByName)
                  00007fac    0000016c     mqtt_if.obj (.text:MQTT_IF_Deinit)
                  00008118    00000160     mqtt_release.a : mqtt_net_func.oem4f (.text:createSocket)
                  00008278    0000015c     msp432p4xx_driverlib.lib : pcm.o (.text:__PCM_setPowerModeAdvanced)
                  000083d4    00000154     mqtt_release.a : mqttclient.oem4f (.text:MQTTClient_connect)
                  00008528    00000154     simplelink.a : sl_socket.obj (.text:sl_RecvFrom)
                  0000867c    0000014c     drivers_msp432p4x1xi.aem4f : TimerMSP432.oem4f (.text:TimerMSP432_open)
                  000087c8    00000148     simplelink.a : sl_socket.obj (.text:_SlDrvGetNextTimeoutValue)
                  00008910    00000148                  : sl_socket.obj (.text:sl_StartTLS)
                  00008a58    00000140                  : driver.obj (.text:_SlDrvMsgReadSpawnCtx)
                  00008b98    0000013c     rtsv7M4_T_le_v4SPD16_eabi.lib : _printfi.c.obj (.text:_pconv_e)
                  00008cd4    00000138     simplelink.a : driver.obj (.text:_SlSpawnMsgListInsert)
                  00008e0c    00000136     rtsv7M4_T_le_v4SPD16_eabi.lib : fd_div_t2.asm.obj (.text)
                  00008f42    00000002     drivers_msp432p4x1xi.aem4f : UARTMSP432.oem4f (.text:UARTMSP432_init)
                  00008f44    00000134     simplelink.a : sl_socket.obj (.text:_SlSocketHandleAsync_StartTLS)
                  00009078    00000130     drivers_msp432p4x1xi.aem4f : UDMAMSP432.oem4f (.text:setupInterrupt)
                  000091a8    0000012c     sysbios.aem4f : BIOS.obj (.text:ti_sysbios_knl_Semaphore_pend__E)
                  000092d4    00000128     simplelink.a : driver.obj (.text:_SlDrvClassifyRxMsg)
                  000093fc    00000124     rtsv7M4_T_le_v4SPD16_eabi.lib : _printfi.c.obj (.text:fcvt)
                  00009520    00000124     simplelink.a : fs.obj (.text:sl_FsOpen)
                  00009644    00000120     drivers_msp432p4x1xi.aem4f : SPIMSP432DMA.oem4f (.text:SPIMSP432DMA_transfer)
                  00009764    00000120     simplelink.a : driver.obj (.text:_SlDrvAsyncEventGenericHandler)
                  00009884    0000011c     msp432p4xx_driverlib.lib : uart.o (.text:UART_initModule)
                  000099a0    0000011c     simplelink.a : device.obj (.text:sl_Start)
                  00009abc    00000118                  : netapp.obj (.text:_SlNetAppHandleAsync_DnsGetHostByService)
                  00009bd4    00000112     mqtt_release.a : mqtt_common.oem4f (.text:MQTT_PacketRecv)
                  00009ce6    00000002     rtsv7M4_T_le_v4SPD16_eabi.lib : _lock.c.obj (.text:_nop)
                  00009ce8    00000110                                   : s_scalbn.c.obj (.text:scalbn)
                  00009df8    00000110                                   : strtoul.c.obj (.text:strtoul)
                  00009f08    00000108     slnetsock_release.a : slnetutils.oem4f (.text:SlNetUtil_str2BinIpV6)
                  0000a010    00000108     msp432p4xx_driverlib.lib : pcm.o (.text:__PCM_setCoreVoltageLevelAdvanced)
                  0000a118    00000108     sysbios.aem4f : BIOS.obj (.text:ti_sysbios_knl_Task_postInit__I)
                  0000a220    00000108                   : BIOS.obj (.text:xdc_runtime_Startup_startMods__I)
                  0000a328    00000104     simplelink.a : device.obj (.text:_SlDeviceEventHandler)
                  0000a42c    00000104                  : driver.obj (.text:_SlDrvCmdOp)
                  0000a530    00000104     sysbios.aem4f : BIOS.obj (.text:ti_sysbios_knl_Task_Instance_finalize__E)
                  0000a634    00000100     mqtt_if.obj (.text:MQTTClientCallback)
                  0000a734    00000100     simplelink.a : driver.obj (.text:_SlDrvObjGlobalLockWaitForever)
                  0000a834    00000100                  : fs.obj (.text:sl_FsWrite)
                  0000a934    000000fc     drivers_msp432p4x1xi.aem4f : SPIMSP432DMA.oem4f (.text:SPIMSP432DMA_transferCancel)
                  0000aa30    000000fc                                : SPIMSP432DMA.oem4f (.text:configDMA)
                  0000ab2c    000000fc     rtsv7M4_T_le_v4SPD16_eabi.lib : fd_mul_t2.asm.obj (.text)
                  0000ac28    000000f8     mqtt_release.a : mqttclient.oem4f (.text:MqttClientCtxCreate)
                  0000ad20    000000f8     slnetifwifi.a : slnetifwifi.obj (.text:SlNetIfWifi_loadSecObj)
                  0000ae18    000000f8     simplelink.a : sl_socket.obj (.text:sl_Close)
                  0000af10    000000f8     mqtt_release.a : client_core.oem4f (.text:utf8ArraySend)
                  0000b008    000000f6                    : mqtt_net_func.oem4f (.text:MQTTNet_commOpen)
                  0000b0fe    00000002     rtsv7M4_T_le_v4SPD16_eabi.lib : div0.asm.obj (.text)
                  0000b100    000000f4     simplelink.a : sl_socket.obj (.text:sl_SendTo)
                  0000b1f4    000000f0     msp432p4xx_driverlib.lib : dma.o (.text:DMA_setChannelTransfer)
                  0000b2e4    00000004     release_pem4f.oem4f (.text:.bootCodeSection:ti_sysbios_family_arm_msp432_init_Boot_init__I)
                  0000b2e8    000000f0     sysbios.aem4f : BIOS.obj (.text:pthread_create)
                  0000b3d8    000000f0                   : m3_Hwi_asm.obj (.text:ti_sysbios_family_arm_m3_Hwi_dispatch__I)
                  0000b4c8    000000e4     msp432p4xx_driverlib.lib : cs.o (.text:CS_startHFXTWithTimeout)
                  0000b5ac    000000e4     slnetsock_release.a : slnetif.oem4f (.text:SlNetIf_add)
                  0000b690    000000e0     msp432p4xx_driverlib.lib : cs.o (.text:CS_startLFXTWithTimeout)
                  0000b770    000000e0     sysbios.aem4f : BIOS.obj (.text:ti_sysbios_knl_Task_Instance_init__E)
                  0000b850    000000de     mqtt_release.a : client_core.oem4f (.text:connectMsgSend)
                  0000b92e    00000002     release_pem4f.oem4f (.text:ti_sysbios_BIOS_nullFunc__I)
                  0000b930    000000dc     drivers_msp432p4x1xi.aem4f : UARTMSP432.oem4f (.text:UARTMSP432_readPolling)
                  0000ba0c    000000dc                                : UDMAMSP432.oem4f (.text:UDMAMSP432_close)
                  0000bae8    000000dc     msp432p4xx_driverlib.lib : cs.o (.text:_CSGetHFXTFrequency)
                  0000bbc4    000000d8     uart_term.obj (.text:GetCmd)
                  0000bc9c    000000d8     simplelink.a : device.obj (.text:_SlDeviceHandleAsync_InitComplete)
                  0000bd74    000000d8                  : driver.obj (.text:_SlDrvWaitForInternalAsyncEvent)
                  0000be4c    000000d8                  : netapp.obj (.text:_SlNetAppHandleAsync_NetAppReceive)
                  0000bf24    00000004     msp432p4xx_driverlib.lib : cpu.o (.text:CPU_wfi)
                  0000bf28    000000d8     sysbios.aem4f : BIOS.obj (.text:ti_sysbios_knl_Mailbox_Instance_init__E)
                  0000c000    000000d0     simplelink.a : driver.obj (.text:_SlDrvDriverCBDeinit)
                  0000c0d0    000000d0                  : driver.obj (.text:_SlDrvRemoveFromList)
                  0000c1a0    000000d0     sysbios.aem4f : BIOS.obj (.text:ti_sysbios_heaps_HeapMem_alloc__E)
                  0000c270    000000cc     mqtt_release.a : mqttclient.oem4f (.text:processNotifyAckCB)
                  0000c33c    000000c4     drivers_msp432p4x1xi.aem4f : UARTMSP432.oem4f (.text:UARTMSP432_hwiIntFxn)
                  0000c400    000000c4     sysbios.aem4f : BIOS.obj (.text:clock_gettime)
                  0000c4c4    000000c0     mqtt_if.obj (.text:MQTT_IF_Disconnect)
                  0000c584    000000c0     mqtt_release.a : mqttclient.oem4f (.text:MqttClientSub)
                  0000c644    000000c0     drivers_msp432p4x1xi.aem4f : UARTMSP432.oem4f (.text:UARTMSP432_control)
                  0000c704    000000c0     simplelink.a : netcfg.obj (.text:sl_NetCfgGet)
                  0000c7c4    000000bc     drivers_msp432p4x1xi.aem4f : TimerMSP432.oem4f (.text:TimerMSP432_setPeriod)
                  0000c880    000000bc                                : TimerMSP432.oem4f (.text:TimerMSP432_start)
                  0000c93c    000000bc     simplelink.a : netapp.obj (.text:_SlNetAppSendResponse)
                  0000c9f8    000000bc     mqtt_release.a : client_core.oem4f (.text:clCtxConnStateTryLocked)
                  0000cab4    000000bc     simplelink.a : sl_socket.obj (.text:sl_Send)
                  0000cb70    000000bc     sysbios.aem4f : BIOS.obj (.text:ti_sysbios_knl_Task_sleep__E)
                  0000cc2c    000000b8     simplelink.a : netapp.obj (.text:_SlNetAppHandleAsync_DnsGetHostByName)
                  0000cce4    000000b8                  : netapp.obj (.text:_SlNetAppHandleAsync_PingResponse)
                  0000cd9c    000000b8     dht11.obj (.text:dht11_init)
                  0000ce54    000000b8     drivers_msp432p4x1xi.aem4f : UARTMSP432.oem4f (.text:initHw)
                  0000cf0c    000000b8     mqtt_client_app.obj (.text:pushButtonConnectionHandler)
                  0000cfc4    000000b8     drivers_msp432p4x1xi.aem4f : UARTMSP432.oem4f (.text:readTaskCallback)
                  0000d07c    000000b8     simplelink.a : device.obj (.text:sl_DeviceGet)
                  0000d134    000000b8                  : wlan.obj (.text:sl_WlanGet)
                  0000d1ec    00000004     dpl_msp432p4x1xi.aem4f : ClockP_tirtos.oem4f (.text:ClockP_setTimeout)
                  0000d1f0    000000b8     sysbios.aem4f : BIOS.obj (.text:ti_sysbios_family_arm_m3_Hwi_Instance_init__E)
                  0000d2a8    000000b4     mqtt_release.a : mqttclient.oem4f (.text:MqttClient_send)
                  0000d35c    000000b4     drivers_msp432p4x1xi.aem4f : UARTMSP432.oem4f (.text:UARTMSP432_writePolling)
                  0000d410    000000b4     simplelink.a : driver.obj (.text:_SlDrvHandleFatalError)
                  0000d4c4    000000b4                  : netutil.obj (.text:_SlNetUtilHandleAsync_Cmd)
                  0000d578    000000b4                  : sl_socket.obj (.text:sl_GetSockOpt)
                  0000d62c    000000b4                  : cc_pal.obj (.text:spi_Read)
                  0000d6e0    000000b4                  : cc_pal.obj (.text:spi_Write)
                  0000d794    000000b1     rtsv7M4_T_le_v4SPD16_eabi.lib : _printfi.c.obj (.text:_ltostr)
                  0000d845    00000001     --HOLE-- [fill = 0]
                  0000d846    000000b0     msp432p4xx_driverlib.lib : spi.o (.text:SPI_initMaster)
                  0000d8f6    00000002     --HOLE-- [fill = 0]
                  0000d8f8    000000b0     slnetifwifi.a : slnetifwifi.obj (.text:SlNetIfWifi_getSockOpt)
                  0000d9a8    000000b0     sysbios.aem4f : BIOS.obj (.text:ti_sysbios_knl_Clock_workFuncDynamic__E)
                  0000da58    000000ae     slnetifwifi.a : slnetifwifi.obj (.text:matchModeByRole)
                  0000db06    00000002     --HOLE-- [fill = 0]
                  0000db08    000000ac     drivers_msp432p4x1xi.aem4f : GPIOMSP432.oem4f (.text:GPIO_init)
                  0000dbb4    000000ac     simplelink.a : sl_socket.obj (.text:_SlSocketHandleAsync_Close)
                  0000dc60    000000ac                  : sl_socket.obj (.text:_SlSocketHandleAsync_Connect)
                  0000dd0c    000000ac     mqtt_client_app.obj (.text:controlTopicCB)
                  0000ddb8    000000aa     sysbios.aem4f : BIOS.obj (.text:xdc_runtime_Core_createObject__I)
                  0000de62    00000002     --HOLE-- [fill = 0]
                  0000de64    000000a8     network_if.obj (.text:Network_IF_IpConfigGet)
                  0000df0c    000000a8     drivers_msp432p4x1xi.aem4f : UARTMSP432.oem4f (.text:readTaskBlocking)
                  0000dfb4    000000a8     simplelink.a : fs.obj (.text:sl_FsClose)
                  0000e05c    00000004     dpl_msp432p4x1xi.aem4f : ClockP_tirtos.oem4f (.text:ClockP_start)
                  0000e060    000000a8     sysbios.aem4f : BIOS.obj (.text:ti_sysbios_family_arm_msp432_Timer_periodicStub__E)
                  0000e108    000000a6     uart_term.obj (.text:Report)
                  0000e1ae    000000a6     simplelink.a : driver.obj (.text:_SlDrvIsTimeoutExpired)
                  0000e254    000000a4     mqtt_release.a : mqttclient.oem4f (.text:MQTTClient_create)
                  0000e2f8    000000a4                    : mqttclient.oem4f (.text:MQTTClient_delete)
                  0000e39c    000000a4                    : mqttclient.oem4f (.text:MqttClientConfig)
                  0000e440    000000a4     drivers_msp432p4x1xi.aem4f : TimerMSP432.oem4f (.text:initTimerHardware)
                  0000e4e4    000000a4     simplelink.a : sl_socket.obj (.text:sl_Bind)
                  0000e588    000000a4     sysbios.aem4f : BIOS.obj (.text:ti_sysbios_knl_Task_setPri__E)
                  0000e62c    000000a2     drivers_msp432p4x1xi.aem4f : UARTMSP432.oem4f (.text:UARTMSP432_write)
                  0000e6ce    00000002     --HOLE-- [fill = 0]
                  0000e6d0    000000a0     simplelink.a : fs.obj (.text:FsGetCreateFsMode)
                  0000e770    000000a0                  : sl_socket.obj (.text:_SlDrvUnRegisterForSelectAsync)
                  0000e810    000000a0                  : driver.obj (.text:_SlSpawnMsgListProcess)
                  0000e8b0    000000a0     auto_init.aem4f : auto_init.oem4f (.text)
                  0000e950    000000a0     drivers_msp432p4x1xi.aem4f : UARTMSP432.oem4f (.text:readIsrTextCallback)
                  0000e9f0    0000009c     mqtt_release.a : client_core.oem4f (.text:MQTTClientCore_initLib)
                  0000ea8c    0000009c                    : client_core.oem4f (.text:MQTTClientCore_sendPubMsg)
                  0000eb28    0000009c                    : client_core.oem4f (.text:_msgDispatch)
                  0000ebc4    0000009c     rtsv7M4_T_le_v4SPD16_eabi.lib : memcpy_t2.asm.obj (.text)
                  0000ec60    0000009c     drivers_msp432p4x1xi.aem4f : TimerMSP432.oem4f (.text:setT32TickCount)
                  0000ecfc    0000009c                                : TimerMSP432.oem4f (.text:setTATickCount)
                  0000ed98    0000009a     mqtt_release.a : client_core.oem4f (.text:procPubMsgRx)
                  0000ee32    00000002     --HOLE-- [fill = 0]
                  0000ee34    00000098     mqtt_if.obj (.text:MQTT_IF_Publish)
                  0000eecc    00000098     uart_term.obj (.text:TrimSpace)
                  0000ef64    00000098     drivers_msp432p4x1xi.aem4f : UARTMSP432.oem4f (.text:UARTMSP432_close)
                  0000effc    00000096     mqtt_release.a : mqtt_net_func.oem4f (.text:MQTTNet_tcpSelect)
                  0000f092    00000096     rtsv7M4_T_le_v4SPD16_eabi.lib : ull_div_t2.asm.obj (.text)
                  0000f128    00000094     simplelink.a : cc_pal.obj (.text:Semaphore_pend_handle)
                  0000f1bc    00000094     drivers_msp432p4x1xi.aem4f : UDMAMSP432.oem4f (.text:UDMAMSP432_init)
                  0000f250    00000094                                : UDMAMSP432.oem4f (.text:UDMAMSP432_open)
                  0000f2e4    00000004     dpl_msp432p4x1xi.aem4f : ClockP_tirtos.oem4f (.text:ClockP_stop)
                  0000f2e8    00000094     sysbios.aem4f : BIOS.obj (.text:_pthread_removeThreadKeys)
                  0000f37c    00000004     dpl_msp432p4x1xi.aem4f : HwiP_tirtos.oem4f (.text:HwiP_clearInterrupt)
                  0000f380    00000094     sysbios.aem4f : BIOS.obj (.text:ti_sysbios_family_arm_m3_Hwi_initNVIC__E)
                  0000f414    00000004     dpl_msp432p4x1xi.aem4f : HwiP_tirtos.oem4f (.text:HwiP_disable)
                  0000f418    00000094     sysbios.aem4f : BIOS.obj (.text:ti_sysbios_knl_Task_exit__E)
                  0000f4ac    00000092     slnetsock_release.a : slnetsock.oem4f (.text:SlNetSock_create)
                  0000f53e    00000092     drivers_msp432p4x1xi.aem4f : UARTMSP432.oem4f (.text:writeData)
                  0000f5d0    00000090     slnetsock_release.a : slnetsock.oem4f (.text:SlNetSock_getVirtualSdConf)
                  0000f660    00000090     simplelink.a : device.obj (.text:_SlDeviceHandleAsync_Stop)
                  0000f6f0    00000090                  : sl_socket.obj (.text:_SlSocketHandleAsync_Accept)
                  0000f780    00000090     mqtt_release.a : mqttclient.oem4f (.text:processPublishRxCB)
                  0000f810    00000090     sysbios.aem4f : BIOS.obj (.text:ti_sysbios_knl_Task_Module_startup__E)
                  0000f8a0    0000008c     mqtt_release.a : client_core.oem4f (.text:MQTTClientCore_createCtx)
                  0000f92c    0000008c     drivers_msp432p4x1xi.aem4f : PowerMSP432.oem4f (.text:Power_init)
                  0000f9b8    0000008c     slnetsock_release.a : slnetsock.oem4f (.text:SlNetSock_accept)
                  0000fa44    0000008c     simplelink.a : driver.obj (.text:_SlDrvDriverIsApiAllowed)
                  0000fad0    0000008c                  : driver.obj (.text:_SlDrvProtectAsyncRespSetting)
                  0000fb5c    0000008c     drivers_msp432p4x1xi.aem4f : UARTMSP432.oem4f (.text:readIsrTextBlocking)
                  0000fbe8    0000008c     simplelink.a : sl_socket.obj (.text:sl_Recv)
                  0000fc74    0000008c     sysbios.aem4f : m3_TaskSupport_asm.obj (.text:ti_sysbios_family_arm_m3_TaskSupport_buildTaskStack)
                  0000fd00    0000008c                   : BIOS.obj (.text:xdc_runtime_Memory_alloc__E)
                  0000fd8c    00000088     mqtt_release.a : client_core.oem4f (.text:procConnackRx)
                  0000fe14    00000088     simplelink.a : eventreg.obj (.text:sl_UnregisterLibsEventHandler)
                  0000fe9c    00000004     dpl_msp432p4x1xi.aem4f : HwiP_tirtos.oem4f (.text:HwiP_disableInterrupt)
                  0000fea0    00000088     sysbios.aem4f : BIOS.obj (.text:ti_sysbios_knl_Mailbox_post__E)
                  0000ff28    00000088     mqtt_release.a : client_core.oem4f (.text:wrConnectPayload)
                  0000ffb0    00000086     rtsv7M4_T_le_v4SPD16_eabi.lib : fd_cmp_t2.asm.obj (.text:__aeabi_cdcmple)
                  00010036    00000086                                   : fd_cmp_t2.asm.obj (.text:__aeabi_cdrcmple)
                  000100bc    00000086     drivers_msp432p4x1xi.aem4f : SPIMSP432DMA.oem4f (.text:initHw)
                  00010142    00000006                                : TimerMSP432.oem4f (.text:TimerMSP432_control)
                  00010148    00000086     sysbios.aem4f : BIOS.obj (.text:xdc_runtime_Core_constructObject__I)
                  000101ce    00000084     mqtt_if.obj (.text:MQTTHelperTopicMatching)
                  00010252    00000002     --HOLE-- [fill = 0]
                  00010254    00000084     msp432p4xx_driverlib.lib : pcm.o (.text:PCM_gotoLPM3)
                  000102d8    00000084     slnetifwifi.a : slnetifwifi.obj (.text:SlNetIfWifi_sockstartSec)
                  0001035c    00000084     slnetsock_release.a : slnetutils.oem4f (.text:SlNetUtil_getHostByName)
                  000103e0    00000084     drivers_msp432p4x1xi.aem4f : TimerMSP432.oem4f (.text:TimerMSP432_stop)
                  00010464    00000084     mqtt_release.a : client_core.oem4f (.text:mqpSetupProcCtxDataRecv)
                  000104e8    00000084     drivers_msp432p4x1xi.aem4f : PowerMSP432.oem4f (.text:restartHFXT)
                  0001056c    00000084     simplelink.a : sl_socket.obj (.text:sl_SetSockOpt)
                  000105f0    00000084     sysbios.aem4f : BIOS.obj (.text:ti_sysbios_family_arm_m3_Hwi_postInit__I)
                  00010674    00000004     dpl_msp432p4x1xi.aem4f : HwiP_tirtos.oem4f (.text:HwiP_enableInterrupt)
                  00010678    00000084     sysbios.aem4f : BIOS.obj (.text:ti_sysbios_heaps_HeapMem_free__E)
                  000106fc    00000080     mqtt_release.a : client_core.oem4f (.text:clCtxPartSend)
                  0001077c    0000007c     mqtt_if.obj (.text:MQTTContextThread)
                  000107f8    0000007c     sysbios.aem4f : BIOS.obj (.text:_pthread_abstime2ticks)
                  00010874    0000007c     mqtt_release.a : client_core.oem4f (.text:procCtxDataRecv)
                  000108f0    0000007a     rtsv7M4_T_le_v4SPD16_eabi.lib : memset_t2.asm.obj (.text)
                  0001096a    00000002     --HOLE-- [fill = 0]
                  0001096c    00000078     mqtt_release.a : mqtt_net_func.oem4f (.text:MQTTNet_recvFrom)
                  000109e4    00000078     drivers_msp432p4x1xi.aem4f : TimerMSP432.oem4f (.text:TimerMSP432_allocateTimerResource)
                  00010a5c    00000078     simplelink.a : sl_socket.obj (.text:sl_Socket)
                  00010ad4    00000077     mqtt_client_app.obj (.text:formatdata)
                  00010b4b    00000001     --HOLE-- [fill = 0]
                  00010b4c    00000074     mqtt_release.a : mqtt_net_func.oem4f (.text:MQTTNet_tcpAccept)
                  00010bc0    00000074     slnetsock_release.a : slnetsock.oem4f (.text:SlNetSock_AllocVirtualSocket)
                  00010c34    00000074     mqtt_release.a : client_core.oem4f (.text:groupCtxsRxPrep)
                  00010ca8    00000074     sysbios.aem4f : BIOS.obj (.text:ti_sysbios_knl_Clock_walkQueueDynamic__E)
                  00010d1c    00000004     drivers_msp432p4x1xi.aem4f : SPIMSP432DMA.oem4f (.text:SPIMSP432DMA_init)
                  00010d20    00000074     sysbios.aem4f : BIOS.obj (.text:ti_sysbios_knl_Mailbox_pend__E)
                  00010d94    00000072     mqtt_release.a : mqtt_common.oem4f (.text:MQTT_packetProcPubRx)
                  00010e06    00000002     --HOLE-- [fill = 0]
                  00010e08    00000070     slnetsock_release.a : slnetsock.oem4f (.text:SlNetSock_secAttribSet)
                  00010e78    00000070     simplelink.a : driver.obj (.text:_SlDrvCmdSend_noLock)
                  00010ee8    00000070     sysbios.aem4f : BIOS.obj (.text:acquireMutexNone$47)
                  00010f58    00000070                   : BIOS.obj (.text:ti_sysbios_heaps_HeapMem_initPrimary__I)
                  00010fc8    00000070                   : BIOS.obj (.text:ti_sysbios_knl_Mailbox_Instance_finalize__E)
                  00011038    0000006e     rtsv7M4_T_le_v4SPD16_eabi.lib : _printfi.c.obj (.text:_mcpy)
                  000110a6    0000006e                                   : ll_div_t2.asm.obj (.text)
                  00011114    0000006c     mqtt_release.a : mqttclient.oem4f (.text:MQTTClient_run)
                  00011180    0000006c     simplelink.a : cc_pal.obj (.text:NwpRegisterInterruptHandler)
                  000111ec    0000006c     slnetsock_release.a : slnetutils.oem4f (.text:SlNetUtil_str2BinIpV4)
                  00011258    0000006c     simplelink.a : device.obj (.text:_SlDeviceHandleResetRequestInternally)
                  000112c4    0000006c                  : sl_socket.obj (.text:_SlDrvOpenCtrlSocket)
                  00011330    0000006c                  : netapp.obj (.text:_SlNetAppSendTokenValue)
                  0001139c    00000004     dpl_msp432p4x1xi.aem4f : SemaphoreP_tirtos.oem4f (.text:SemaphoreP_post)
                  000113a0    0000006c     sysbios.aem4f : BIOS.obj (.text:ti_sysbios_family_arm_msp432_Seconds_get__E)
                  0001140c    00000004     slnetsock_release.a : slnetif.oem4f (.text:SlNetIf_init)
                  00011410    0000006c     sysbios.aem4f : BIOS.obj (.text:ti_sysbios_knl_Swi_restoreHwi__E)
                  0001147c    0000006c     mqtt_client_app.obj (.text:waterButtonHandler)
                  000114e8    0000006a     mqtt_release.a : mqtt_net_func.oem4f (.text:MQTTNet_sendTo)
                  00011552    0000006a     drivers_msp432p4x1xi.aem4f : UARTMSP432.oem4f (.text:UARTMSP432_writeCancel)
                  000115bc    00000068                                : GPIOMSP432.oem4f (.text:GPIO_hwiIntFxn)
                  00011624    00000068     mqtt_release.a : mqtt_common.oem4f (.text:MQTT_qos2PubCqUnlog)
                  0001168c    00000068     drivers_msp432p4x1xi.aem4f : PowerMSP432.oem4f (.text:PowerMSP432_getFreqs)
                  000116f4    00000068     simplelink.a : driver.obj (.text:_SlSpawnMsgListGetCount)
                  0001175c    00000068     rtsv7M4_T_le_v4SPD16_eabi.lib : copy_decompress_lzss.c.obj (.text:decompress:lzss:__TI_decompress_lzss)
                  000117c4    00000068     main_tirtos.obj (.text:main)
                  0001182c    00000004     slnetsock_release.a : slnetutils.oem4f (.text:SlNetUtil_init)
                  00011830    00000068     sysbios.aem4f : BIOS.obj (.text:ti_sysbios_knl_Clock_startI__E)
                  00011898    00000066                   : BIOS.obj (.text:xdc_runtime_Core_deleteObject__I)
                  000118fe    00000064     mqtt_release.a : mqtt_common.oem4f (.text:MQTT_packetPubAppendTopic)
                  00011962    00000064     drivers_msp432p4x1xi.aem4f : SPIMSP432DMA.oem4f (.text:SPIMSP432DMA_close)
                  000119c6    00000064     mqtt_release.a : client_core.oem4f (.text:clientReset)
                  00011a2a    00000002     --HOLE-- [fill = 0]
                  00011a2c    00000064                    : client_core.oem4f (.text:doNetClose)
                  00011a90    00000064     rtsv7M4_T_le_v4SPD16_eabi.lib : s_frexp.c.obj (.text:frexp)
                  00011af4    00000004     mqtt_release.a : mqttclient.oem4f (.text:mutexLockup)
                  00011af8    00000064     sysbios.aem4f : BIOS.obj (.text:ti_sysbios_family_arm_m3_Hwi_dispatchC__I)
                  00011b5c    00000060     drivers_msp432p4x1xi.aem4f : GPIOMSP432.oem4f (.text:GPIO_setCallback)
                  00011bbc    00000060     slnetsock_release.a : slnetsock.oem4f (.text:SlNetSock_recvFrom)
                  00011c1c    00000060                         : slnetsock.oem4f (.text:SlNetSock_sendTo)
                  00011c7c    00000004     mqtt_release.a : mqttclient.oem4f (.text:mutexUnlock)
                  00011c80    00000060     sysbios.aem4f : BIOS.obj (.text:pthread_exit)
                  00011ce0    00000060     simplelink.a : cc_pal.obj (.text:spi_Open)
                  00011d40    00000060     sysbios.aem4f : BIOS.obj (.text:ti_sysbios_family_arm_msp432_Timer_setNextTick__E)
                  00011da0    00000060                   : BIOS.obj (.text:ti_sysbios_knl_Semaphore_post__E)
                  00011e00    00000060                   : BIOS.obj (.text:ti_sysbios_knl_Swi_run__I)
                  00011e60    0000005e     msp432p4xx_driverlib.lib : pcm.o (.text:PCM_getCoreVoltageLevel)
                  00011ebe    0000005e     slnetifwifi.a : slnetifwifi.obj (.text:SlNetIfWifi_setSockOpt)
                  00011f1c    0000005c     uart_term.obj (.text:InitTerm)
                  00011f78    0000005c     mqtt_release.a : client_core.oem4f (.text:MQTTClientCore_exitLib)
                  00011fd4    0000005c                    : mqtt_net_func.oem4f (.text:MQTTNet_tcpListen)
                  00012030    0000005c     simplelink.a : spawn.obj (.text:_SlInternalSpawn)
                  0001208c    00000004     release_pem4f.oem4f (.text:ti_sysbios_BIOS_RtsGateProxy_enter__E)
                  00012090    0000005c     sysbios.aem4f : BIOS.obj (.text:ti_sysbios_family_arm_msp432_Timer_getCurrentTick__E)
                  000120ec    00000004     release_pem4f.oem4f (.text:ti_sysbios_BIOS_RtsGateProxy_leave__E)
                  000120f0    0000005c     sysbios.aem4f : BIOS.obj (.text:ti_sysbios_knl_Swi_schedule__I)
                  0001214c    00000004     release_pem4f.oem4f (.text:ti_sysbios_family_arm_m3_Hwi_delete)
                  00012150    0000005c     sysbios.aem4f : BIOS.obj (.text:ti_sysbios_knl_Task_startCore__E)
                  000121ac    00000004     release_pem4f.oem4f (.text:ti_sysbios_family_arm_m3_TaskSupport_Module__startupDone__S)
                  000121b0    0000005c     sysbios.aem4f : BIOS.obj (.text:xdc_runtime_Startup_exec__E)
                  0001220c    0000005a     msp432p4xx_driverlib.lib : pcm.o (.text:PCM_getPowerMode)
                  00012266    00000002     --HOLE-- [fill = 0]
                  00012268    00000058     drivers_msp432p4x1xi.aem4f : GPIOMSP432.oem4f (.text:GPIO_write)
                  000122c0    00000058     slnetsock_release.a : slnetsock.oem4f (.text:SlNetSock_recv)
                  00012318    00000058                         : slnetsock.oem4f (.text:SlNetSock_send)
                  00012370    00000058     simplelink.a : sl_socket.obj (.text:_SlDrvClearCtrlSocket)
                  000123c8    00000058     boot.aem4f : boot.oem4f (.text)
                  00012420    00000058     mqtt_release.a : client_core.oem4f (.text:clRecv)
                  00012478    00000058     drivers_msp432p4x1xi.aem4f : UARTMSP432.oem4f (.text:readIsrBinaryBlocking)
                  000124d0    00000058     mqtt_release.a : client_core.oem4f (.text:singleCtxKaSequence)
                  00012528    00000058     simplelink.a : sl_socket.obj (.text:sl_Listen)
                  00012580    00000058                  : eventreg.obj (.text:sl_RegisterLibsEventHandler)
                  000125d8    00000058     sysbios.aem4f : m3_Hwi_asm_switch.obj (.text:ti_sysbios_family_arm_m3_Hwi_initStacks__E)
                  00012630    00000056     mqtt_release.a : mqtt_common.oem4f (.text:MQTT_packetPubAppendData)
                  00012686    00000056     rtsv7M4_T_le_v4SPD16_eabi.lib : _printfi.c.obj (.text:_pconv_f)
                  000126dc    00000056     mqtt_release.a : client_core.oem4f (.text:procAckMsgRx)
                  00012732    00000002     --HOLE-- [fill = 0]
                  00012734    00000054                    : client_core.oem4f (.text:MQTTClientCore_deleteCtx)
                  00012788    00000054                    : client_core.oem4f (.text:MQTTClientCore_sendDisconn)
                  000127dc    00000054     msp432p4xx_driverlib.lib : pcm.o (.text:PCM_shutdownDevice)
                  00012830    00000054     drivers_msp432p4x1xi.aem4f : TimerMSP432.oem4f (.text:TimerMSP432_freeTimerResource)
                  00012884    00000054     rtsv7M4_T_le_v4SPD16_eabi.lib : _ltoa.c.obj (.text:__TI_ltoa)
                  000128d8    00000054     mqtt_release.a : client_core.oem4f (.text:grpNetSetupCreate)
                  0001292c    00000054     drivers_msp432p4x1xi.aem4f : SPIMSP432DMA.oem4f (.text:spiHwiFxn)
                  00012980    00000054     release_pem4f.oem4f (.text:ti_sysbios_family_arm_m3_Hwi_create)
                  000129d4    00000004     release_pem4f.oem4f (.text:ti_sysbios_heaps_HeapMem_Module_GateProxy_enter__E)
                  000129d8    00000054     sysbios.aem4f : BIOS.obj (.text:ti_sysbios_family_arm_msp432_Timer_initDevice__I)
                  00012a2c    00000054     release_pem4f.oem4f (.text:ti_sysbios_knl_Mailbox_create)
                  00012a80    00000052     rtsv7M4_T_le_v4SPD16_eabi.lib : _printfi.c.obj (.text:_ecpy)
                  00012ad2    00000002     --HOLE-- [fill = 0]
                  00012ad4    00000050     dpl_msp432p4x1xi.aem4f : ClockP_tirtos.oem4f (.text:ClockP_create)
                  00012b24    00000050     slnetsock_release.a : slnetif.oem4f (.text:SlNetIf_queryIf)
                  00012b74    00000050     drivers_msp432p4x1xi.aem4f : TimerMSP432.oem4f (.text:TimerMSP432_hwiIntFunction)
                  00012bc4    00000050                                : UDMAMSP432.oem4f (.text:UDMAMSP432_hwiFxn)
                  00012c14    00000050     simplelink.a : sl_socket.obj (.text:_SlDrvCloseCtrlSocket)
                  00012c64    00000050                  : driver.obj (.text:_SlDrvCmdSend_noWait)
                  00012cb4    00000050                  : driver.obj (.text:_SlDrvUpdateApiInProgress)
                  00012d04    00000050                  : spawn.obj (.text:_SlInternalSpawnTaskEntry)
                  00012d54    00000050                  : eventreg.obj (.text:_SlNetAppHttpServerHdlr)
                  00012da4    00000050                  : eventreg.obj (.text:_SlNetAppRequestHdlr)
                  00012df4    00000050     mqtt_release.a : client_core.oem4f (.text:_procAckMsgRx)
                  00012e44    00000004     release_pem4f.oem4f (.text:ti_sysbios_heaps_HeapMem_Module_GateProxy_leave__E)
                  00012e48    00000050     sysbios.aem4f : BIOS.obj (.text:mq_send)
                  00012e98    00000050                   : BIOS.obj (.text:ti_sysbios_family_arm_m3_Hwi_Module_startup__E)
                  00012ee8    00000050     release_pem4f.oem4f (.text:ti_sysbios_knl_Task_create)
                  00012f38    0000004e     mqtt_release.a : client_core.oem4f (.text:MQTTClientCore_registerWillInfo)
                  00012f86    0000004e     drivers_msp432p4x1xi.aem4f : TimerMSP432.oem4f (.text:TimerMSP432_close)
                  00012fd4    0000004c     dpl_msp432p4x1xi.aem4f : PowerMSP432_tirtos.oem4f (.text:PowerMSP432_sleepPolicy)
                  00013020    0000004c     slnetifwifi.a : slnetifwifi.obj (.text:SlNetIfWifi_getConnectionStatus)
                  0001306c    0000004c     slnetsock_release.a : slnetsock.oem4f (.text:SlNetSock_freeVirtualSocket)
                  000130b8    0000004c                         : slnetsock.oem4f (.text:SlNetSock_startSec)
                  00013104    0000004c     mqtt_release.a : client_core.oem4f (.text:ack1WlMqpDispatch)
                  00013150    0000004c     rtsv7M4_T_le_v4SPD16_eabi.lib : atoi.c.obj (.text:atoi)
                  0001319c    0000004c                                   : cpy_tbl.c.obj (.text:copy_in)
                  000131e8    0000004c     dht11.obj (.text:countHandler)
                  00013234    0000004c     mqtt_release.a : client_core.oem4f (.text:loopbTrigger)
                  00013280    0000004c     drivers_msp432p4x1xi.aem4f : UARTMSP432.oem4f (.text:readIsrBinaryCallback)
                  000132cc    0000004c     mqtt_release.a : client_core.oem4f (.text:singleCtxRxPrep)
                  00013318    0000004c     simplelink.a : wlan.obj (.text:sl_WlanSetMode)
                  00013364    0000004c     rtsv7M4_T_le_v4SPD16_eabi.lib : snprintf.c.obj (.text:snprintf)
                  000133b0    0000004c     sysbios.aem4f : BIOS.obj (.text:ti_sysbios_family_arm_msp432_Timer_postInit__I)
                  000133fc    00000004     release_pem4f.oem4f (.text:ti_sysbios_knl_Clock_TimerProxy_getCurrentTick__E)
                  00013400    0000004c     sysbios.aem4f : BIOS.obj (.text:ti_sysbios_family_arm_msp432_Timer_start__E)
                  0001344c    00000004     release_pem4f.oem4f (.text:ti_sysbios_knl_Clock_TimerProxy_getMaxTicks__E)
                  00013450    0000004c     sysbios.aem4f : BIOS.obj (.text:ti_sysbios_heaps_HeapMem_getStats__E)
                  0001349c    00000004     release_pem4f.oem4f (.text:ti_sysbios_knl_Clock_TimerProxy_setNextTick__E)
                  000134a0    0000004c     sysbios.aem4f : BIOS.obj (.text:ti_sysbios_knl_Swi_runLoop__I)
                  000134ec    00000004     release_pem4f.oem4f (.text:ti_sysbios_knl_Clock_delete)
                  000134f0    0000004c     sysbios.aem4f : BIOS.obj (.text:ti_sysbios_knl_Task_allBlockedFunction__I)
                  0001353c    00000004     release_pem4f.oem4f (.text:ti_sysbios_knl_Semaphore_delete)
                  00013540    0000004c     sysbios.aem4f : BIOS.obj (.text:ti_sysbios_knl_Task_schedule__I)
                  0001358c    0000004b     mqtt_client_app.obj (.text:ToggleLED1CB)
                  000135d7    00000001     --HOLE-- [fill = 0]
                  000135d8    0000004b     mqtt_client_app.obj (.text:ToggleLED2CB)
                  00013623    00000001     --HOLE-- [fill = 0]
                  00013624    0000004b     mqtt_client_app.obj (.text:ToggleLED3CB)
                  0001366f    00000001     --HOLE-- [fill = 0]
                  00013670    0000004a     mqtt_release.a : client_core.oem4f (.text:clCtxRecv)
                  000136ba    00000002     --HOLE-- [fill = 0]
                  000136bc    00000048                    : mqttclient.oem4f (.text:MQTTClient_set)
                  00013704    00000048     drivers_msp432p4x1xi.aem4f : PowerMSP432.oem4f (.text:Power_releaseConstraint)
                  0001374c    00000048     slnetsock_release.a : slnetsock.oem4f (.text:SlNetSock_connect)
                  00013794    00000048                         : slnetsock.oem4f (.text:SlNetSock_init)
                  000137dc    00000048                         : slnetsock.oem4f (.text:SlNetSock_setOpt)
                  00013824    00000048     simplelink.a : eventreg.obj (.text:_SlDeviceFatalErrorEvtHdlr)
                  0001386c    00000048                  : eventreg.obj (.text:_SlDeviceGeneralEvtHdlr)
                  000138b4    00000048                  : driver.obj (.text:_SlDrvBasicCmd)
                  000138fc    00000048                  : driver.obj (.text:_SlDrvSyncObjWaitTimeout)
                  00013944    00000048                  : eventreg.obj (.text:_SlNetAppEvtHdlr)
                  0001398c    00000048                  : eventreg.obj (.text:_SlNetAppRequestMemFree)
                  000139d4    00000048                  : eventreg.obj (.text:_SlSockEvtHdlr)
                  00013a1c    00000048                  : eventreg.obj (.text:_SlWlanEvtHdlr)
                  00013a64    00000048     mqtt_release.a : client_core.oem4f (.text:bufUTF8WrTry)
                  00013aac    00000048                    : client_core.oem4f (.text:clCtxSetup)
                  00013af4    00000004     release_pem4f.oem4f (.text:ti_sysbios_knl_Task_delete)
                  00013af8    00000048     sysbios.aem4f : BIOS.obj (.text:mq_close)
                  00013b40    00000048                   : BIOS.obj (.text:pthread_mutex_init)
                  00013b88    00000048     rtsv7M4_T_le_v4SPD16_eabi.lib : fd_toi_t2.asm.obj (.text)
                  00013bd0    00000048     sysbios.aem4f : BIOS.obj (.text:ti_sysbios_family_arm_m3_Hwi_disableInterrupt__E)
                  00013c18    00000048                   : BIOS.obj (.text:ti_sysbios_family_arm_m3_Hwi_enableInterrupt__E)
                  00013c60    00000048                   : BIOS.obj (.text:ti_sysbios_knl_Mailbox_Module_startup__E)
                  00013ca8    00000048     mqtt_release.a : client_core.oem4f (.text:wrConnectVh)
                  00013cf0    00000048     sysbios.aem4f : BIOS.obj (.text:xdc_runtime_Core_assignParams__I)
                  00013d38    00000046     drivers_msp432p4x1xi.aem4f : RingBuf.oem4f (.text:RingBuf_put)
                  00013d7e    00000002     --HOLE-- [fill = 0]
                  00013d80    00000044     mqtt_release.a : client_core.oem4f (.text:MQTTClientCore_run)
                  00013dc4    00000044                    : mqtt_net_func.oem4f (.text:MQTTNet_tcpRecv)
                  00013e08    00000044                    : mqttclient.oem4f (.text:MqttClientCtxDelete)
                  00013e4c    00000044     drivers_msp432p4x1xi.aem4f : SPI.oem4f (.text:SPI_init)
                  00013e90    00000044     slnetsock_release.a : slnetutils.oem4f (.text:SlNetUtil_strTok)
                  00013ed4    00000044     drivers_msp432p4x1xi.aem4f : Timer.oem4f (.text:Timer_init)
                  00013f18    00000044                                : UART.oem4f (.text:UART_init)
                  00013f5c    00000044     simplelink.a : driver.obj (.text:_SlDrvRxIrqHandler)
                  00013fa0    00000044     sysbios.aem4f : BIOS.obj (.text:ti_sysbios_family_arm_m3_Hwi_getStackInfo__E)
                  00013fe4    00000004     release_pem4f.oem4f (.text:xdc_runtime_System_Module_GateProxy_enter__E)
                  00013fe8    00000044     sysbios.aem4f : BIOS.obj (.text:ti_sysbios_knl_Swi_post__E)
                  0001402c    00000044     mqtt_release.a : client_core.oem4f (.text:vhMsgSend)
                  00014070    00000044     sysbios.aem4f : BIOS.obj (.text:xdc_runtime_System_atexit__E)
                  000140b4    00000043     mqtt_client_app.obj (.text:BrokerCB)
                  000140f7    00000001     --HOLE-- [fill = 0]
                  000140f8    00000043     mqtt_client_app.obj (.text:infoTopicCB)
                  0001413b    00000001     --HOLE-- [fill = 0]
                  0001413c    00000042     mqtt_release.a : mqtt_common.oem4f (.text:MQTT_packetBufRdRemlen)
                  0001417e    00000040     simplelink.a : sl_socket.obj (.text:CountSetBits)
                  000141be    00000002     --HOLE-- [fill = 0]
                  000141c0    00000040     dpl_msp432p4x1xi.aem4f : HwiP_tirtos.oem4f (.text:HwiP_create)
                  00014200    00000040     network_if.obj (.text:InitializeAppVariables)
                  00014240    00000040     mqtt_release.a : client_core.oem4f (.text:MQTTClientCore_registerCtxInfo)
                  00014280    00000040     drivers_msp432p4x1xi.aem4f : RingBuf.oem4f (.text:RingBuf_get)
                  000142c0    00000040                                : SPI.oem4f (.text:SPI_open)
                  00014300    00000040     network_if.obj (.text:SimpleLinkGeneralEventHandler)
                  00014340    00000040     slnetsock_release.a : slnetsock.oem4f (.text:SlNetSock_bind)
                  00014380    00000040     drivers_msp432p4x1xi.aem4f : Timer.oem4f (.text:Timer_open)
                  000143c0    00000040                                : UARTMSP432.oem4f (.text:UARTMSP432_read)
                  00014400    00000040                                : UART.oem4f (.text:UART_open)
                  00014440    00000040     simplelink.a : driver.obj (.text:_SlFindAndReleasePendingCmd)
                  00014480    00000040                  : spawn.obj (.text:_SlInternalSpawnWaitForEvent)
                  000144c0    00000040                  : eventreg.obj (.text:_SlIsEventRegistered)
                  00014500    00000040     mqtt_release.a : mqttclient.oem4f (.text:_sl_ExtLib_ServerAckLockedWait)
                  00014540    00000040     msp432p4xx_driverlib.lib : spi.o (.text:is_A_Module)
                  00014580    00000040     sysbios.aem4f : BIOS.obj (.text:mq_receive)
                  000145c0    00000040     mqtt_release.a : client_core.oem4f (.text:netConnect)
                  00014600    00000040     drivers_msp432p4x1xi.aem4f : UARTMSP432.oem4f (.text:perfChangeNotifyFxn)
                  00014640    00000040     sysbios.aem4f : BIOS.obj (.text:ti_sysbios_family_arm_msp432_Timer_Module_startup__E)
                  00014680    00000040                   : BIOS.obj (.text:ti_sysbios_family_arm_msp432_Timer_startup__E)
                  000146c0    00000040                   : BIOS.obj (.text:ti_sysbios_heaps_HeapMem_Instance_init__E)
                  00014700    00000040                   : BIOS.obj (.text:ti_sysbios_knl_Clock_Instance_init__E)
                  00014740    00000040     rtsv7M4_T_le_v4SPD16_eabi.lib : vsnprintf.c.obj (.text:vsnprintf)
                  00014780    0000003e     mqtt_release.a : mqtt_common.oem4f (.text:MQTT_packetAckWlistRemove)
                  000147be    0000003e                    : mqtt_common.oem4f (.text:MQTT_packetBufTailWrRemlen)
                  000147fc    0000003e     slnetsock_release.a : slnetsock.oem4f (.text:SlNetSock_close)
                  0001483a    0000003e     simplelink.a : sl_socket.obj (.text:_SlSocketBuildAddress)
                  00014878    0000003e     rtsv7M4_T_le_v4SPD16_eabi.lib : _printfi.c.obj (.text:_fcpy)
                  000148b6    0000003e     mqtt_release.a : client_core.oem4f (.text:clCtxSeg1Send)
                  000148f4    0000003e                    : client_core.oem4f (.text:procPingrspRx)
                  00014932    0000003e     release_pem4f.oem4f (.text:realloc)
                  00014970    0000003e     sysbios.aem4f : BIOS.obj (.text:sem_timedwait)
                  000149ae    00000002     --HOLE-- [fill = 0]
                  000149b0    0000003c     mqtt_release.a : client_core.oem4f (.text:MQTTClientCore_registerBuffers)
                  000149ec    0000003c                    : mqttclient.oem4f (.text:MQTTClient_disconnect)
                  00014a28    0000003c                    : mqtt_common.oem4f (.text:MQTT_qos2PubCqCheck)
                  00014a64    0000003c     network_if.obj (.text:Network_IF_DisconnectFromAP)
                  00014aa0    0000003c     dpl_msp432p4x1xi.aem4f : SemaphoreP_tirtos.oem4f (.text:SemaphoreP_create)
                  00014adc    0000003c     simplelink.a : netapp.obj (.text:_SlNetAppCopyPingResultsToReport)
                  00014b18    0000003c     mqtt_release.a : mqttclient.oem4f (.text:processDisconnCB)
                  00014b54    00000004     release_pem4f.oem4f (.text:xdc_runtime_System_Module_GateProxy_leave__E)
                  00014b58    0000003c     sysbios.aem4f : BIOS.obj (.text:pthread_mutex_unlock)
                  00014b94    0000003c     mqtt_client_app.obj (.text:sendinfo)
                  00014bd0    0000003c     mqtt_release.a : client_core.oem4f (.text:singleCtxRxPrepLocked)
                  00014c0c    00000004     --HOLE-- [fill = 0]
                  00014c10    0000003c     sysbios.aem4f : BIOS.obj (.text:sleep)
                  00014c4c    0000003c     mqtt_release.a : client_core.oem4f (.text:tailIncorpMsgID)
                  00014c88    0000003c     sysbios.aem4f : BIOS.obj (.text:ti_sysbios_family_arm_m3_Hwi_Instance_finalize__E)
                  00014cc4    00000004     --HOLE-- [fill = 0]
                  00014cc8    0000003c                   : BIOS.obj (.text:ti_sysbios_family_arm_msp432_Seconds_Module_startup__E)
                  00014d04    0000003c     release_pem4f.oem4f (.text:ti_sysbios_knl_Clock_create)
                  00014d40    0000003c     sysbios.aem4f : BIOS.obj (.text:ti_sysbios_knl_Swi_restore__E)
                  00014d7c    0000003c     simplelink.a : sl_socket.obj (.text:to_mSec)
                  00014db8    0000003c     sysbios.aem4f : BIOS.obj (.text:usleep)
                  00014df4    00000004     --HOLE-- [fill = 0]
                  00014df8    0000003c                   : BIOS.obj (.text:xdc_runtime_System_processAtExit__E)
                  00014e34    0000003a     slnetifwifi.a : slnetifwifi.obj (.text:SlNetIfWifi_getIPAddr)
                  00014e6e    0000003a     mqtt_release.a : mqtt_common.oem4f (.text:mqpProcVhMsgIdRx)
                  00014ea8    00000038     drivers_msp432p4x1xi.aem4f : GPIOMSP432.oem4f (.text:GPIO_toggle)
                  00014ee0    00000038     mqtt_release.a : client_core.oem4f (.text:MQTTClientCore_registerNetSvc)
                  00014f18    00000038                    : mqtt_common.oem4f (.text:MQTT_qos2PubCqLogup)
                  00014f50    00000038     drivers_msp432p4x1xi.aem4f : PowerMSP432.oem4f (.text:Power_setConstraint)
                  00014f88    00000038     slnetifwifi.a : slnetifwifi.obj (.text:SlNetIfWifi_recvFrom)
                  00014fc0    00000038                   : slnetifwifi.obj (.text:SlNetIfWifi_sendTo)
                  00014ff8    00000038                   : slnetifwifi.obj (.text:SlNetIfWifi_socket)
                  00015030    00000038     slnetsock_release.a : slnetif.oem4f (.text:SlNetIf_configCheck)
                  00015068    00000038                         : slnetsock.oem4f (.text:SlNetSock_listen)
                  000150a0    00000038                         : slnetutils.oem4f (.text:SlNetUtil_htonl)
                  000150d8    00000038     drivers_msp432p4x1xi.aem4f : TimerMSP432.oem4f (.text:TimerMSP432_getCount)
                  00015110    00000038     mqtt_release.a : client_core.oem4f (.text:mqpAllocAtomic)
                  00015148    00000038                    : client_core.oem4f (.text:netRecv)
                  00015180    00000038     drivers_msp432p4x1xi.aem4f : PowerMSP432.oem4f (.text:notify)
                  000151b8    00000037     network_if.obj (.text:Network_IF_DeInitDriver)
                  000151ef    00000001     --HOLE-- [fill = 0]
                  000151f0    00000036     mqtt_release.a : mqtt_common.oem4f (.text:MQTT_packetPrepFh)
                  00015226    00000036     slnetifwifi.a : slnetifwifi.obj (.text:SlNetIfWifi_getHostByName)
                  0001525c    00000036                   : slnetifwifi.obj (.text:SlNetIfWifi_select)
                  00015292    00000036     drivers_msp432p4x1xi.aem4f : UARTMSP432.oem4f (.text:UARTMSP432_readCancel)
                  000152c8    00000036     mqtt_release.a : client_core.oem4f (.text:_procPubRecRx)
                  000152fe    00000036     rtsv7M4_T_le_v4SPD16_eabi.lib : strncpy.c.obj (.text:strncpy)
                  00015334    00000034     drivers_msp432p4x1xi.aem4f : GPIOMSP432.oem4f (.text:GPIO_clearInt)
                  00015368    00000034                                : GPIOMSP432.oem4f (.text:GPIO_disableInt)
                  0001539c    00000034                                : GPIOMSP432.oem4f (.text:GPIO_enableInt)
                  000153d0    00000034     slnetsock_release.a : slnetutils.oem4f (.text:SlNetUtil_htons)
                  00015404    00000034     mqtt_release.a : client_core.oem4f (.text:groupCtxsKaSequence)
                  00015438    00000034                    : client_core.oem4f (.text:mqpFreeLocked)
                  0001546c    00000034                    : client_core.oem4f (.text:procLoopbackRecv)
                  000154a0    00000034     release_pem4f.oem4f (.text:ti_sysbios_knl_Semaphore_create)
                  000154d4    00000032     mqtt_release.a : mqtt_common.oem4f (.text:MQTT_clCtxTimeoutInsert)
                  00015506    00000032                    : client_core.oem4f (.text:connectedStateRx)
                  00015538    00000032     sysbios.aem4f : BIOS.obj (.text:ti_sysbios_hal_Hwi_initStack)
                  0001556a    00000002     --HOLE-- [fill = 0]
                  0001556c    00000030     simplelink.a : cc_pal.obj (.text:HostIrqGPIO_callback)
                  0001559c    00000030                  : driver.obj (.text:_SlDrvGlobalObjUnLock)
                  000155cc    00000030                  : fs.obj (.text:_SlFsStrlen)
                  000155fc    00000030     rtsv7M4_T_le_v4SPD16_eabi.lib : snprintf.c.obj (.text:_outs)
                  0001562c    00000030                                   : vsnprintf.c.obj (.text:_outs)
                  0001565c    00000030     mqtt_release.a : client_core.oem4f (.text:ack2MsgIdUnlog)
                  0001568c    00000030                    : client_core.oem4f (.text:clientDescInit)
                  000156bc    00000004     --HOLE-- [fill = 0]
                  000156c0    00000030     sysbios.aem4f : BIOS.obj (.text:findInList$42)
                  000156f0    00000030     mqtt_release.a : mqttclient.oem4f (.text:getAvailableClictxMem)
                  00015720    00000030     drivers_msp432p4x1xi.aem4f : SPIMSP432DMA.oem4f (.text:mapPin)
                  00015750    00000030                                : UARTMSP432.oem4f (.text:mapPin)
                  00015780    00000030     release_pem4f.oem4f (.text:ti_sysbios_BIOS_atExitFunc__I)
                  000157b0    00000030     release_pem4f.oem4f (.text:ti_sysbios_BIOS_startFunc__I)
                  000157e0    00000030     sysbios.aem4f : BIOS.obj (.text:ti_sysbios_family_arm_m3_TaskSupport_start__E)
                  00015810    00000030     release_pem4f.oem4f (.text:ti_sysbios_gates_GateHwi_Object__create__S)
                  00015840    00000030     release_pem4f.oem4f (.text:ti_sysbios_gates_GateMutex_Object__create__S)
                  00015870    00000030     sysbios.aem4f : BIOS.obj (.text:ti_sysbios_gates_GateMutex_enter__E)
                  000158a0    00000030     release_pem4f.oem4f (.text:ti_sysbios_heaps_HeapMem_Object__create__S)
                  000158d0    00000030     sysbios.aem4f : BIOS.obj (.text:ti_sysbios_knl_Mailbox_postInit__I)
                  00015900    00000030     release_pem4f.oem4f (.text:ti_sysbios_knl_Semaphore_construct)
                  00015930    00000030     sysbios.aem4f : BIOS.obj (.text:ti_sysbios_knl_Semaphore_pendTimeout__I)
                  00015960    00000030                   : BIOS.obj (.text:ti_sysbios_knl_Task_processVitalTaskFlag__I)
                  00015990    00000030                   : BIOS.obj (.text:ti_sysbios_knl_Task_restore__E)
                  000159c0    00000030                   : BIOS.obj (.text:ti_sysbios_knl_Task_unblockI__E)
                  000159f0    0000002e     simplelink.a : cc_pal.obj (.text:Mutex_create_handle)
                  00015a1e    0000002e     rtsv7M4_T_le_v4SPD16_eabi.lib : i_tofd_t2.asm.obj (.text)
                  00015a4c    0000002e     release_pem4f.oem4f (.text:ti_sysbios_rts_MemAlloc_alloc)
                  00015a7a    0000002c     dpl_msp432p4x1xi.aem4f : PowerMSP432_tirtos.oem4f (.text:PowerMSP432_updateFreqs)
                  00015aa6    00000002     --HOLE-- [fill = 0]
                  00015aa8    0000002c     msp432p4xx_driverlib.lib : rtc_c.o (.text:RTC_C_holdClock)
                  00015ad4    0000002c     dpl_msp432p4x1xi.aem4f : SemaphoreP_tirtos.oem4f (.text:SemaphoreP_createBinary)
                  00015b00    0000002c     slnetifwifi.a : slnetifwifi.obj (.text:SlNetIfWifi_recv)
                  00015b2c    0000002c                   : slnetifwifi.obj (.text:SlNetIfWifi_send)
                  00015b58    0000002c     simplelink.a : driver.obj (.text:_SlDrvSyncObjWaitForever)
                  00015b84    00000004     --HOLE-- [fill = 0]
                  00015b88    0000002c     sysbios.aem4f : BIOS.obj (.text:_pthread_cleanupFxn)
                  00015bb4    00000004     --HOLE-- [fill = 0]
                  00015bb8    0000002c                   : BIOS.obj (.text:_pthread_delete$43)
                  00015be4    0000002c     mqtt_release.a : client_core.oem4f (.text:doNetCloseRx)
                  00015c10    0000002c     drivers_msp432p4x1xi.aem4f : TimerMSP432.oem4f (.text:perfChangeNotifyFxn)
                  00015c3c    0000002c     mqtt_release.a : client_core.oem4f (.text:singleCtxAdjWaitSecsGet)
                  00015c68    0000002c     release_pem4f.oem4f (.text:ti_sysbios_gates_GateHwi_Handle__label__S)
                  00015c94    0000002c     release_pem4f.oem4f (.text:ti_sysbios_gates_GateMutex_Handle__label__S)
                  00015cc0    0000002c     release_pem4f.oem4f (.text:ti_sysbios_heaps_HeapMem_Handle__label__S)
                  00015cec    0000002c     release_pem4f.oem4f (.text:ti_sysbios_knl_Queue_construct)
                  00015d18    0000002a     slnetsock_release.a : slnetutils.oem4f (.text:SlNetUtil_inetPton)
                  00015d42    0000002a     mqtt_release.a : client_core.oem4f (.text:ack2MsgIdDispatch)
                  00015d6c    0000002a     release_pem4f.oem4f (.text:calloc)
                  00015d96    0000002a     drivers_msp432p4x1xi.aem4f : SPIMSP432DMA.oem4f (.text:perfChangeNotifyFxn)
                  00015dc0    0000002a     mqtt_release.a : client_core.oem4f (.text:pingReqSend)
                  00015dea    00000006                    : client_core.oem4f (.text:ack2MsgIdLogup)
                  00015df0    0000002a     sysbios.aem4f : BIOS.obj (.text:sem_init)
                  00015e1a    0000002a     mqtt_release.a : client_core.oem4f (.text:txPartSetup)
                  00015e44    00000028                    : mqtt_common.oem4f (.text:MQTT_packetBufWrUtf8)
                  00015e6c    00000028     msp432p4xx_driverlib.lib : pcm.o (.text:PCM_gotoLPM0)
                  00015e94    00000028     drivers_msp432p4x1xi.aem4f : PowerMSP432.oem4f (.text:Power_registerNotify)
                  00015ebc    00000028     msp432p4xx_driverlib.lib : spi.o (.text:SPI_getInterruptStatus)
                  00015ee4    00000028     slnetsock_release.a : slnetif.oem4f (.text:SlNetIf_getIfByID)
                  00015f0c    00000028                         : slnetsock.oem4f (.text:SlNetSock_sdsIsSet)
                  00015f34    00000028                         : slnetsock.oem4f (.text:SlNetSock_sdsSet)
                  00015f5c    00000028                         : slnetsock.oem4f (.text:SlNetSock_secAttribDelete)
                  00015f84    00000028     simplelink.a : flowcont.obj (.text:_SlFlowContSet)
                  00015fac    00000028     mqtt_release.a : client_core.oem4f (.text:_procPubRelRx)
                  00015fd4    00000028                    : mqttclient.oem4f (.text:_sl_ExtLib_AwaitedAckLockedSet)
                  00015ffc    00000028     drivers_msp432p4x1xi.aem4f : PowerMSP432.oem4f (.text:disableFaultCounter)
                  00016024    00000028                                : PowerMSP432.oem4f (.text:disableHFXT)
                  0001604c    00000028                                : UARTMSP432.oem4f (.text:findBaudDividerIndex)
                  00016074    00000028     rtsv7M4_T_le_v4SPD16_eabi.lib : memmov.c.obj (.text:memmove)
                  0001609c    00000028     sysbios.aem4f : m3_Hwi_asm.obj (.text:ti_sysbios_family_arm_m3_Hwi_excHandlerAsm__I)
                  000160c4    00000004     --HOLE-- [fill = 0]
                  000160c8    00000028                   : BIOS.obj (.text:ti_sysbios_knl_Clock_addI__E)
                  000160f0    00000028                   : BIOS.obj (.text:ti_sysbios_knl_Swi_Module_startup__E)
                  00016118    00000026     drivers_msp432p4x1xi.aem4f : List.oem4f (.text:List_put)
                  0001613e    00000026                                : List.oem4f (.text:List_remove)
                  00016164    00000026     mqtt_release.a : mqtt_common.oem4f (.text:MQTT_clCtxRemove)
                  0001618a    00000026     sysbios.aem4f : m3_Hwi_asm.obj (.text:ti_sysbios_family_arm_m3_Hwi_pendSV__I)
                  000161b0    00000024     slnetsock_release.a : slnetif.oem4f (.text:SlNetIf_getConnectionStatus)
                  000161d4    00000024     msp432p4xx_driverlib.lib : wdt_a.o (.text:WDT_A_holdTimer)
                  000161f8    00000024     simplelink.a : driver.obj (.text:_SlDrvIsApiInProgress)
                  0001621c    00000024                  : driver.obj (.text:_SlDrvStartMeasureTimeout)
                  00016240    00000024     mqtt_release.a : client_core.oem4f (.text:conn2usedCtxs)
                  00016264    00000024     rtsv7M4_T_le_v4SPD16_eabi.lib : memcmp.c.obj (.text:memcmp)
                  00016288    00000024     sysbios.aem4f : BIOS.obj (.text:pthread_attr_init)
                  000162ac    00000024     mqtt_release.a : client_core.oem4f (.text:recvHvecLoad)
                  000162d0    00000024     simplelink.a : wlan.obj (.text:sl_WlanDisconnect)
                  000162f4    00000024     release_pem4f.oem4f (.text:ti_sysbios_BIOS_registerRTSLock__I)
                  00016318    00000024     release_pem4f.oem4f (.text:ti_sysbios_BIOS_removeRTSLock__I)
                  0001633c    00000004     --HOLE-- [fill = 0]
                  00016340    00000024     sysbios.aem4f : BIOS.obj (.text:ti_sysbios_family_arm_msp432_ClockFreqs_setFrequency__E)
                  00016364    00000024     release_pem4f.oem4f (.text:ti_sysbios_gates_GateMutex_Object__delete__S)
                  00016388    00000024     sysbios.aem4f : BIOS.obj (.text:ti_sysbios_knl_Clock_Module_startup__E)
                  000163ac    00000024     release_pem4f.oem4f (.text:ti_sysbios_knl_Clock_Object__delete__S)
                  000163d0    00000024     sysbios.aem4f : BIOS.obj (.text:ti_sysbios_knl_Semaphore_Instance_init__E)
                  000163f4    00000024     release_pem4f.oem4f (.text:ti_sysbios_knl_Semaphore_Object__delete__S)
                  00016418    00000024     sysbios.aem4f : BIOS.obj (.text:ti_sysbios_knl_Task_restoreHwi__E)
                  0001643c    00000004     --HOLE-- [fill = 0]
                  00016440    00000024                   : BIOS.obj (.text:xdc_runtime_Error_policyMin__E)
                  00016464    00000004     --HOLE-- [fill = 0]
                  00016468    00000024                   : BIOS.obj (.text:xdc_runtime_System_abort__E)
                  0001648c    00000022     mqtt_release.a : mqtt_common.oem4f (.text:MQTT_packetProcMsgIdAckRx)
                  000164ae    00000002     --HOLE-- [fill = 0]
                  000164b0    00000020     msp432p4xx_driverlib.lib : cs.o (.text:CS_setExternalClockSourceFrequency)
                  000164d0    00000020     mqtt_release.a : mqtt_common.oem4f (.text:MQTT_qos2PubCqReset)
                  000164f0    00000020     drivers_msp432p4x1xi.aem4f : PowerMSP432.oem4f (.text:Power_unregisterNotify)
                  00016510    00000020                                : RingBuf.oem4f (.text:RingBuf_peek)
                  00016530    00000020     slnetifwifi.a : slnetifwifi.obj (.text:SlNetIfWifi_accept)
                  00016550    00000020     sysbios.aem4f : BIOS.obj (.text:sem_trywait)
                  00016570    00000020     mqtt_release.a : client_core.oem4f (.text:session311fix)
                  00016590    00000020     release_pem4f.oem4f (.text:ti_sysbios_BIOS_rtsLock__I)
                  000165b0    00000020     release_pem4f.oem4f (.text:ti_sysbios_family_arm_m3_Hwi_Object__delete__S)
                  000165d0    00000020     sysbios.aem4f : BIOS.obj (.text:ti_sysbios_family_arm_m3_Hwi_clearInterrupt__E)
                  000165f0    00000020     release_pem4f.oem4f (.text:ti_sysbios_gates_GateHwi_Object__delete__S)
                  00016610    00000020     release_pem4f.oem4f (.text:ti_sysbios_heaps_HeapMem_Object__delete__S)
                  00016630    00000020     sysbios.aem4f : BIOS.obj (.text:ti_sysbios_knl_Clock_getTicks__E)
                  00016650    00000020                   : BIOS.obj (.text:ti_sysbios_knl_Idle_run__E)
                  00016670    00000020     release_pem4f.oem4f (.text:ti_sysbios_knl_Semaphore_destruct)
                  00016690    00000020     release_pem4f.oem4f (.text:ti_sysbios_knl_Task_Object__delete__S)
                  000166b0    0000001e     mqtt_release.a : client_core.oem4f (.text:MQTTClientCore_alloc)
                  000166ce    0000001e                    : client_core.oem4f (.text:MQTTClientCore_ctxRun)
                  000166ec    0000001e     slnetifwifi.a : slnetifwifi.obj (.text:SlNetIfWifi_bind)
                  0001670a    0000001e                   : slnetifwifi.obj (.text:SlNetIfWifi_connect)
                  00016728    0000001e     mqtt_release.a : client_core.oem4f (.text:procNetDataRecv)
                  00016746    0000001e                    : client_core.oem4f (.text:sessionDelete)
                  00016764    0000001e     sysbios.aem4f : m3_Hwi_asm_switch.obj (.text:ti_sysbios_family_xxx_Hwi_switchAndRunFunc)
                  00016782    00000002     --HOLE-- [fill = 0]
                  00016784    0000001c     uart_term.obj (.text:Message)
                  000167a0    0000001c     simplelink.a : cc_pal.obj (.text:NwpPowerOff)
                  000167bc    0000001c                  : cc_pal.obj (.text:NwpPowerOn)
                  000167d8    0000001c                  : cc_pal.obj (.text:WiFi_init)
                  000167f4    0000001c                  : device.obj (.text:_SlDeviceGetStartResponseConvert)
                  00016810    0000001c                  : spawn.obj (.text:_SlInternalIsItSpawnThread)
                  0001682c    0000001c     mqtt_release.a : client_core.oem4f (.text:awaitsPkts)
                  00016848    0000001c     ti_drivers_config.obj (.text:dmaErrorFxn)
                  00016864    0000001c     mqtt_release.a : client_core.oem4f (.text:doNetCloseTx)
                  00016880    0000001c     sysbios.aem4f : BIOS.obj (.text:getClockTicks$41)
                  0001689c    0000001c     rtsv7M4_T_le_v4SPD16_eabi.lib : memccpy.c.obj (.text:memccpy)
                  000168b8    0000001c     mqtt_release.a : client_core.oem4f (.text:processRecv)
                  000168d4    00000004     --HOLE-- [fill = 0]
                  000168d8    0000001c     sysbios.aem4f : BIOS.obj (.text:ti_sysbios_family_arm_m3_Hwi_excHandler__I)
                  000168f4    00000004     --HOLE-- [fill = 0]
                  000168f8    0000001c                   : BIOS.obj (.text:ti_sysbios_gates_GateMutex_Instance_init__E)
                  00016914    00000004     --HOLE-- [fill = 0]
                  00016918    0000001c                   : BIOS.obj (.text:ti_sysbios_knl_Clock_Instance_finalize__E)
                  00016934    00000004     --HOLE-- [fill = 0]
                  00016938    0000001c                   : BIOS.obj (.text:ti_sysbios_knl_Clock_scheduleNextTick__E)
                  00016954    0000001c     release_pem4f.oem4f (.text:ti_sysbios_knl_Queue_destruct)
                  00016970    0000001c     sysbios.aem4f : BIOS.obj (.text:ti_sysbios_knl_Queue_get__E)
                  0001698c    00000004     --HOLE-- [fill = 0]
                  00016990    0000001c                   : BIOS.obj (.text:ti_sysbios_knl_Queue_put__E)
                  000169ac    00000004     --HOLE-- [fill = 0]
                  000169b0    0000001c                   : BIOS.obj (.text:ti_sysbios_knl_Task_enter__I)
                  000169cc    00000004     --HOLE-- [fill = 0]
                  000169d0    0000001c                   : BIOS.obj (.text:ti_sysbios_rts_ti_ReentSupport_getReent__F)
                  000169ec    0000001c     mqtt_release.a : client_core.oem4f (.text:usedCtxsTOSort)
                  00016a08    0000001c     sysbios.aem4f : BIOS.obj (.text:xdc_runtime_Memory_valloc__E)
                  00016a24    0000001a     mqtt_release.a : mqtt_common.oem4f (.text:MQTT_packetAckWlistPurge)
                  00016a3e    0000001a     slnetifwifi.a : slnetifwifi.obj (.text:SlNetIfWifi_listen)
                  00016a58    0000001a     rtsv7M4_T_le_v4SPD16_eabi.lib : s_copysign.c.obj (.text:copysign)
                  00016a72    0000001a     release_pem4f.oem4f (.text:free)
                  00016a8c    00000018     msp432p4xx_driverlib.lib : spi.o (.text:EUSCI_A_SPI_getInterruptStatus)
                  00016aa4    00000018                              : spi.o (.text:EUSCI_B_SPI_getInterruptStatus)
                  00016abc    00000018     mqtt_release.a : mqtt_common.oem4f (.text:MQTT_clCtxTimeoutUpdate)
                  00016ad4    00000018     msp432p4xx_driverlib.lib : sysctl_a.o (.text:SysCtl_A_disableNMISource)
                  00016aec    00000018                              : sysctl_a.o (.text:SysCtl_A_enableNMISource)
                  00016b04    00000018     drivers_msp432p4x1xi.aem4f : UART.oem4f (.text:UART_Params_init)
                  00016b1c    00000018     simplelink.a : driver.obj (.text:_SlDrvProtectionObjLockWaitForever)
                  00016b34    00000018                  : driver.obj (.text:_SlDrvProtectionObjUnLock)
                  00016b4c    00000018     rtsv7M4_T_le_v4SPD16_eabi.lib : args_main.c.obj (.text:_args_main)
                  00016b64    00000018                                   : snprintf.c.obj (.text:_outc)
                  00016b7c    00000018                                   : vsnprintf.c.obj (.text:_outc)
                  00016b94    00000018     mqtt_release.a : client_core.oem4f (.text:groupCtxsAdjWaitSecsGet)
                  00016bac    00000018                    : client_core.oem4f (.text:netClCtxFind)
                  00016bc4    00000018     rtsv7M4_T_le_v4SPD16_eabi.lib : strcmp.c.obj (.text:strcmp)
                  00016bdc    00000018     release_pem4f.oem4f (.text:ti_sysbios_BIOS_rtsUnlock__I)
                  00016bf4    00000018     release_pem4f.oem4f (.text:ti_sysbios_family_arm_m3_Hwi_Module__startupDone__F)
                  00016c0c    00000018     sysbios.aem4f : m3_TaskSupport_asm.obj (.text:ti_sysbios_family_arm_m3_TaskSupport_swap__E)
                  00016c24    00000018     release_pem4f.oem4f (.text:ti_sysbios_family_arm_msp432_Timer_Module__startupDone__F)
                  00016c3c    00000004     --HOLE-- [fill = 0]
                  00016c40    00000018     sysbios.aem4f : BIOS.obj (.text:ti_sysbios_gates_GateMutex_leave__E)
                  00016c58    00000018                   : BIOS.obj (.text:ti_sysbios_knl_Task_sleepTimeout__I)
                  00016c70    00000018     release_pem4f.oem4f (.text:ti_sysbios_rts_ti_ReentSupport_getTlsAddr__I)
                  00016c88    00000018     sysbios.aem4f : BIOS.obj (.text:xdc_runtime_Error_init__E)
                  00016ca0    00000018                   : BIOS.obj (.text:xdc_runtime_System_exit__E)
                  00016cb8    00000016     mqtt_release.a : mqtt_net_func.oem4f (.text:MQTTNet_commClose)
                  00016cce    00000016                    : mqtt_common.oem4f (.text:MQTT_clCtxReset)
                  00016ce4    00000016                    : mqtt_common.oem4f (.text:MQTT_packetFree)
                  00016cfa    00000016                    : mqtt_common.oem4f (.text:MQTT_packetInit)
                  00016d10    00000016     simplelink.a : driver.obj (.text:_SlDrvMemZero)
                  00016d26    00000002     --HOLE-- [fill = 0]
                  00016d28    00000016     sysbios.aem4f : BIOS.obj (.text:clockFxn$41)
                  00016d3e    00000002     --HOLE-- [fill = 0]
                  00016d40    00000016                   : BIOS.obj (.text:pthread_mutex_destroy)
                  00016d56    00000016     rtsv7M4_T_le_v4SPD16_eabi.lib : strchr.c.obj (.text:strchr)
                  00016d6c    00000016     release_pem4f.oem4f (.text:ti_sysbios_BIOS_exitFunc__I)
                  00016d82    00000006     mqtt_release.a : client_core.oem4f (.text:qos2PubRxIsDone)
                  00016d88    00000016     sysbios.aem4f : BIOS.obj (.text:ti_sysbios_knl_Clock_start__E)
                  00016d9e    00000002     --HOLE-- [fill = 0]
                  00016da0    00000016                   : BIOS.obj (.text:ti_sysbios_knl_Task_unblock__E)
                  00016db6    00000002     --HOLE-- [fill = 0]
                  00016db8    00000014     dpl_msp432p4x1xi.aem4f : ClockP_tirtos.oem4f (.text:ClockP_usleep)
                  00016dcc    00000014     mqtt_release.a : mqttclient.oem4f (.text:MQTTClient_publish)
                  00016de0    00000014                    : mqtt_net_func.oem4f (.text:MQTTNet_rtcSecs)
                  00016df4    00000014                    : mqtt_common.oem4f (.text:MQTT_packetAckWlistAppend)
                  00016e08    00000014                    : mqtt_common.oem4f (.text:MQTT_packetReset)
                  00016e1c    00000014     msp432p4xx_driverlib.lib : pcm.o (.text:PCM_getPowerState)
                  00016e30    00000014     drivers_msp432p4x1xi.aem4f : PowerMSP432.oem4f (.text:Power_idleFunc)
                  00016e44    00000014                                : SPI.oem4f (.text:SPI_Params_init)
                  00016e58    00000014     slnetsock_release.a : slnetsock.oem4f (.text:SlNetSock_sdsClrAll)
                  00016e6c    00000014     mqtt_release.a : client_core.oem4f (.text:ack1WlRmfree)
                  00016e80    00000014     drivers_msp432p4x1xi.aem4f : UARTMSP432.oem4f (.text:clearTXCPTIFG)
                  00016e94    00000004     --HOLE-- [fill = 0]
                  00016e98    00000014     sysbios.aem4f : BIOS.obj (.text:pthread_attr_setschedparam)
                  00016eac    00000014     rtsv7M4_T_le_v4SPD16_eabi.lib : strcpy.c.obj (.text:strcpy)
                  00016ec0    00000014                                   : strlen.c.obj (.text:strlen)
                  00016ed4    00000014     release_pem4f.oem4f (.text:ti_sysbios_family_arm_m3_Hwi_Object__get__S)
                  00016ee8    00000014     sysbios.aem4f : BIOS.obj (.text:ti_sysbios_family_arm_m3_Hwi_switchFromBootStack__E)
                  00016efc    00000014     release_pem4f.oem4f (.text:ti_sysbios_heaps_HeapMem_Object__get__S)
                  00016f10    00000014     release_pem4f.oem4f (.text:ti_sysbios_knl_Clock_doTick__I)
[...]
000175e1  HwiP_restore                                                    
000175e1  ti_sysbios_family_arm_m3_Hwi_restoreFxn__E                      
000175e1  ti_sysbios_hal_Hwi_HwiProxy_restore__E                          
000175e9  ti_sysbios_gates_GateHwi_leave__E                               
000175f1  ti_sysbios_heaps_HeapMem_isBlocking__E                          
000175f9  ti_sysbios_knl_Clock_stop__E                                    
00017601  ti_sysbios_knl_Queue_Instance_init__E                           
00017609  ti_sysbios_knl_Swi_startup__E                                   
00017611  xdc_runtime_System_Module_startup__E                            
00017619  __aeabi_errno_addr                                              
00017621  ti_sysbios_gates_GateHwi_query__E                               
00017621  xdc_runtime_Main_Module_GateProxy_query__E                      
00017621  xdc_runtime_System_Module_GateProxy_query__E                    
00017629  ti_sysbios_BIOS_RtsGateProxy_query__E                           
00017629  ti_sysbios_gates_GateMutex_query__E                             
00017629  ti_sysbios_heaps_HeapMem_Module_GateProxy_query__E              
00017631  ti_sysbios_knl_Clock_setTimeout__E                              
00017639  ti_sysbios_knl_Task_startup__E                                  
00017641  ti_sysbios_BIOS_linkedWithIncorrectBootLibrary__E               
00017649  ti_sysbios_gates_GateHwi_Instance_init__E                       
00017651  ti_sysbios_knl_Clock_logTick__E                                 
00017659  xdc_runtime_SysCallback_defaultAbort                            
00017661  xdc_runtime_SysCallback_defaultExit                             
00017669  xdc_runtime_System_abortSpin__E                                 
00017671  xdc_runtime_System_exitSpin__E                                  
00017674  _ctypes_                                                        
00017775  xdc_runtime_Error_policy__C                                     
00017776  OpcodeTranslateTable                                            
00017848  _SlActionLookupTable                                            
00017928  ti_sysbios_knl_Task_Object__PARAMS__C                           
00017964  PowerMSP432_config                                              
0001799c  ti_sysbios_knl_Mailbox_Object__PARAMS__C                        
00017a00  ti_sysbios_family_arm_m3_Hwi_Object__PARAMS__C                  
00017a5c  UARTMSP432_fxnTable                                             
00017a84  ti_sysbios_heaps_HeapMem_Module__FXNS__C                        
00017aac  UART_defaultParams                                              
00017ad0  spiMSP432DMAHWAttrs                                             
00017af4  ti_sysbios_gates_GateHwi_Module__FXNS__C                        
00017b18  ti_sysbios_gates_GateMutex_Module__FXNS__C                      
00017b3c  ti_sysbios_heaps_HeapMem_Object__PARAMS__C                      
00017b60  ti_sysbios_knl_Clock_Object__PARAMS__C                          
00017b84  ti_sysbios_knl_Semaphore_Object__PARAMS__C                      
00017ba8  xdc_runtime_Startup_sfxnTab__A                                  
00017bec  SPI_defaultParams                                               
00017c2c  TimerMSP432HWAttrs                                              
00017c4c  TimerMSP432_Timer32_fxnTable                                    
00017c8c  ti_sysbios_family_arm_m3_Hwi_Object__DESC__C                    
00017cac  ti_sysbios_gates_GateHwi_Object__DESC__C                        
00017ccc  ti_sysbios_gates_GateMutex_Object__DESC__C                      
00017cec  ti_sysbios_heaps_HeapMem_Object__DESC__C                        
00017d0c  ti_sysbios_knl_Clock_Object__DESC__C                            
00017d2c  ti_sysbios_knl_Mailbox_Object__DESC__C                          
00017d4c  ti_sysbios_knl_Queue_Object__DESC__C                            
00017d6c  ti_sysbios_knl_Semaphore_Object__DESC__C                        
00017d8c  ti_sysbios_knl_Task_Object__DESC__C                             
00017dac  SPIMSP432DMA_fxnTable                                           
00017dc4  Timer_config                                                    
00017ddc  ti_sysbios_gates_GateHwi_Object__PARAMS__C                      
00017df4  ti_sysbios_gates_GateMutex_Object__PARAMS__C                    
00017e0c  ti_sysbios_knl_Queue_Object__PARAMS__C                          
00017e24  ti_sysbios_knl_Task_hooks__A                                    
00017e7e  ti_sysbios_family_arm_m3_Hwi_Module__id__C                      
00017ee4  GPIOMSP432_config                                               
00017f0c  xdc_runtime_Startup_sfxnRts__A                                  
00017f1e  ti_sysbios_heaps_HeapMem_Module__id__C                          
00017f80  SPI_config                                                      
00017f8c  UART_config                                                     
00017fb0  udmaMSP432HWAttrs                                               
00017fbc  wifiSimplelinkHWAttrs                                           
00017fc8  xdc_runtime_Startup_firstFxns__A                                
00017fd4  UDMAMSP432_config                                               
00017ff4  heap0                                                           
00017ff8  tiposix_mqGate                                                  
00017ffc  ti_sysbios_knl_Idle_funcList__A                                 
00018004  ti_sysbios_knl_Idle_funcList__C                                 
0001800c  ti_sysbios_knl_Task_hooks__C                                    
00018014  xdc_runtime_Startup_firstFxns__C                                
0001801c  xdc_runtime_Startup_lastFxns__C                                 
00018030  Display_count                                                   
00018031  SPI_count                                                       
00018032  Timer_count                                                     
00018033  UART_count                                                      
00018034  Button_count                                                    
00018035  WiFi_count                                                      
00018058  WiFi_config                                                     
0001807c  _SlNetAppSendResponseCmdCtrl                                    
00018080  _SlNetAppSendTokenValueCmdCtrl                                  
000180b4  ti_sysbios_family_arm_m3_Hwi_E_alreadyDefined__C                
000180b8  ti_sysbios_family_arm_m3_Hwi_E_badIntNum__C                     
000180bc  ti_sysbios_family_arm_m3_Hwi_NUM_INTERRUPTS__C                  
000180c0  ti_sysbios_family_arm_m3_Hwi_Object__count__C                   
000180c4  ti_sysbios_family_arm_m3_Hwi_ccr__C                             
000180c8  ti_sysbios_family_arm_m3_Hwi_excHandlerFunc__C                  
000180cc  ti_sysbios_family_arm_m3_Hwi_nullIsrFunc__C                     
000180d0  ti_sysbios_family_arm_m3_Hwi_priGroup__C                        
000180d4  ti_sysbios_family_arm_m3_Hwi_swiDisable__C                      
000180d8  ti_sysbios_family_arm_m3_Hwi_swiRestore__C                      
000180dc  ti_sysbios_family_arm_m3_TaskSupport_stackAlignment__C          
000180e0  ti_sysbios_family_arm_msp432_Timer_numTimerDevices__C           
000180e4  ti_sysbios_family_arm_msp432_Timer_startupNeeded__C             
000180e8  ti_sysbios_gates_GateMutex_Instance_State_sem__O                
000180ec  ti_sysbios_heaps_HeapMem_E_memory__C                            
000180f0  ti_sysbios_heaps_HeapMem_Module__gateObj__C                     
000180f4  ti_sysbios_heaps_HeapMem_Object__count__C                       
000180f8  ti_sysbios_heaps_HeapMem_primaryHeapBaseAddr__C                 
000180fc  ti_sysbios_heaps_HeapMem_primaryHeapEndAddr__C                  
00018100  ti_sysbios_heaps_HeapMem_reqAlign__C                            
00018104  ti_sysbios_knl_Clock_Module_State_clockQ__O                     
00018108  ti_sysbios_knl_Clock_tickPeriod__C                              
0001810c  ti_sysbios_knl_Mailbox_Instance_State_dataQue__O                
00018110  ti_sysbios_knl_Mailbox_Instance_State_dataSem__O                
00018114  ti_sysbios_knl_Mailbox_Instance_State_freeQue__O                
00018118  ti_sysbios_knl_Mailbox_Instance_State_freeSem__O                
0001811c  ti_sysbios_knl_Mailbox_Object__count__C                         
00018120  ti_sysbios_knl_Mailbox_maxTypeAlign__C                          
00018124  ti_sysbios_knl_Semaphore_Instance_State_pendQ__O                
00018128  ti_sysbios_knl_Swi_Object__count__C                             
0001812c  ti_sysbios_knl_Task_Module_State_inactiveQ__O                   
00018130  ti_sysbios_knl_Task_Object__count__C                            
00018134  ti_sysbios_knl_Task_Object__heap__C                             
00018138  ti_sysbios_knl_Task_allBlockedFunc__C                           
0001813c  ti_sysbios_knl_Task_defaultStackHeap__C                         
00018140  ti_sysbios_knl_Task_defaultStackSize__C                         
00018144  ti_sysbios_knl_Task_numConstructedTasks__C                      
00018148  xdc_runtime_Error_E_memory__C                                   
0001814c  xdc_runtime_Error_policyFxn__C                                  
00018150  xdc_runtime_IGateProvider_Interface__BASE__C                    
00018154  xdc_runtime_IHeap_Interface__BASE__C                            
00018158  xdc_runtime_IModule_Interface__BASE__C                          
0001815c  xdc_runtime_Memory_defaultHeapInstance__C                       
00018160  xdc_runtime_Startup_execImpl__C                                 
00018164  xdc_runtime_Startup_maxPasses__C                                
00018168  xdc_runtime_Startup_sfxnRts__C                                  
0001816c  xdc_runtime_Startup_sfxnTab__C                                  
00018170  xdc_runtime_SysCallback_abortFxn__C                             
00018174  xdc_runtime_SysCallback_exitFxn__C                              
00018178  xdc_runtime_System_Module__gateObj__C                           
0001817c  xdc_runtime_System_abortFxn__C                                  
00018180  xdc_runtime_System_exitFxn__C                                   
00018184  xdc_runtime_System_maxAtexitHandlers__C                         
0001818e  xdc_runtime_Memory_Module__id__C                                
00018190  __TI_static_base__                                              
000184c4  __TI_Handler_Table_Base                                         
000184d0  __TI_Handler_Table_Limit                                        
000184d8  __TI_CINIT_Base                                                 
000184e8  __TI_CINIT_Limit                                                
20000000  __start___llvm_prf_cnts                                         
20000000  __stop___llvm_prf_cnts                                          
20000000  ti_sysbios_family_arm_m3_Hwi_ramVectors                         
20000140  __primary_heap_start__                                          
20008140  __primary_heap_end__                                            
20008a00  g_CB                                                            
20008dfc  clients                                                         
200090b0  ti_sysbios_knl_Task_Instance_State_0_stack__A                   
200092b0  ti_sysbios_family_arm_m3_Hwi_dispatchTable                      
200095d0  savedate                                                        
20009704  uartMSP432Objects                                               
20009784  timerMSP432Objects                                              
200097ec  msg_control                                                     
20009850  msg_info_data                                                   
200098fc  spiMSP432DMAObjects                                             
20009974  GlobalLockObj                                                   
200099a0  g_SlInternalSpawnCB                                             
200099c8  g_ucConnectionSSID                                              
20009a80  data_info                                                       
20009a94  MQTTClient_Lib_CB                                               
20009aa4  DeviceCB                                                        
20009ab0  Msg                                                             
20009abc  params1                                                         
20009ad0  g_ucConnectionBSSID                                             
20009ae4  ClockP_tickPeriod                                               
20009ae8  appQueue                                                        
20009aec  connected                                                       
20009af0  deinit                                                          
20009af4  mqttClientHandle                                                
20009af8  ti_sysbios_knl_Task_Instance_State_0_hookEnv__A                 
20009afc  timer0                                                          
20009b00  timer1                                                          
20009b04  MQTTClient_waitSecs                                             
20009b06  g_usConnectIndex                                                
20009b08  RxIrqCnt                                                        
20009b09  udmaMSP432Object                                                
20009b0c  PowerMSP432_perfLevels                                          
20009cd4  ti_sysbios_knl_Swi_Module_State_0_readyQ__A                     
20009d54  ti_sysbios_knl_Task_Module_State_0_readyQ__A                    
20009dd4  SlNetIfConfigWifi                                               
20009e2c  ti_sysbios_gates_GateMutex_Object__table__V                     
20009e80  ti_sysbios_knl_Task_Object__table__V                            
20009ecc  ti_sysbios_family_arm_msp432_Timer_Object__table__V             
20009f10  ti_sysbios_knl_Task_Module__state__V                            
20009f8c  ti_sysbios_family_arm_m3_Hwi_Module__state__V                   
20009fc0  ti_sysbios_knl_Swi_Object__table__V                             
20009ff0  PowerMSP432_module                                              
2000a01c  ti_sysbios_knl_Clock_Module__state__V                           
2000a048  MQTTClient_net                                                  
2000a070  g_LibsEvents                                                    
2000a094  g_UserEvents                                                    
2000a0b8  gpioCallbackFunctions                                           
2000a0dc  gpioPinConfigs                                                  
2000a100  ti_sysbios_BIOS_Module__state__V                                
2000a124  ti_sysbios_family_arm_msp432_Timer_Module_State_0_device__A     
2000a144  xdc_runtime_Error_IgnoreBlock                                   
2000a180  ti_sysbios_knl_Swi_Module__state__V                             
2000a19c  mqttClientParams                                                
2000a1b4  mqttConnParams                                                  
2000a1cc  ti_sysbios_family_arm_m3_Hwi_Object__table__V                   
2000a1e4  ti_sysbios_heaps_HeapMem_Object__table__V                       
2000a214  _tz                                                             
2000a234  ti_sysbios_family_arm_msp432_Timer_Module_State_0_handles__A    
2000a244  ClientId                                                        
2000a252  ti_sysbios_family_arm_m3_Hwi_Module_State_0_excActive__A        
2000a254  last                                                            
2000a258  now                                                             
2000a25c  counter                                                         
2000a260  mqttWillParams                                                  
2000a26c  g_ulStaIp                                                       
2000a270  g_ulGatewayIP                                                   
2000a274  g_ulStatus                                                      
2000a278  gGlobalLockCntRequested                                         
2000a279  gGlobalLockCntReleased                                          
2000a27a  g_SlDeviceStatus                                                
2000a27c  g_pCB                                                           
2000a280  pPingCallBackFunc                                               
2000a284  ti_sysbios_family_arm_msp432_ClockFreqs_Module__state__V        
2000a290  ti_sysbios_family_arm_msp432_Timer_Module__state__V             
2000a2a8  MQTTClient_closeContext                                         
2000a2ac  MQTTClient_clientContext                                        
2000a2b0  MQTTClient_multiSrvConn                                         
2000a2b4  _lock                                                           
2000a2b8  _unlock                                                         
2000a2bc  MQTTClient_clientCfg                                            
2000a2c4  mqttInitParams                                                  
2000a2cc  g_SpiFd                                                         
2000a2d0  g_Host_irq_Hndlr                                                
2000a2d4  ti_sysbios_family_arm_m3_Hwi_Module__root__V                    
2000a2dc  ti_sysbios_gates_GateHwi_Module__root__V                        
2000a2e4  ti_sysbios_gates_GateMutex_Module__root__V                      
2000a2ec  ti_sysbios_heaps_HeapMem_Module__root__V                        
2000a2f4  ti_sysbios_knl_Clock_Module__root__V                            
2000a2fc  ti_sysbios_knl_Mailbox_Module__root__V                          
2000a304  ti_sysbios_knl_Queue_Module__root__V                            
2000a30c  ti_sysbios_knl_Semaphore_Module__root__V                        
2000a314  ti_sysbios_knl_Task_Module__root__V                             
2000a31c  xdc_runtime_Startup_Module__state__V                            
2000a324  xdc_runtime_System_Module_State_0_atexitHandlers__A             
2000a32c  xdc_runtime_System_Module__state__V                             
2000a33c  MQTTClient_connectCfg                                           
2000a340  main_func_sp                                                    
2000a348  ti_sysbios_family_arm_m3_Hwi_Module_State_0_excContext__A       
2000a34c  ti_sysbios_family_arm_m3_Hwi_Module_State_0_excStack__A         
2000a350  ti_sysbios_gates_GateHwi_Object__table__V                       
2000a354  ti_sysbios_knl_Task_Module_State_0_idleTask__A                  
2000a358  ti_sysbios_rts_ti_ReentSupport_Module__state__V                 
2000a35c  xdc_runtime_Memory_Module__state__V                             
2003fc00  __stack                                                         
20040000  __STACK_END                                                     
4000480c  WDTCTL_SYM                                                      
e000e000  ti_sysbios_family_arm_m3_Hwi_nvic                               
ffffffff  __TI_pprof_out_hndl                                             
ffffffff  __TI_prof_data_size                                             
ffffffff  __TI_prof_data_start                                            
ffffffff  __binit__                                                       
ffffffff  __c_args__                                                      
ffffffff  binit                                                           
UNDEFED   SHT$$INIT_ARRAY$$Base                                           
UNDEFED   SHT$$INIT_ARRAY$$Limit                                          

[1009 symbols]
